<html>
<body>
<pre>
<h1>µVision Build Log</h1>
<h2>Project:</h2>
F:\GitHub\LPC2148\LPC2148_Stick\SampleCodes\Keil_Sample_Code\07c-ADC_LM35_TempSensor\07c-ADC_LM35_TempSensor.uvproj
Project File Date:  07/24/2016

<h2>Output:</h2>
Build target 'Target 1'
assembling Startup.s...
compiling main.c...
compiling adc.c...
compiling delay.c...
compiling systemInit.c...
compiling uart.c...
compiling gpio.c...
linking...
Program Size: Code=7236 RO-data=48 RW-data=0 ZI-data=1256  
FromELF: creating hex file...
"07c-ADC_LM35_TempSensor.axf" - 0 Error(s), 0 Warning(s).
Build target 'Target 1'
assembling Startup.s...
compiling main.c...
compiling adc.c...
compiling delay.c...
compiling systemInit.c...
compiling uart.c...
compiling gpio.c...
linking...
Program Size: Code=7244 RO-data=48 RW-data=0 ZI-data=1256  
FromELF: creating hex file...
"07c-ADC_LM35_TempSensor.axf" - 0 Error(s), 0 Warning(s).
Build target 'Target 1'
assembling Startup.s...
compiling main.c...
compiling adc.c...
compiling delay.c...
compiling systemInit.c...
compiling uart.c...
compiling gpio.c...
linking...
Program Size: Code=6756 RO-data=48 RW-data=0 ZI-data=1256  
FromELF: creating hex file...
"07c-ADC_LM35_TempSensor.axf" - 0 Error(s), 0 Warning(s).
Build target 'Target 1'
assembling Startup.s...
compiling main.c...
compiling adc.c...
compiling delay.c...
compiling systemInit.c...
compiling uart.c...
compiling gpio.c...
linking...
Program Size: Code=6756 RO-data=48 RW-data=0 ZI-data=1256  
FromELF: creating hex file...
"07c-ADC_LM35_TempSensor.axf" - 0 Error(s), 0 Warning(s).
Build target 'Target 1'
assembling Startup.s...
compiling main.c...
compiling adc.c...
compiling delay.c...
compiling systemInit.c...
compiling uart.c...
compiling gpio.c...
linking...
Program Size: Code=6756 RO-data=48 RW-data=0 ZI-data=1256  
FromELF: creating hex file...
"07c-ADC_LM35_TempSensor.axf" - 0 Error(s), 0 Warning(s).
Build target 'Target 1'
assembling Startup.s...
compiling main.c...
compiling adc.c...
compiling delay.c...
compiling systemInit.c...
compiling uart.c...
compiling gpio.c...
linking...
Program Size: Code=6756 RO-data=48 RW-data=0 ZI-data=1256  
FromELF: creating hex file...
"07c-ADC_LM35_TempSensor.axf" - 0 Error(s), 0 Warning(s).
