<html>
<body>
<pre>
<h1>µVision Build Log</h1>
<h2>Project:</h2>
F:\GitHub\LPC2148\LPC2148_Stick\software\TutorialExamples\Lcd4BitExample1\Lcd4BitExample1.uvproj
Project File Date:  07/20/2016

<h2>Output:</h2>
Build target 'Target 1'
assembling Startup.s...
compiling main.c...
linking...
Program Size: Code=1564 RO-data=16 RW-data=0 ZI-data=1256  
FromELF: creating hex file...
"Lcd4BitExample1.axf" - 0 Error(s), 0 Warning(s).
Build target 'Target 1'
assembling Startup.s...
compiling main.c...
linking...
Program Size: Code=1560 RO-data=16 RW-data=0 ZI-data=1256  
FromELF: creating hex file...
"Lcd4BitExample1.axf" - 0 Error(s), 0 Warning(s).
Build target 'Target 1'
assembling Startup.s...
compiling main.c...
linking...
Program Size: Code=1560 RO-data=16 RW-data=0 ZI-data=1256  
FromELF: creating hex file...
"Lcd4BitExample1.axf" - 0 Error(s), 0 Warning(s).
Build target 'Target 1'
assembling Startup.s...
compiling main.c...
linking...
Program Size: Code=1584 RO-data=16 RW-data=0 ZI-data=1256  
FromELF: creating hex file...
"Lcd4BitExample1.axf" - 0 Error(s), 0 Warning(s).
Build target 'Target 1'
assembling Startup.s...
compiling main.c...
main.c(29): error:  #127: expected a statement
main.c(26): warning:  #177-D: variable "j" was declared but never referenced
Target not created
Build target 'Target 1'
assembling Startup.s...
compiling main.c...
main.c(26): warning:  #177-D: variable "j" was declared but never referenced
linking...
Program Size: Code=1564 RO-data=16 RW-data=0 ZI-data=1256  
FromELF: creating hex file...
"Lcd4BitExample1.axf" - 0 Error(s), 1 Warning(s).
Build target 'Target 1'
assembling Startup.s...
compiling main.c...
linking...
Program Size: Code=1584 RO-data=16 RW-data=0 ZI-data=1256  
FromELF: creating hex file...
"Lcd4BitExample1.axf" - 0 Error(s), 0 Warning(s).
Build target 'Target 1'
assembling Startup.s...
compiling main.c...
linking...
Program Size: Code=1580 RO-data=16 RW-data=0 ZI-data=1256  
FromELF: creating hex file...
"Lcd4BitExample1.axf" - 0 Error(s), 0 Warning(s).
Build target 'Target 1'
assembling Startup.s...
compiling main.c...
linking...
Program Size: Code=1580 RO-data=16 RW-data=0 ZI-data=1256  
FromELF: creating hex file...
"Lcd4BitExample1.axf" - 0 Error(s), 0 Warning(s).
