<html>
<body>
<pre>
<h1>µVision Build Log</h1>
<h2>Project:</h2>
F:\GitHub\LPC2148\LPC2148_Stick\software\TutorialExamples\UartExample2\UartExample2.uvproj
Project File Date:  07/21/2016

<h2>Output:</h2>
Build target 'Target 1'
assembling Startup.s...
compiling main.c...
main.c(6): warning:  #223-D: function "SystemInit" declared implicitly
main.c(17): warning:  #1-D: last line of file ends without a newline
compiling gpio.c...
compiling systemInit.c...
compiling uart.c...
..\..\Keil_Sample_Code\00-libfiles\uart.c(112): error:  #20: identifier "pclk" is undefined
Target not created
Build target 'Target 1'
assembling Startup.s...
compiling main.c...
main.c(18): warning:  #1-D: last line of file ends without a newline
compiling gpio.c...
compiling systemInit.c...
compiling uart.c...
..\..\Keil_Sample_Code\00-libfiles\uart.c(112): error:  #20: identifier "pclk" is undefined
Target not created
Build target 'Target 1'
assembling Startup.s...
compiling main.c...
compiling gpio.c...
compiling systemInit.c...
compiling uart.c...
linking...
Program Size: Code=5684 RO-data=152 RW-data=0 ZI-data=1256  
FromELF: creating hex file...
"UartExample2.axf" - 0 Error(s), 0 Warning(s).
