<html>
<body>
<pre>
<h1>µVision Build Log</h1>
<h2>Project:</h2>
F:\GitHub\LPC2148\LPC2148_Stick\SampleCodes\Keil_Sample_Code\08a-Eeprom_Byte_RdWr\08a-Eeprom_Byte_RdWr.uvproj
Project File Date:  07/25/2016

<h2>Output:</h2>
Build target 'Target 1'
assembling Startup.s...
compiling main.c...
main.c(50): error:  #20: identifier "P2_0" is undefined
main.c(50): error:  #20: identifier "P2_1" is undefined
compiling delay.c...
compiling eeprom.c...
compiling gpio.c...
compiling systemInit.c...
compiling uart.c...
compiling softi2c.c...
Target not created
Build target 'Target 1'
assembling Startup.s...
compiling main.c...
compiling delay.c...
compiling eeprom.c...
compiling gpio.c...
compiling systemInit.c...
compiling uart.c...
compiling softi2c.c...
linking...
Program Size: Code=7204 RO-data=32 RW-data=4 ZI-data=1260  
FromELF: creating hex file...
"08a-Eeprom_Byte_RdWr.axf" - 0 Error(s), 0 Warning(s).
Build target 'Target 1'
assembling Startup.s...
compiling main.c...
compiling delay.c...
compiling eeprom.c...
compiling gpio.c...
compiling systemInit.c...
compiling uart.c...
compiling softi2c.c...
linking...
Program Size: Code=7204 RO-data=32 RW-data=4 ZI-data=1260  
FromELF: creating hex file...
"08a-Eeprom_Byte_RdWr.axf" - 0 Error(s), 0 Warning(s).
Build target 'Target 1'
assembling Startup.s...
compiling main.c...
compiling delay.c...
compiling eeprom.c...
compiling gpio.c...
compiling systemInit.c...
compiling uart.c...
compiling softi2c.c...
linking...
Program Size: Code=7204 RO-data=32 RW-data=4 ZI-data=1260  
FromELF: creating hex file...
"08a-Eeprom_Byte_RdWr.axf" - 0 Error(s), 0 Warning(s).
Build target 'Target 1'
assembling Startup.s...
compiling main.c...
compiling delay.c...
compiling eeprom.c...
compiling gpio.c...
compiling systemInit.c...
compiling uart.c...
compiling softi2c.c...
linking...
Program Size: Code=7204 RO-data=32 RW-data=4 ZI-data=1260  
FromELF: creating hex file...
"08a-Eeprom_Byte_RdWr.axf" - 0 Error(s), 0 Warning(s).
