<html>
<body>
<pre>
<h1>µVision Build Log</h1>
<h2>Project:</h2>
F:\GitHub\LPC2148\LPC2148_Stick\SampleCodes\Keil_Sample_Code\11c-PWM_RGB_VIBGYOR\11c-PWM_RGB_VIBGYOR.uvproj
Project File Date:  07/25/2016

<h2>Output:</h2>
Build target 'Target 1'
assembling Startup.s...
compiling main.c...
main.c(50): error:  #20: identifier "P2_0" is undefined
main.c(50): error:  #20: identifier "P2_1" is undefined
main.c(50): error:  #20: identifier "P2_2" is undefined
compiling delay.c...
compiling gpio.c...
compiling pwm.c...
compiling systemInit.c...
compiling uart.c...
Target not created
Build target 'Target 1'
assembling Startup.s...
compiling main.c...
compiling delay.c...
compiling gpio.c...
compiling pwm.c...
compiling systemInit.c...
compiling uart.c...
linking...
Program Size: Code=7364 RO-data=32 RW-data=4 ZI-data=1260  
FromELF: creating hex file...
"11c-PWM_RGB_VIBGYOR.axf" - 0 Error(s), 0 Warning(s).
Build target 'Target 1'
assembling Startup.s...
compiling main.c...
compiling delay.c...
compiling gpio.c...
compiling pwm.c...
compiling systemInit.c...
compiling uart.c...
linking...
Program Size: Code=7364 RO-data=32 RW-data=4 ZI-data=1260  
FromELF: creating hex file...
"11c-PWM_RGB_VIBGYOR.axf" - 0 Error(s), 0 Warning(s).
