<html>
<body>
<pre>
<h1>µVision Build Log</h1>
<h2>Project:</h2>
F:\GitHub\LPC2148\LPC2148_Stick\SampleCodes\TutorialExamples\PWM_Example1\PWM_Example1.uvproj
Project File Date:  07/23/2016

<h2>Output:</h2>
Build target 'Target 1'
assembling Startup.s...
compiling main.c...
main.c(83): warning:  #1-D: last line of file ends without a newline
compiling systemInit.c...
linking...
Program Size: Code=1104 RO-data=16 RW-data=0 ZI-data=1256  
FromELF: creating hex file...
"PWM_Example1.axf" - 0 Error(s), 1 Warning(s).
Build target 'Target 1'
assembling Startup.s...
compiling main.c...
compiling systemInit.c...
linking...
Program Size: Code=1104 RO-data=16 RW-data=0 ZI-data=1256  
FromELF: creating hex file...
"PWM_Example1.axf" - 0 Error(s), 0 Warning(s).
Build target 'Target 1'
assembling Startup.s...
compiling main.c...
compiling systemInit.c...
linking...
Program Size: Code=1108 RO-data=16 RW-data=0 ZI-data=1256  
FromELF: creating hex file...
"PWM_Example1.axf" - 0 Error(s), 0 Warning(s).
Build target 'Target 1'
assembling Startup.s...
compiling main.c...
compiling systemInit.c...
linking...
Program Size: Code=1108 RO-data=16 RW-data=0 ZI-data=1256  
FromELF: creating hex file...
"PWM_Example1.axf" - 0 Error(s), 0 Warning(s).
Build target 'Target 1'
assembling Startup.s...
compiling main.c...
compiling systemInit.c...
linking...
Program Size: Code=1108 RO-data=16 RW-data=0 ZI-data=1256  
FromELF: creating hex file...
"PWM_Example1.axf" - 0 Error(s), 0 Warning(s).
Build target 'Target 1'
assembling Startup.s...
compiling main.c...
compiling systemInit.c...
linking...
Program Size: Code=1108 RO-data=16 RW-data=0 ZI-data=1256  
FromELF: creating hex file...
"PWM_Example1.axf" - 0 Error(s), 0 Warning(s).
Build target 'Target 1'
assembling Startup.s...
compiling main.c...
compiling systemInit.c...
linking...
Program Size: Code=1116 RO-data=16 RW-data=0 ZI-data=1256  
FromELF: creating hex file...
"PWM_Example1.axf" - 0 Error(s), 0 Warning(s).
Build target 'Target 1'
assembling Startup.s...
compiling main.c...
compiling systemInit.c...
linking...
Program Size: Code=1116 RO-data=16 RW-data=0 ZI-data=1256  
FromELF: creating hex file...
"PWM_Example1.axf" - 0 Error(s), 0 Warning(s).
