<html>
<body>
<pre>
<h1>µVision Build Log</h1>
<h2>Project:</h2>
F:\GitHub\LPC2148\LPC2148_Stick\SampleCodes\Keil_Sample_Code\10a-Keypad_UART\10a-Keypad_UART.uvproj
Project File Date:  07/25/2016

<h2>Output:</h2>
Build target 'Target 1'
assembling Startup.s...
compiling main.c...
main.c(28): error:  #5: cannot open source input file "systemInit.h": No such file or directory
compiling delay.c...
compiling gpio.c...
compiling keypad.c...
compiling systemInit.c...
compiling uart.c...
Target not created
Build target 'Target 1'
assembling Startup.s...
compiling main.c...
compiling delay.c...
compiling gpio.c...
compiling keypad.c...
compiling systemInit.c...
compiling uart.c...
linking...
Program Size: Code=6644 RO-data=48 RW-data=8 ZI-data=1256  
FromELF: creating hex file...
"10a-Keypad_UART.axf" - 0 Error(s), 0 Warning(s).
