<html>
<body>
<pre>
<h1>µVision Build Log</h1>
<h2>Project:</h2>
F:\GitHub\LPC2148\LPC2148_Stick\SampleCodes\Keil_Sample_Code\08b-Eeprom_String_RdWr\08b-Eeprom_String_RdWr.uvproj
Project File Date:  07/25/2016

<h2>Output:</h2>
Build target 'Target 1'
assembling Startup.s...
compiling main.c...
main.c(30): error:  #5: cannot open source input file "uart.h": No such file or directory
compiling delay.c...
compiling eeprom.c...
compiling gpio.c...
compiling softi2c.c...
compiling systemInit.c...
compiling uart.c...
Target not created
Build target 'Target 1'
assembling Startup.s...
compiling main.c...
main.c(41): warning:  #69-D: integer conversion resulted in truncation
main.c(41): error:  #165: too few arguments in function call
main.c(43): error:  #167: argument of type "char *" is incompatible with parameter of type "uint8_t"
main.c(43): warning:  #167-D: argument of type "unsigned char *" is incompatible with parameter of type "const char *"
main.c(44): warning:  #167-D: argument of type "unsigned char *" is incompatible with parameter of type "char *"
main.c(47): warning:  #167-D: argument of type "unsigned char *" is incompatible with parameter of type "char *"
main.c(48): error:  #167: argument of type "char *" is incompatible with parameter of type "uint8_t"
main.c(48): warning:  #167-D: argument of type "unsigned char *" is incompatible with parameter of type "const char *"
main.c(52): warning:  #111-D: statement is unreachable
compiling delay.c...
compiling eeprom.c...
compiling gpio.c...
compiling softi2c.c...
compiling systemInit.c...
compiling uart.c...
Target not created
Build target 'Target 1'
assembling Startup.s...
compiling main.c...
main.c(41): warning:  #69-D: integer conversion resulted in truncation
main.c(41): error:  #165: too few arguments in function call
main.c(43): error:  #167: argument of type "char *" is incompatible with parameter of type "uint8_t"
main.c(43): warning:  #167-D: argument of type "uint8_t *" is incompatible with parameter of type "const char *"
main.c(44): warning:  #167-D: argument of type "uint8_t *" is incompatible with parameter of type "char *"
main.c(47): warning:  #167-D: argument of type "uint8_t *" is incompatible with parameter of type "char *"
main.c(48): error:  #167: argument of type "char *" is incompatible with parameter of type "uint8_t"
main.c(48): warning:  #167-D: argument of type "uint8_t *" is incompatible with parameter of type "const char *"
main.c(52): warning:  #111-D: statement is unreachable
compiling delay.c...
compiling eeprom.c...
compiling gpio.c...
compiling softi2c.c...
compiling systemInit.c...
compiling uart.c...
Target not created
Build target 'Target 1'
assembling Startup.s...
compiling main.c...
main.c(44): warning:  #167-D: argument of type "uint8_t *" is incompatible with parameter of type "char *"
main.c(47): warning:  #167-D: argument of type "uint8_t *" is incompatible with parameter of type "char *"
compiling delay.c...
compiling eeprom.c...
compiling gpio.c...
compiling softi2c.c...
compiling systemInit.c...
compiling uart.c...
linking...
Program Size: Code=7332 RO-data=32 RW-data=4 ZI-data=1260  
FromELF: creating hex file...
"08b-Eeprom_String_RdWr.axf" - 0 Error(s), 2 Warning(s).
Build target 'Target 1'
assembling Startup.s...
compiling main.c...
compiling delay.c...
compiling eeprom.c...
compiling gpio.c...
compiling softi2c.c...
compiling systemInit.c...
compiling uart.c...
linking...
Program Size: Code=7332 RO-data=32 RW-data=4 ZI-data=1260  
FromELF: creating hex file...
"08b-Eeprom_String_RdWr.axf" - 0 Error(s), 0 Warning(s).
Build target 'Target 1'
assembling Startup.s...
compiling main.c...
compiling delay.c...
compiling eeprom.c...
compiling gpio.c...
compiling softi2c.c...
compiling systemInit.c...
compiling uart.c...
linking...
Program Size: Code=7348 RO-data=32 RW-data=4 ZI-data=1260  
FromELF: creating hex file...
"08b-Eeprom_String_RdWr.axf" - 0 Error(s), 0 Warning(s).
