<html>
<body>
<pre>
<h1>µVision Build Log</h1>
<h2>Project:</h2>
F:\GitHub\LPC2148\LPC2148_Stick\SampleCodes\Keil_Sample_Code\06e-UART_String_RxTx_Lcd\06e-UART_String_RxTx_Lcd.uvproj
Project File Date:  07/24/2016

<h2>Output:</h2>
Build target 'Target 1'
assembling Startup.s...
compiling main.c...
compiling delay.c...
compiling gpio.c...
compiling lcd.c...
compiling systemInit.c...
compiling uart.c...
linking...
Program Size: Code=10808 RO-data=32 RW-data=8 ZI-data=1272  
FromELF: creating hex file...
"06e-UART_String_RxTx_Lcd.axf" - 0 Error(s), 0 Warning(s).
