<html>
<body>
<pre>
<h1>µVision Build Log</h1>
<h2>Project:</h2>
D:\work_space\updatedLib\LPC2148\UART\UartCommunication.uvproj
Project File Date:  08/17/2015

<h2>Output:</h2>
Build target 'Target 1'
assembling Startup.s...
compiling gpio.c...
compiling main.c...
main.c(34): warning:  #951-D: return type of function "main" must be "int"
compiling uart.c...
linking...
Program Size: Code=5820 RO-data=16 RW-data=0 ZI-data=1256  
FromELF: creating hex file...
"UartCommunication.axf" - 0 Error(s), 1 Warning(s).
Build target 'Target 1'
assembling Startup.s...
compiling gpio.c...
compiling main.c...
main.c(34): warning:  #951-D: return type of function "main" must be "int"
compiling uart.c...
linking...
Program Size: Code=5820 RO-data=16 RW-data=0 ZI-data=1256  
FromELF: creating hex file...
"UartCommunication.axf" - 0 Error(s), 1 Warning(s).
Build target 'Target 1'
assembling Startup.s...
compiling gpio.c...
compiling main.c...
main.c(34): warning:  #951-D: return type of function "main" must be "int"
compiling uart.c...
linking...
Program Size: Code=5824 RO-data=16 RW-data=0 ZI-data=1256  
FromELF: creating hex file...
"UartCommunication.axf" - 0 Error(s), 1 Warning(s).
Build target 'Target 1'
assembling Startup.s...
compiling gpio.c...
compiling main.c...
main.c(34): warning:  #951-D: return type of function "main" must be "int"
compiling uart.c...
linking...
Program Size: Code=5824 RO-data=16 RW-data=0 ZI-data=1256  
FromELF: creating hex file...
"UartCommunication.axf" - 0 Error(s), 1 Warning(s).
Build target 'Target 1'
assembling Startup.s...
compiling gpio.c...
compiling main.c...
main.c(34): warning:  #951-D: return type of function "main" must be "int"
compiling uart.c...
linking...
Program Size: Code=5860 RO-data=16 RW-data=0 ZI-data=1256  
FromELF: creating hex file...
"UartCommunication.axf" - 0 Error(s), 1 Warning(s).
Build target 'Target 1'
assembling Startup.s...
compiling gpio.c...
compiling main.c...
main.c(34): warning:  #951-D: return type of function "main" must be "int"
compiling uart.c...
linking...
Program Size: Code=5860 RO-data=16 RW-data=0 ZI-data=1256  
FromELF: creating hex file...
User command #1: fromelf --bin UartCommunication.axf -o UartCommunication.bin
"UartCommunication.axf" - 0 Error(s), 1 Warning(s).
Build target 'Target 1'
assembling Startup.s...
compiling gpio.c...
compiling main.c...
main.c(34): warning:  #951-D: return type of function "main" must be "int"
compiling uart.c...
linking...
Program Size: Code=5860 RO-data=16 RW-data=0 ZI-data=1256  
FromELF: creating hex file...
User command #1: fromelf --bin UartCommunication.axf -o UartCommunication.bin
"UartCommunication.axf" - 0 Error(s), 1 Warning(s).
Build target 'Target 1'
assembling Startup.s...
compiling gpio.c...
compiling main.c...
main.c(34): warning:  #951-D: return type of function "main" must be "int"
compiling uart.c...
linking...
Program Size: Code=5860 RO-data=16 RW-data=0 ZI-data=1256  
FromELF: creating hex file...
User command #1: fromelf --bin UartCommunication.axf -o UartCommunication.bin
"UartCommunication.axf" - 0 Error(s), 1 Warning(s).
Build target 'Target 1'
assembling Startup.s...
compiling gpio.c...
compiling main.c...
main.c(34): warning:  #951-D: return type of function "main" must be "int"
compiling uart.c...
linking...
Program Size: Code=5856 RO-data=16 RW-data=0 ZI-data=1256  
FromELF: creating hex file...
User command #1: fromelf --bin UartCommunication.axf -o UartCommunication.bin
"UartCommunication.axf" - 0 Error(s), 1 Warning(s).
Build target 'Target 1'
assembling Startup.s...
compiling gpio.c...
compiling main.c...
main.c(34): warning:  #951-D: return type of function "main" must be "int"
compiling uart.c...
linking...
Program Size: Code=5856 RO-data=16 RW-data=0 ZI-data=1256  
FromELF: creating hex file...
User command #1: fromelf --bin UartCommunication.axf -o UartCommunication.bin
"UartCommunication.axf" - 0 Error(s), 1 Warning(s).
Build target 'Target 1'
assembling Startup.s...
compiling gpio.c...
compiling main.c...
main.c(34): warning:  #951-D: return type of function "main" must be "int"
compiling uart.c...
linking...
Program Size: Code=5860 RO-data=16 RW-data=0 ZI-data=1256  
FromELF: creating hex file...
User command #1: fromelf --bin UartCommunication.axf -o UartCommunication.bin
"UartCommunication.axf" - 0 Error(s), 1 Warning(s).
Build target 'Target 1'
assembling Startup.s...
compiling gpio.c...
compiling main.c...
main.c(34): warning:  #951-D: return type of function "main" must be "int"
compiling uart.c...
linking...
Program Size: Code=5860 RO-data=16 RW-data=0 ZI-data=1256  
FromELF: creating hex file...
User command #1: fromelf --bin UartCommunication.axf -o UartCommunication.bin
"UartCommunication.axf" - 0 Error(s), 1 Warning(s).
