<html>
<body>
<pre>
<h1>µVision Build Log</h1>
<h2>Project:</h2>
F:\GitHub\LPC2148\LPC2148_Stick\software\TutorialExamples\Lcd8BitExample1\Lcd8BitExample1.uvproj
Project File Date:  07/21/2016

<h2>Output:</h2>
Build target 'Target 1'
assembling Startup.s...
linking...
Lcd8BitExample1.axf: Warning: L6665W: Neither Lib$$Request$$armlib Lib$$Request$$cpplib defined, not searching ARM libraries.
Lcd8BitExample1.axf: Error: L6411E: No compatible library exists with a definition of startup symbol __main.
Target not created
Build target 'Target 1'
assembling Startup.s...
compiling main.c...
main.c(81): warning:  #951-D: return type of function "main" must be "int"
linking...
Program Size: Code=1180 RO-data=16 RW-data=0 ZI-data=1256  
"Lcd8BitExample1.axf" - 0 Error(s), 1 Warning(s).
Build target 'Target 1'
assembling Startup.s...
compiling main.c...
main.c(114): warning:  #111-D: statement is unreachable
linking...
Program Size: Code=1180 RO-data=16 RW-data=0 ZI-data=1256  
"Lcd8BitExample1.axf" - 0 Error(s), 1 Warning(s).
Build target 'Target 1'
assembling Startup.s...
compiling main.c...
linking...
Program Size: Code=1180 RO-data=16 RW-data=0 ZI-data=1256  
"Lcd8BitExample1.axf" - 0 Error(s), 0 Warning(s).
Build target 'Target 1'
assembling Startup.s...
compiling main.c...
linking...
Program Size: Code=1180 RO-data=16 RW-data=0 ZI-data=1256  
"Lcd8BitExample1.axf" - 0 Error(s), 0 Warning(s).
Build target 'Target 1'
assembling Startup.s...
compiling main.c...
linking...
Program Size: Code=1180 RO-data=16 RW-data=0 ZI-data=1256  
"Lcd8BitExample1.axf" - 0 Error(s), 0 Warning(s).
Build target 'Target 1'
assembling Startup.s...
compiling main.c...
linking...
Program Size: Code=1180 RO-data=16 RW-data=0 ZI-data=1256  
"Lcd8BitExample1.axf" - 0 Error(s), 0 Warning(s).
Build target 'Target 1'
assembling Startup.s...
compiling main.c...
linking...
Program Size: Code=1180 RO-data=16 RW-data=0 ZI-data=1256  
FromELF: creating hex file...
"Lcd8BitExample1.axf" - 0 Error(s), 0 Warning(s).
Build target 'Target 1'
assembling Startup.s...
compiling main.c...
linking...
Program Size: Code=1452 RO-data=16 RW-data=0 ZI-data=1256  
FromELF: creating hex file...
"Lcd8BitExample1.axf" - 0 Error(s), 0 Warning(s).
Build target 'Target 1'
assembling Startup.s...
compiling main.c...
linking...
Program Size: Code=1468 RO-data=16 RW-data=0 ZI-data=1256  
FromELF: creating hex file...
"Lcd8BitExample1.axf" - 0 Error(s), 0 Warning(s).
Build target 'Target 1'
assembling Startup.s...
compiling main.c...
linking...
Program Size: Code=1468 RO-data=16 RW-data=0 ZI-data=1256  
FromELF: creating hex file...
"Lcd8BitExample1.axf" - 0 Error(s), 0 Warning(s).
Build target 'Target 1'
linking...
Program Size: Code=1468 RO-data=16 RW-data=0 ZI-data=1256  
FromELF: creating hex file...
"Lcd8BitExample1.axf" - 0 Error(s), 0 Warning(s).
Build target 'Target 1'
assembling Startup.s...
compiling main.c...
linking...
Program Size: Code=1468 RO-data=16 RW-data=0 ZI-data=1256  
FromELF: creating hex file...
"Lcd8BitExample1.axf" - 0 Error(s), 0 Warning(s).
Build target 'Target 1'
assembling Startup.s...
compiling main.c...
linking...
Program Size: Code=1468 RO-data=16 RW-data=0 ZI-data=1256  
FromELF: creating hex file...
"Lcd8BitExample1.axf" - 0 Error(s), 0 Warning(s).
Build target 'Target 1'
assembling Startup.s...
compiling main.c...
linking...
Program Size: Code=1468 RO-data=16 RW-data=0 ZI-data=1256  
FromELF: creating hex file...
"Lcd8BitExample1.axf" - 0 Error(s), 0 Warning(s).
