<html>
<body>
<pre>
<h1>µVision Build Log</h1>
<h2>Project:</h2>
F:\GitHub\LPC2148\LPC2148_Stick\software\TutorialExamples\UartExample1\UartExample1.uvproj
Project File Date:  07/21/2016

<h2>Output:</h2>
Build target 'Target 1'
assembling Startup.s...
compiling main.c...
compiling systemInit.c...
linking...
Program Size: Code=1688 RO-data=16 RW-data=0 ZI-data=1256  
FromELF: creating hex file...
"UartExample1.axf" - 0 Error(s), 0 Warning(s).
Build target 'Target 1'
assembling Startup.s...
compiling main.c...
compiling systemInit.c...
linking...
Program Size: Code=1688 RO-data=16 RW-data=0 ZI-data=1256  
FromELF: creating hex file...
"UartExample1.axf" - 0 Error(s), 0 Warning(s).
