ARM Linker, 4.1 [Build 561] [Evaluation]

==============================================================================

Section Cross References

    startup.o(STACK) refers (Special) to heapauxi.o(.text) for __use_two_region_memory
    startup.o(HEAP) refers (Special) to heapauxi.o(.text) for __use_two_region_memory
    startup.o(RESET) refers (Special) to heapauxi.o(.text) for __use_two_region_memory
    startup.o(RESET) refers to startup.o(STACK) for Stack_Top
    startup.o(RESET) refers to __main.o(!!!main) for __main
    startup.o(.text) refers (Special) to heapauxi.o(.text) for __use_two_region_memory
    startup.o(.text) refers to startup.o(HEAP) for Heap_Mem
    startup.o(.text) refers to startup.o(STACK) for Stack_Mem
    main.o(.text) refers to systeminit.o(.text) for SystemInit
    main.o(.text) refers to lcd.o(.text) for LCD_SetUp
    main.o(.text) refers to uart.o(.text) for UART_Init
    lcd.o(.text) refers to gpio.o(.text) for GPIO_PinDirection
    lcd.o(.text) refers to delay.o(.text) for DELAY_us
    lcd.o(.text) refers to aeabi_sdiv.o(.text_udiv) for __aeabi_uidivmod
    lcd.o(.text) refers to dfixu.o(x$fpl$dfixu) for __aeabi_d2uiz
    lcd.o(.text) refers to dflt_noclz.o(x$fpl$dfltu) for __aeabi_ui2d
    lcd.o(.text) refers to daddsub_noclz.o(x$fpl$drsb) for __aeabi_drsub
    lcd.o(.text) refers to dmul.o(x$fpl$dmul) for __aeabi_dmul
    lcd.o(.text) refers to lcd.o(.bss) for LCDConfig
    lcd.o(.text) refers to lcd.o(.data) for v_LcdTrackCursorPos_U8
    uart.o(.text) refers to aeabi_sdiv.o(.text_udiv) for __aeabi_uidivmod
    uart.o(.text) refers to gpio.o(.text) for GPIO_PinFunction
    uart.o(.text) refers to ffixu.o(x$fpl$ffixu) for __aeabi_f2uiz
    uart.o(.text) refers to fflt_noclz.o(x$fpl$ffltu) for __aeabi_ui2f
    uart.o(.text) refers to faddsub_noclz.o(x$fpl$frsb) for __aeabi_frsub
    uart.o(.text) refers to fmul.o(x$fpl$fmul) for __aeabi_fmul
    uart.o(.text) refers to d2f.o(x$fpl$d2f) for __aeabi_d2f
    aeabi_sdiv.o(.text_udiv) refers to aeabi_sdiv.o(.text) for __arm_div2
    aeabi_sdiv_div0.o(.text_udiv) refers to aeabi_sdiv_div0.o(.text) for __arm_div2
    __main.o(!!!main) refers to rtentry.o(.ARM.Collect$$rtentry$$00000000) for __rt_entry
    d2f.o(x$fpl$d2f) refers (Special) to usenofp.o(x$fpl$usenofp) for __I$use$fp
    d2f.o(x$fpl$d2f) refers to fretinf.o(x$fpl$fretinf) for __fpl_fretinf
    d2f.o(x$fpl$d2f) refers to dnaninf.o(x$fpl$dnaninf) for __fpl_dnaninf
    daddsub_noclz.o(x$fpl$dadd) refers (Special) to usenofp.o(x$fpl$usenofp) for __I$use$fp
    daddsub_noclz.o(x$fpl$dadd) refers to daddsub_noclz.o(x$fpl$dsub) for _dsub1
    daddsub_noclz.o(x$fpl$dadd) refers to dretinf.o(x$fpl$dretinf) for __fpl_dretinf
    daddsub_noclz.o(x$fpl$dadd) refers to dnaninf.o(x$fpl$dnaninf) for __fpl_dnaninf
    daddsub_noclz.o(x$fpl$drsb) refers (Special) to usenofp.o(x$fpl$usenofp) for __I$use$fp
    daddsub_noclz.o(x$fpl$drsb) refers to daddsub_noclz.o(x$fpl$dadd) for _dadd1
    daddsub_noclz.o(x$fpl$drsb) refers to daddsub_noclz.o(x$fpl$dsub) for _dsub1
    daddsub_noclz.o(x$fpl$dsub) refers (Special) to usenofp.o(x$fpl$usenofp) for __I$use$fp
    daddsub_noclz.o(x$fpl$dsub) refers to daddsub_noclz.o(x$fpl$dadd) for _dadd1
    daddsub_noclz.o(x$fpl$dsub) refers to dnaninf.o(x$fpl$dnaninf) for __fpl_dnaninf
    dfixu.o(x$fpl$dfixu) refers (Special) to usenofp.o(x$fpl$usenofp) for __I$use$fp
    dfixu.o(x$fpl$dfixu) refers to dnaninf.o(x$fpl$dnaninf) for __fpl_dnaninf
    dfixu.o(x$fpl$dfixur) refers (Special) to usenofp.o(x$fpl$usenofp) for __I$use$fp
    dfixu.o(x$fpl$dfixur) refers to dnaninf.o(x$fpl$dnaninf) for __fpl_dnaninf
    dflt_noclz.o(x$fpl$dfltu) refers (Special) to usenofp.o(x$fpl$usenofp) for __I$use$fp
    dflt_noclz.o(x$fpl$dfltu) refers to dflt_noclz.o(x$fpl$dflt) for __dflt_normalise
    dflt_noclz.o(x$fpl$dflt) refers (Special) to usenofp.o(x$fpl$usenofp) for __I$use$fp
    dmul.o(x$fpl$dmul) refers (Special) to usenofp.o(x$fpl$usenofp) for __I$use$fp
    dmul.o(x$fpl$dmul) refers to dretinf.o(x$fpl$dretinf) for __fpl_dretinf
    dmul.o(x$fpl$dmul) refers to dnaninf.o(x$fpl$dnaninf) for __fpl_dnaninf
    faddsub_noclz.o(x$fpl$fadd) refers (Special) to usenofp.o(x$fpl$usenofp) for __I$use$fp
    faddsub_noclz.o(x$fpl$fadd) refers to faddsub_noclz.o(x$fpl$fsub) for _fsub1
    faddsub_noclz.o(x$fpl$fadd) refers to fretinf.o(x$fpl$fretinf) for __fpl_fretinf
    faddsub_noclz.o(x$fpl$fadd) refers to fnaninf.o(x$fpl$fnaninf) for __fpl_fnaninf
    faddsub_noclz.o(x$fpl$frsb) refers (Special) to usenofp.o(x$fpl$usenofp) for __I$use$fp
    faddsub_noclz.o(x$fpl$frsb) refers to faddsub_noclz.o(x$fpl$fadd) for _fadd1
    faddsub_noclz.o(x$fpl$frsb) refers to faddsub_noclz.o(x$fpl$fsub) for _fsub1
    faddsub_noclz.o(x$fpl$fsub) refers (Special) to usenofp.o(x$fpl$usenofp) for __I$use$fp
    faddsub_noclz.o(x$fpl$fsub) refers to faddsub_noclz.o(x$fpl$fadd) for _fadd1
    faddsub_noclz.o(x$fpl$fsub) refers to fnaninf.o(x$fpl$fnaninf) for __fpl_fnaninf
    ffixu.o(x$fpl$ffixu) refers (Special) to usenofp.o(x$fpl$usenofp) for __I$use$fp
    ffixu.o(x$fpl$ffixu) refers to fnaninf.o(x$fpl$fnaninf) for __fpl_fnaninf
    ffixu.o(x$fpl$ffixur) refers (Special) to usenofp.o(x$fpl$usenofp) for __I$use$fp
    ffixu.o(x$fpl$ffixur) refers to fnaninf.o(x$fpl$fnaninf) for __fpl_fnaninf
    fflt_noclz.o(x$fpl$ffltu) refers (Special) to usenofp.o(x$fpl$usenofp) for __I$use$fp
    fflt_noclz.o(x$fpl$ffltu) refers to fflt_noclz.o(x$fpl$fflt) for __fflt_normalise
    fflt_noclz.o(x$fpl$fflt) refers (Special) to usenofp.o(x$fpl$usenofp) for __I$use$fp
    fmul.o(x$fpl$fmul) refers (Special) to usenofp.o(x$fpl$usenofp) for __I$use$fp
    fmul.o(x$fpl$fmul) refers to fretinf.o(x$fpl$fretinf) for __fpl_fretinf
    fmul.o(x$fpl$fmul) refers to fnaninf.o(x$fpl$fnaninf) for __fpl_fnaninf
    rtentry.o(.ARM.Collect$$rtentry$$00000000) refers (Special) to rtentry2.o(.ARM.Collect$$rtentry$$0000000A) for __rt_entry_li
    rtentry.o(.ARM.Collect$$rtentry$$00000000) refers (Special) to rtentry2.o(.ARM.Collect$$rtentry$$0000000D) for __rt_entry_main
    rtentry.o(.ARM.Collect$$rtentry$$00000000) refers (Special) to rtentry2.o(.ARM.Collect$$rtentry$$0000000C) for __rt_entry_postli_1
    rtentry.o(.ARM.Collect$$rtentry$$00000000) refers (Special) to rtentry2.o(.ARM.Collect$$rtentry$$00000009) for __rt_entry_postsh_1
    rtentry.o(.ARM.Collect$$rtentry$$00000000) refers (Special) to rtentry2.o(.ARM.Collect$$rtentry$$00000002) for __rt_entry_presh_1
    rtentry.o(.ARM.Collect$$rtentry$$00000000) refers (Special) to rtentry4.o(.ARM.Collect$$rtentry$$00000004) for __rt_entry_sh
    rtentry.o(.ARM.exidx) refers (Special) to rtentry2.o(.ARM.Collect$$rtentry$$0000000A) for __rt_entry_li
    rtentry.o(.ARM.exidx) refers (Special) to rtentry2.o(.ARM.Collect$$rtentry$$0000000D) for __rt_entry_main
    rtentry.o(.ARM.exidx) refers (Special) to rtentry2.o(.ARM.Collect$$rtentry$$0000000C) for __rt_entry_postli_1
    rtentry.o(.ARM.exidx) refers (Special) to rtentry2.o(.ARM.Collect$$rtentry$$00000009) for __rt_entry_postsh_1
    rtentry.o(.ARM.exidx) refers (Special) to rtentry2.o(.ARM.Collect$$rtentry$$00000002) for __rt_entry_presh_1
    rtentry.o(.ARM.exidx) refers (Special) to rtentry4.o(.ARM.Collect$$rtentry$$00000004) for __rt_entry_sh
    rtentry.o(.ARM.exidx) refers to rtentry.o(.ARM.Collect$$rtentry$$00000000) for .ARM.Collect$$rtentry$$00000000
    aeabi_idiv0_sigfpe.o(.text) refers to rt_div0.o(.text) for __rt_div0
    dnaninf.o(x$fpl$dnaninf) refers (Special) to usenofp.o(x$fpl$usenofp) for __I$use$fp
    dretinf.o(x$fpl$dretinf) refers (Special) to usenofp.o(x$fpl$usenofp) for __I$use$fp
    fnaninf.o(x$fpl$fnaninf) refers (Special) to usenofp.o(x$fpl$usenofp) for __I$use$fp
    fretinf.o(x$fpl$fretinf) refers (Special) to usenofp.o(x$fpl$usenofp) for __I$use$fp
    rtentry2.o(.ARM.Collect$$rtentry$$00000008) refers to boardinit2.o(.text) for _platform_post_stackheap_init
    rtentry2.o(.ARM.Collect$$rtentry$$0000000A) refers to libinit.o(.ARM.Collect$$libinit$$00000000) for __rt_lib_init
    rtentry2.o(.ARM.Collect$$rtentry$$0000000B) refers to boardinit3.o(.text) for _platform_post_lib_init
    rtentry2.o(.ARM.Collect$$rtentry$$0000000D) refers to exit.o(.text) for exit
    rtentry2.o(.ARM.Collect$$rtentry$$0000000D) refers to main.o(.text) for main
    rtentry2.o(.ARM.exidx) refers to rtentry2.o(.ARM.Collect$$rtentry$$00000001) for .ARM.Collect$$rtentry$$00000001
    rtentry2.o(.ARM.exidx) refers to rtentry2.o(.ARM.Collect$$rtentry$$00000002) for .ARM.Collect$$rtentry$$00000002
    rtentry2.o(.ARM.exidx) refers to rtentry2.o(.ARM.Collect$$rtentry$$00000008) for .ARM.Collect$$rtentry$$00000008
    rtentry2.o(.ARM.exidx) refers to rtentry2.o(.ARM.Collect$$rtentry$$00000009) for .ARM.Collect$$rtentry$$00000009
    rtentry2.o(.ARM.exidx) refers to rtentry2.o(.ARM.Collect$$rtentry$$0000000A) for .ARM.Collect$$rtentry$$0000000A
    rtentry2.o(.ARM.exidx) refers to rtentry2.o(.ARM.Collect$$rtentry$$0000000B) for .ARM.Collect$$rtentry$$0000000B
    rtentry2.o(.ARM.exidx) refers to rtentry2.o(.ARM.Collect$$rtentry$$0000000C) for .ARM.Collect$$rtentry$$0000000C
    rtentry2.o(.ARM.exidx) refers to rtentry2.o(.ARM.Collect$$rtentry$$0000000D) for .ARM.Collect$$rtentry$$0000000D
    rtentry4.o(.ARM.Collect$$rtentry$$00000004) refers to sys_stackheap_outer.o(.text) for __user_setup_stackheap
    rtentry4.o(.ARM.exidx) refers to rtentry4.o(.ARM.Collect$$rtentry$$00000004) for .ARM.Collect$$rtentry$$00000004
    rt_div0.o(.text) refers to defsig_fpe_outer.o(.text) for __rt_SIGFPE
    sys_stackheap_outer.o(.text) refers to libspace.o(.text) for __user_perproc_libspace
    sys_stackheap_outer.o(.text) refers to startup.o(.text) for __user_initial_stackheap
    exit.o(.text) refers to rtexit.o(.ARM.Collect$$rtexit$$00000000) for __rt_exit
    defsig_fpe_outer.o(.text) refers to defsig_fpe_inner.o(.text) for __rt_SIGFPE_inner
    defsig_fpe_outer.o(.text) refers to defsig_exit.o(.text) for __sig_exit
    defsig_fpe_formal.o(.text) refers to rt_raise.o(.text) for __rt_raise
    libinit.o(.ARM.Collect$$libinit$$00000000) refers (Special) to libinit2.o(.ARM.Collect$$libinit$$0000002A) for __rt_lib_init_alloca_1
    libinit.o(.ARM.Collect$$libinit$$00000000) refers (Special) to libinit2.o(.ARM.Collect$$libinit$$00000028) for __rt_lib_init_argv_1
    libinit.o(.ARM.Collect$$libinit$$00000000) refers (Special) to libinit2.o(.ARM.Collect$$libinit$$00000017) for __rt_lib_init_atexit_1
    libinit.o(.ARM.Collect$$libinit$$00000000) refers (Special) to libinit2.o(.ARM.Collect$$libinit$$0000001D) for __rt_lib_init_clock_1
    libinit.o(.ARM.Collect$$libinit$$00000000) refers (Special) to libinit2.o(.ARM.Collect$$libinit$$0000002E) for __rt_lib_init_cpp_1
    libinit.o(.ARM.Collect$$libinit$$00000000) refers (Special) to libinit2.o(.ARM.Collect$$libinit$$0000002C) for __rt_lib_init_exceptions_1
    libinit.o(.ARM.Collect$$libinit$$00000000) refers (Special) to libinit2.o(.ARM.Collect$$libinit$$0000001B) for __rt_lib_init_fp_trap_1
    libinit.o(.ARM.Collect$$libinit$$00000000) refers (Special) to libinit2.o(.ARM.Collect$$libinit$$0000001F) for __rt_lib_init_getenv_1
    libinit.o(.ARM.Collect$$libinit$$00000000) refers (Special) to libinit2.o(.ARM.Collect$$libinit$$00000006) for __rt_lib_init_heap_1
    libinit.o(.ARM.Collect$$libinit$$00000000) refers (Special) to libinit2.o(.ARM.Collect$$libinit$$0000000D) for __rt_lib_init_lc_collate_1
    libinit.o(.ARM.Collect$$libinit$$00000000) refers (Special) to libinit2.o(.ARM.Collect$$libinit$$0000000F) for __rt_lib_init_lc_ctype_1
    libinit.o(.ARM.Collect$$libinit$$00000000) refers (Special) to libinit2.o(.ARM.Collect$$libinit$$00000011) for __rt_lib_init_lc_monetary_1
    libinit.o(.ARM.Collect$$libinit$$00000000) refers (Special) to libinit2.o(.ARM.Collect$$libinit$$00000013) for __rt_lib_init_lc_numeric_1
    libinit.o(.ARM.Collect$$libinit$$00000000) refers (Special) to libinit2.o(.ARM.Collect$$libinit$$00000015) for __rt_lib_init_lc_time_1
    libinit.o(.ARM.Collect$$libinit$$00000000) refers (Special) to libinit2.o(.ARM.Collect$$libinit$$0000000A) for __rt_lib_init_rand_1
    libinit.o(.ARM.Collect$$libinit$$00000000) refers (Special) to libinit2.o(.ARM.Collect$$libinit$$0000002F) for __rt_lib_init_return
    libinit.o(.ARM.Collect$$libinit$$00000000) refers (Special) to libinit2.o(.ARM.Collect$$libinit$$00000019) for __rt_lib_init_signal_1
    libinit.o(.ARM.Collect$$libinit$$00000000) refers (Special) to libinit2.o(.ARM.Collect$$libinit$$00000021) for __rt_lib_init_stdio_1
    libinit.o(.ARM.Collect$$libinit$$00000000) refers (Special) to libinit2.o(.ARM.Collect$$libinit$$00000008) for __rt_lib_init_user_alloc_1
    libinit.o(.ARM.Collect$$libinit$$00000000) refers to fpinit.o(x$fpl$fpinit) for _fp_init
    libspace.o(.text) refers to libspace.o(.bss) for __libspace_start
    rtexit.o(.ARM.Collect$$rtexit$$00000000) refers (Special) to rtexit2.o(.ARM.Collect$$rtexit$$00000004) for __rt_exit_exit
    rtexit.o(.ARM.Collect$$rtexit$$00000000) refers (Special) to rtexit2.o(.ARM.Collect$$rtexit$$00000003) for __rt_exit_ls
    rtexit.o(.ARM.Collect$$rtexit$$00000000) refers (Special) to rtexit2.o(.ARM.Collect$$rtexit$$00000002) for __rt_exit_prels_1
    rtexit.o(.ARM.exidx) refers (Special) to rtexit2.o(.ARM.Collect$$rtexit$$00000004) for __rt_exit_exit
    rtexit.o(.ARM.exidx) refers (Special) to rtexit2.o(.ARM.Collect$$rtexit$$00000003) for __rt_exit_ls
    rtexit.o(.ARM.exidx) refers (Special) to rtexit2.o(.ARM.Collect$$rtexit$$00000002) for __rt_exit_prels_1
    rtexit.o(.ARM.exidx) refers to rtexit.o(.ARM.Collect$$rtexit$$00000000) for .ARM.Collect$$rtexit$$00000000
    rt_raise.o(.text) refers to __raise.o(.text) for __raise
    rt_raise.o(.text) refers to sys_exit.o(.text) for _sys_exit
    defsig_exit.o(.text) refers to sys_exit.o(.text) for _sys_exit
    defsig_fpe_inner.o(.text) refers to defsig_general.o(.text) for __default_signal_display
    libinit2.o(.ARM.Collect$$libinit$$0000000C) refers to libinit2.o(.ARM.Collect$$libinit$$0000000B) for .ARM.Collect$$libinit$$0000000B
    libinit2.o(.ARM.Collect$$libinit$$0000000E) refers to libinit2.o(.ARM.Collect$$libinit$$0000000B) for .ARM.Collect$$libinit$$0000000B
    libinit2.o(.ARM.Collect$$libinit$$00000010) refers to libinit2.o(.ARM.Collect$$libinit$$0000000B) for .ARM.Collect$$libinit$$0000000B
    libinit2.o(.ARM.Collect$$libinit$$00000012) refers to libinit2.o(.ARM.Collect$$libinit$$0000000B) for .ARM.Collect$$libinit$$0000000B
    libinit2.o(.ARM.Collect$$libinit$$00000014) refers to libinit2.o(.ARM.Collect$$libinit$$0000000B) for .ARM.Collect$$libinit$$0000000B
    libinit2.o(.ARM.Collect$$libinit$$00000022) refers to argv_veneer.o(.emb_text) for __ARM_argv_veneer
    libinit2.o(.ARM.Collect$$libinit$$00000023) refers to argv_veneer.o(.emb_text) for __ARM_argv_veneer
    fpinit.o(x$fpl$fpinit) refers to rt_fp_status_addr_intlibspace.o(.text) for __rt_fp_status_addr
    sys_exit.o(.text) refers (Special) to use_no_semi.o(.text) for __I$use$semihosting
    rtexit2.o(.ARM.Collect$$rtexit$$00000003) refers to libshutdown.o(.ARM.Collect$$libshutdown$$00000000) for __rt_lib_shutdown
    rtexit2.o(.ARM.Collect$$rtexit$$00000004) refers to sys_exit.o(.text) for _sys_exit
    rtexit2.o(.ARM.exidx) refers to rtexit2.o(.ARM.Collect$$rtexit$$00000001) for .ARM.Collect$$rtexit$$00000001
    rtexit2.o(.ARM.exidx) refers to rtexit2.o(.ARM.Collect$$rtexit$$00000002) for .ARM.Collect$$rtexit$$00000002
    rtexit2.o(.ARM.exidx) refers to rtexit2.o(.ARM.Collect$$rtexit$$00000003) for .ARM.Collect$$rtexit$$00000003
    rtexit2.o(.ARM.exidx) refers to rtexit2.o(.ARM.Collect$$rtexit$$00000004) for .ARM.Collect$$rtexit$$00000004
    rt_fp_status_addr.o(.text) refers to rt_fp_status_addr.o(.bss) for __rt_fp_status_addr_data
    rt_fp_status_addr_intlibspace.o(.text) refers to libspace.o(.bss) for __libspace_start
    __raise.o(.text) refers to __raise.o(i.__ARM_common_call_via_r2) for __ARM_common_call_via_r2
    __raise.o(.text) refers to defsig.o(CL$$defsig) for __default_signal_handler
    defsig_general.o(.text) refers to sys_wrch.o(.text) for _ttywrch
    argv_veneer.o(.emb_text) refers to no_argv.o(.text) for __ARM_get_argv
    sys_wrch.o(.text) refers (Special) to use_no_semi.o(.text) for __I$use$semihosting
    defsig.o(CL$$defsig) refers to defsig_fpe_inner.o(.text) for __rt_SIGFPE_inner
    defsig.o(CL$$defsig) refers to defsig_rtmem_inner.o(.text) for __rt_SIGRTMEM_inner
    _get_argv_nomalloc.o(.text) refers (Special) to hrguard.o(.text) for __heap_region$guard
    _get_argv_nomalloc.o(.text) refers to defsig_rtmem_outer.o(.text) for __rt_SIGRTMEM
    _get_argv_nomalloc.o(.text) refers to sys_command.o(.text) for _sys_command_string
    libshutdown.o(.ARM.Collect$$libshutdown$$00000000) refers (Special) to libshutdown2.o(.ARM.Collect$$libshutdown$$00000006) for __rt_lib_shutdown_fp_trap_1
    libshutdown.o(.ARM.Collect$$libshutdown$$00000000) refers (Special) to libshutdown2.o(.ARM.Collect$$libshutdown$$0000000E) for __rt_lib_shutdown_heap_1
    libshutdown.o(.ARM.Collect$$libshutdown$$00000000) refers (Special) to libshutdown2.o(.ARM.Collect$$libshutdown$$0000000F) for __rt_lib_shutdown_return
    libshutdown.o(.ARM.Collect$$libshutdown$$00000000) refers (Special) to libshutdown2.o(.ARM.Collect$$libshutdown$$00000009) for __rt_lib_shutdown_signal_1
    libshutdown.o(.ARM.Collect$$libshutdown$$00000000) refers (Special) to libshutdown2.o(.ARM.Collect$$libshutdown$$00000003) for __rt_lib_shutdown_stdio_1
    libshutdown.o(.ARM.Collect$$libshutdown$$00000000) refers (Special) to libshutdown2.o(.ARM.Collect$$libshutdown$$0000000B) for __rt_lib_shutdown_user_alloc_1
    sys_command.o(.text) refers (Special) to use_no_semi.o(.text) for __I$use$semihosting
    defsig_abrt_inner.o(.text) refers to defsig_general.o(.text) for __default_signal_display
    defsig_rtred_inner.o(.text) refers to defsig_general.o(.text) for __default_signal_display
    defsig_rtmem_inner.o(.text) refers to defsig_general.o(.text) for __default_signal_display
    defsig_rtmem_outer.o(.text) refers to defsig_rtmem_inner.o(.text) for __rt_SIGRTMEM_inner
    defsig_rtmem_outer.o(.text) refers to defsig_exit.o(.text) for __sig_exit
    defsig_rtmem_formal.o(.text) refers to rt_raise.o(.text) for __rt_raise
    defsig_stak_inner.o(.text) refers to defsig_general.o(.text) for __default_signal_display
    defsig_pvfn_inner.o(.text) refers to defsig_general.o(.text) for __default_signal_display
    defsig_cppl_inner.o(.text) refers to defsig_general.o(.text) for __default_signal_display
    defsig_segv_inner.o(.text) refers to defsig_general.o(.text) for __default_signal_display
    defsig_other.o(.text) refers to defsig_general.o(.text) for __default_signal_display


==============================================================================

Removing Unused input sections from the image.

    Removing startup.o(RESET), (272 bytes).

1 unused section(s) (total 272 bytes) removed from the image.

==============================================================================

Adding Veneers to the image

    Adding AT veneer (8 bytes, Inline) for call to '__rt_lib_init' from rtentry2.o(.ARM.Collect$$rtentry$$0000000A).
    Adding AT veneer (8 bytes, Inline) for call to '__rt_lib_shutdown' from rtexit2.o(.ARM.Collect$$rtexit$$00000003).
    Adding TA veneer (4 bytes, Inline) for call to '__rt_exit' from exit.o(.text).
    Adding AT veneer (8 bytes, Inline) for call to '_sys_exit' from rtexit2.o(.ARM.Collect$$rtexit$$00000004).
    Adding TA veneer (4 bytes, Inline) for call to '_fp_init' from libinit.o(.ARM.Collect$$libinit$$00000000).

5 Veneer(s) (total 32 bytes) added to the image.

==============================================================================

Image Symbol Table

    Local Symbols

    Symbol Name                              Value     Ov Type        Size  Object(Section)

    !!!main                                  0x00000000   Section        8  __main.o(!!!main)
    ../../angel/boardlib.s                   0x00000000   Number         0  boardshut.o ABSOLUTE
    ../../angel/boardlib.s                   0x00000000   Number         0  boardinit1.o ABSOLUTE
    ../../angel/boardlib.s                   0x00000000   Number         0  boardinit2.o ABSOLUTE
    ../../angel/boardlib.s                   0x00000000   Number         0  boardinit3.o ABSOLUTE
    ../../angel/handlers.s                   0x00000000   Number         0  __scatter_zi.o ABSOLUTE
    ../../angel/handlers.s                   0x00000000   Number         0  __scatter_copy.o ABSOLUTE
    ../../angel/kernel.s                     0x00000000   Number         0  rtentry2.o ABSOLUTE
    ../../angel/kernel.s                     0x00000000   Number         0  rtexit.o ABSOLUTE
    ../../angel/kernel.s                     0x00000000   Number         0  rtentry4.o ABSOLUTE
    ../../angel/kernel.s                     0x00000000   Number         0  rtexit2.o ABSOLUTE
    ../../angel/kernel.s                     0x00000000   Number         0  rtentry.o ABSOLUTE
    ../../angel/rt.s                         0x00000000   Number         0  aeabi_idiv0.o ABSOLUTE
    ../../angel/rt.s                         0x00000000   Number         0  aeabi_idiv0_sigfpe.o ABSOLUTE
    ../../angel/rt.s                         0x00000000   Number         0  rt_raise.o ABSOLUTE
    ../../angel/rt.s                         0x00000000   Number         0  rt_div0.o ABSOLUTE
    ../../angel/rt.s                         0x00000000   Number         0  rt_fp_status_addr_intlibspace.o ABSOLUTE
    ../../angel/rt.s                         0x00000000   Number         0  rt_fp_status_addr.o ABSOLUTE
    ../../angel/scatter.s                    0x00000000   Number         0  __scatter.o ABSOLUTE
    ../../angel/startup.s                    0x00000000   Number         0  __main.o ABSOLUTE
    ../../angel/sys.s                        0x00000000   Number         0  use_no_semi.o ABSOLUTE
    ../../angel/sys.s                        0x00000000   Number         0  libspace.o ABSOLUTE
    ../../angel/sys.s                        0x00000000   Number         0  sys_stackheap_outer.o ABSOLUTE
    ../../angel/sysapp.c                     0x00000000   Number         0  sys_wrch.o ABSOLUTE
    ../../angel/sysapp.c                     0x00000000   Number         0  sys_command.o ABSOLUTE
    ../../angel/sysapp.c                     0x00000000   Number         0  sys_exit.o ABSOLUTE
    ../../armsys.c                           0x00000000   Number         0  no_argv.o ABSOLUTE
    ../../armsys.c                           0x00000000   Number         0  _get_argv_nomalloc.o ABSOLUTE
    ../../armsys.c                           0x00000000   Number         0  argv_veneer.o ABSOLUTE
    ../../armsys.c                           0x00000000   Number         0  argv_veneer.o ABSOLUTE
    ../../d2f.s                              0x00000000   Number         0  d2f.o ABSOLUTE
    ../../daddsub.s                          0x00000000   Number         0  daddsub_noclz.o ABSOLUTE
    ../../dfixu.s                            0x00000000   Number         0  dfixu.o ABSOLUTE
    ../../dflt.s                             0x00000000   Number         0  dflt_noclz.o ABSOLUTE
    ../../division.s                         0x00000000   Number         0  aeabi_sdiv_div0.o ABSOLUTE
    ../../division.s                         0x00000000   Number         0  aeabi_sdiv.o ABSOLUTE
    ../../divrt.s                            0x00000000   Number         0  divrt_7tdmi_div0.o ABSOLUTE
    ../../divrt.s                            0x00000000   Number         0  divrt_7tdmi.o ABSOLUTE
    ../../dmul.s                             0x00000000   Number         0  dmul.o ABSOLUTE
    ../../dnaninf.s                          0x00000000   Number         0  dnaninf.o ABSOLUTE
    ../../dretinf.s                          0x00000000   Number         0  dretinf.o ABSOLUTE
    ../../faddsub.s                          0x00000000   Number         0  faddsub_noclz.o ABSOLUTE
    ../../ffixu.s                            0x00000000   Number         0  ffixu.o ABSOLUTE
    ../../fflt.s                             0x00000000   Number         0  fflt_noclz.o ABSOLUTE
    ../../fmul.s                             0x00000000   Number         0  fmul.o ABSOLUTE
    ../../fnaninf.s                          0x00000000   Number         0  fnaninf.o ABSOLUTE
    ../../fpinit.s                           0x00000000   Number         0  fpinit.o ABSOLUTE
    ../../fretinf.s                          0x00000000   Number         0  fretinf.o ABSOLUTE
    ../../heapalloc.c                        0x00000000   Number         0  hrguard.o ABSOLUTE
    ../../heapaux.c                          0x00000000   Number         0  heapauxi.o ABSOLUTE
    ../../libinit.s                          0x00000000   Number         0  libinit2.o ABSOLUTE
    ../../libinit.s                          0x00000000   Number         0  libinit.o ABSOLUTE
    ../../libinit.s                          0x00000000   Number         0  libshutdown2.o ABSOLUTE
    ../../libinit.s                          0x00000000   Number         0  libshutdown.o ABSOLUTE
    ../../signal.c                           0x00000000   Number         0  defsig_stak_inner.o ABSOLUTE
    ../../signal.c                           0x00000000   Number         0  defsig_pvfn_inner.o ABSOLUTE
    ../../signal.c                           0x00000000   Number         0  defsig_cppl_inner.o ABSOLUTE
    ../../signal.c                           0x00000000   Number         0  defsig_segv_inner.o ABSOLUTE
    ../../signal.c                           0x00000000   Number         0  defsig_other.o ABSOLUTE
    ../../signal.c                           0x00000000   Number         0  defsig_abrt_inner.o ABSOLUTE
    ../../signal.c                           0x00000000   Number         0  defsig_fpe_outer.o ABSOLUTE
    ../../signal.c                           0x00000000   Number         0  defsig_fpe_formal.o ABSOLUTE
    ../../signal.c                           0x00000000   Number         0  defsig_exit.o ABSOLUTE
    ../../signal.c                           0x00000000   Number         0  defsig_fpe_inner.o ABSOLUTE
    ../../signal.c                           0x00000000   Number         0  __raise.o ABSOLUTE
    ../../signal.c                           0x00000000   Number         0  defsig_general.o ABSOLUTE
    ../../signal.c                           0x00000000   Number         0  defsig_rtred_inner.o ABSOLUTE
    ../../signal.c                           0x00000000   Number         0  defsig_rtmem_inner.o ABSOLUTE
    ../../signal.c                           0x00000000   Number         0  defsig_rtmem_outer.o ABSOLUTE
    ../../signal.c                           0x00000000   Number         0  defsig_rtmem_formal.o ABSOLUTE
    ../../signal.s                           0x00000000   Number         0  defsig.o ABSOLUTE
    ../../stdlib.c                           0x00000000   Number         0  exit.o ABSOLUTE
    ../../usenofp.s                          0x00000000   Number         0  usenofp.o ABSOLUTE
    ..\00-libfiles\delay.c                   0x00000000   Number         0  delay.o ABSOLUTE
    ..\00-libfiles\gpio.c                    0x00000000   Number         0  gpio.o ABSOLUTE
    ..\00-libfiles\lcd.c                     0x00000000   Number         0  lcd.o ABSOLUTE
    ..\00-libfiles\systemInit.c              0x00000000   Number         0  systeminit.o ABSOLUTE
    ..\00-libfiles\uart.c                    0x00000000   Number         0  uart.o ABSOLUTE
    Startup.s                                0x00000000   Number         0  startup.o ABSOLUTE
    dc.s                                     0x00000000   Number         0  dc.o ABSOLUTE
    main.c                                   0x00000000   Number         0  main.o ABSOLUTE
    !!!scatter                               0x00000008   Section       60  __scatter.o(!!!scatter)
    !!handler_copy                           0x00000044   Section       40  __scatter_copy.o(!!handler_copy)
    !!handler_zi                             0x0000006c   Section       44  __scatter_zi.o(!!handler_zi)
    .ARM.Collect$$libinit$$00000000          0x000000a0   Section        6  libinit.o(.ARM.Collect$$libinit$$00000000)
    .ARM.Collect$$libinit$$00000006          0x000000a6   Section        0  libinit2.o(.ARM.Collect$$libinit$$00000006)
    .ARM.Collect$$libinit$$00000008          0x000000a6   Section        0  libinit2.o(.ARM.Collect$$libinit$$00000008)
    .ARM.Collect$$libinit$$0000000A          0x000000a6   Section        0  libinit2.o(.ARM.Collect$$libinit$$0000000A)
    .ARM.Collect$$libinit$$0000000D          0x000000a6   Section        0  libinit2.o(.ARM.Collect$$libinit$$0000000D)
    .ARM.Collect$$libinit$$0000000F          0x000000a6   Section        0  libinit2.o(.ARM.Collect$$libinit$$0000000F)
    .ARM.Collect$$libinit$$00000011          0x000000a6   Section        0  libinit2.o(.ARM.Collect$$libinit$$00000011)
    .ARM.Collect$$libinit$$00000013          0x000000a6   Section        0  libinit2.o(.ARM.Collect$$libinit$$00000013)
    .ARM.Collect$$libinit$$00000015          0x000000a6   Section        0  libinit2.o(.ARM.Collect$$libinit$$00000015)
    .ARM.Collect$$libinit$$00000017          0x000000a6   Section        0  libinit2.o(.ARM.Collect$$libinit$$00000017)
    .ARM.Collect$$libinit$$00000019          0x000000a6   Section        0  libinit2.o(.ARM.Collect$$libinit$$00000019)
    .ARM.Collect$$libinit$$0000001B          0x000000a6   Section        0  libinit2.o(.ARM.Collect$$libinit$$0000001B)
    .ARM.Collect$$libinit$$0000001D          0x000000a6   Section        0  libinit2.o(.ARM.Collect$$libinit$$0000001D)
    .ARM.Collect$$libinit$$0000001F          0x000000a6   Section        0  libinit2.o(.ARM.Collect$$libinit$$0000001F)
    .ARM.Collect$$libinit$$00000021          0x000000a6   Section        0  libinit2.o(.ARM.Collect$$libinit$$00000021)
    .ARM.Collect$$libinit$$00000028          0x000000a6   Section        0  libinit2.o(.ARM.Collect$$libinit$$00000028)
    .ARM.Collect$$libinit$$0000002A          0x000000a6   Section        0  libinit2.o(.ARM.Collect$$libinit$$0000002A)
    .ARM.Collect$$libinit$$0000002C          0x000000a6   Section        0  libinit2.o(.ARM.Collect$$libinit$$0000002C)
    .ARM.Collect$$libinit$$0000002E          0x000000a6   Section        0  libinit2.o(.ARM.Collect$$libinit$$0000002E)
    .ARM.Collect$$libinit$$0000002F          0x000000a6   Section       12  libinit2.o(.ARM.Collect$$libinit$$0000002F)
    .ARM.Collect$$libshutdown$$00000000      0x000000bc   Section        4  libshutdown.o(.ARM.Collect$$libshutdown$$00000000)
    .ARM.Collect$$libshutdown$$00000003      0x000000c0   Section        0  libshutdown2.o(.ARM.Collect$$libshutdown$$00000003)
    .ARM.Collect$$libshutdown$$00000006      0x000000c0   Section        0  libshutdown2.o(.ARM.Collect$$libshutdown$$00000006)
    .ARM.Collect$$libshutdown$$00000009      0x000000c0   Section        0  libshutdown2.o(.ARM.Collect$$libshutdown$$00000009)
    .ARM.Collect$$libshutdown$$0000000B      0x000000c0   Section        0  libshutdown2.o(.ARM.Collect$$libshutdown$$0000000B)
    .ARM.Collect$$libshutdown$$0000000E      0x000000c0   Section        0  libshutdown2.o(.ARM.Collect$$libshutdown$$0000000E)
    .ARM.Collect$$libshutdown$$0000000F      0x000000c0   Section        6  libshutdown2.o(.ARM.Collect$$libshutdown$$0000000F)
    .ARM.Collect$$rtentry$$00000000          0x000000c8   Section        0  rtentry.o(.ARM.Collect$$rtentry$$00000000)
    .ARM.Collect$$rtentry$$00000002          0x000000c8   Section        0  rtentry2.o(.ARM.Collect$$rtentry$$00000002)
    .ARM.Collect$$rtentry$$00000004          0x000000c8   Section        8  rtentry4.o(.ARM.Collect$$rtentry$$00000004)
    .ARM.Collect$$rtentry$$00000009          0x000000d0   Section        0  rtentry2.o(.ARM.Collect$$rtentry$$00000009)
    .ARM.Collect$$rtentry$$0000000A          0x000000d0   Section        4  rtentry2.o(.ARM.Collect$$rtentry$$0000000A)
    .ARM.Collect$$rtentry$$0000000C          0x000000d4   Section        0  rtentry2.o(.ARM.Collect$$rtentry$$0000000C)
    .ARM.Collect$$rtentry$$0000000D          0x000000d4   Section       40  rtentry2.o(.ARM.Collect$$rtentry$$0000000D)
    .ARM.Collect$$rtexit$$00000000           0x00000100   Section        4  rtexit.o(.ARM.Collect$$rtexit$$00000000)
    .ARM.Collect$$rtexit$$00000002           0x00000104   Section        0  rtexit2.o(.ARM.Collect$$rtexit$$00000002)
    .ARM.Collect$$rtexit$$00000003           0x00000104   Section        4  rtexit2.o(.ARM.Collect$$rtexit$$00000003)
    .ARM.Collect$$rtexit$$00000004           0x00000108   Section        8  rtexit2.o(.ARM.Collect$$rtexit$$00000004)
    .text                                    0x00000110   Section       32  startup.o(.text)
    .text                                    0x00000130   Section        0  main.o(.text)
    .text                                    0x000001e0   Section        0  delay.o(.text)
    .text                                    0x0000026c   Section        0  gpio.o(.text)
    .text                                    0x0000055c   Section        0  lcd.o(.text)
    lcd_SendCmdSignals                       0x00000680   ARM Code      84  lcd.o(.text)
    lcd_SendHigherNibble                     0x000006d4   ARM Code      96  lcd.o(.text)
    lcd_SendLowerNibble                      0x00000734   ARM Code      92  lcd.o(.text)
    lcd_BusyCheck                            0x00000790   ARM Code     244  lcd.o(.text)
    lcd_Reset                                0x00000930   ARM Code      92  lcd.o(.text)
    lcd_SendDataSignals                      0x00000a80   ARM Code      84  lcd.o(.text)
    lcd_DataWrite                            0x00000ad4   ARM Code      80  lcd.o(.text)
    .text                                    0x000011e8   Section        0  systeminit.o(.text)
    .text                                    0x0000124c   Section        0  uart.o(.text)
    .text                                    0x00001ac8   Section      384  aeabi_sdiv.o(.text)
    __arm_div8                               0x00001af4   ARM Code       0  aeabi_sdiv.o(.text)
    __arm_div5                               0x00001b18   ARM Code       0  aeabi_sdiv.o(.text)
    __arm_div2                               0x00001b3c   ARM Code       0  aeabi_sdiv.o(.text)
    __arm_div_large                          0x00001b78   ARM Code       0  aeabi_sdiv.o(.text)
    .text                                    0x00001c48   Section        0  heapauxi.o(.text)
    .text                                    0x00001c50   Section       96  sys_stackheap_outer.o(.text)
    .text                                    0x00001cb0   Section        0  exit.o(.text)
    .text                                    0x00001cbc   Section       12  libspace.o(.text)
    .text                                    0x00001cd0   Section        0  sys_exit.o(.text)
    .text                                    0x00001cdc   Section       12  rt_fp_status_addr_intlibspace.o(.text)
    .text                                    0x00001ce8   Section        4  use_no_semi.o(.text)
    .text_udiv                               0x00001cec   Section       36  aeabi_sdiv.o(.text_udiv)
    x$fpl$d2f                                0x00001d10   Section      108  d2f.o(x$fpl$d2f)
    x$fpl$dadd                               0x00001d7c   Section      340  daddsub_noclz.o(x$fpl$dadd)
    _dadd1                                   0x00001d8c   ARM Code       0  daddsub_noclz.o(x$fpl$dadd)
    x$fpl$dfixu                              0x00001ed0   Section      112  dfixu.o(x$fpl$dfixu)
    x$fpl$dflt                               0x00001f40   Section       88  dflt_noclz.o(x$fpl$dflt)
    x$fpl$dfltu                              0x00001f98   Section       12  dflt_noclz.o(x$fpl$dfltu)
    x$fpl$dmul                               0x00001fa4   Section      384  dmul.o(x$fpl$dmul)
    x$fpl$dnaninf                            0x00002124   Section      192  dnaninf.o(x$fpl$dnaninf)
    x$fpl$dretinf                            0x000021e4   Section       16  dretinf.o(x$fpl$dretinf)
    x$fpl$drsb                               0x000021f4   Section       24  daddsub_noclz.o(x$fpl$drsb)
    x$fpl$dsub                               0x0000220c   Section      580  daddsub_noclz.o(x$fpl$dsub)
    _dsub1                                   0x0000221c   ARM Code       0  daddsub_noclz.o(x$fpl$dsub)
    x$fpl$fadd                               0x00002450   Section      196  faddsub_noclz.o(x$fpl$fadd)
    _fadd1                                   0x0000245c   ARM Code       0  faddsub_noclz.o(x$fpl$fadd)
    x$fpl$ffixu                              0x00002514   Section       84  ffixu.o(x$fpl$ffixu)
    x$fpl$fflt                               0x00002568   Section       92  fflt_noclz.o(x$fpl$fflt)
    x$fpl$ffltu                              0x000025c4   Section        8  fflt_noclz.o(x$fpl$ffltu)
    x$fpl$fmul                               0x000025cc   Section      256  fmul.o(x$fpl$fmul)
    x$fpl$fnaninf                            0x000026cc   Section      168  fnaninf.o(x$fpl$fnaninf)
    x$fpl$fpinit                             0x00002778   Section       24  fpinit.o(x$fpl$fpinit)
    x$fpl$fretinf                            0x00002790   Section       16  fretinf.o(x$fpl$fretinf)
    x$fpl$frsb                               0x000027a0   Section       20  faddsub_noclz.o(x$fpl$frsb)
    x$fpl$fsub                               0x000027b4   Section      304  faddsub_noclz.o(x$fpl$fsub)
    _fsub1                                   0x000027c0   ARM Code       0  faddsub_noclz.o(x$fpl$fsub)
    x$fpl$usenofp                            0x000028e4   Section        0  usenofp.o(x$fpl$usenofp)
    .data                                    0x40000000   Section        6  lcd.o(.data)
    .bss                                     0x40000008   Section       14  lcd.o(.bss)
    .bss                                     0x40000018   Section       96  libspace.o(.bss)
    HEAP                                     0x40000078   Section        0  startup.o(HEAP)
    STACK                                    0x40000078   Section     1160  startup.o(STACK)
    Heap_Mem                                 0x40000078   Data           0  startup.o(HEAP)
    Stack_Mem                                0x40000078   Data        1024  startup.o(STACK)
    Stack_Top                                0x40000500   Data           0  startup.o(STACK)

    Global Symbols

    Symbol Name                              Value     Ov Type        Size  Object(Section)

    BuildAttributes$$THM_ISAv1$ARM_ISAv4$S$PE$A:L22$X:L11$S22$IEEE1$IW$USESV6$~STKCKD$USESV7$~SHL$OSPACE$ROPI$EBA8$UX$STANDARDLIB$REQ8$PRES8$EABIv2 0x00000000   Number         0  anon$$obj.o ABSOLUTE
    __ARM_use_no_argv                        0x00000000   Number         0  main.o ABSOLUTE
    __main                                   0x00000000   ARM Code       8  __main.o(!!!main)
    __ARM_exceptions_init                     - Undefined Weak Reference
    __alloca_initialize                       - Undefined Weak Reference
    __cpp_initialize__aeabi_                  - Undefined Weak Reference
    __cxa_finalize                            - Undefined Weak Reference
    __rt_locale                               - Undefined Weak Reference
    __sigvec_lookup                           - Undefined Weak Reference
    _atexit_init                              - Undefined Weak Reference
    _call_atexit_fns                          - Undefined Weak Reference
    _clock_init                               - Undefined Weak Reference
    _fp_trap_init                             - Undefined Weak Reference
    _fp_trap_shutdown                         - Undefined Weak Reference
    _get_lc_collate                           - Undefined Weak Reference
    _get_lc_ctype                             - Undefined Weak Reference
    _get_lc_monetary                          - Undefined Weak Reference
    _get_lc_numeric                           - Undefined Weak Reference
    _get_lc_time                              - Undefined Weak Reference
    _getenv_init                              - Undefined Weak Reference
    _handle_redirection                       - Undefined Weak Reference
    _init_alloc                               - Undefined Weak Reference
    _init_user_alloc                          - Undefined Weak Reference
    _initio                                   - Undefined Weak Reference
    _rand_init                                - Undefined Weak Reference
    _signal_finish                            - Undefined Weak Reference
    _signal_init                              - Undefined Weak Reference
    _terminate_alloc                          - Undefined Weak Reference
    _terminate_user_alloc                     - Undefined Weak Reference
    _terminateio                              - Undefined Weak Reference
    __scatterload                            0x00000008   ARM Code       0  __scatter.o(!!!scatter)
    __scatterload_rt2                        0x00000008   ARM Code      52  __scatter.o(!!!scatter)
    __scatterload_null                       0x0000001c   ARM Code       0  __scatter.o(!!!scatter)
    __scatterload_copy                       0x00000044   ARM Code      40  __scatter_copy.o(!!handler_copy)
    __scatterload_zeroinit                   0x0000006c   ARM Code      44  __scatter_zi.o(!!handler_zi)
    Inline ARM to Thumb Veneer to __rt_lib_init 0x00000098   ARM Code       8  libinit.o(.ARM.Collect$$libinit$$00000000)
    __rt_lib_init                            0x000000a1   Thumb Code     0  libinit.o(.ARM.Collect$$libinit$$00000000)
    __rt_lib_init_alloca_1                   0x000000a7   Thumb Code     0  libinit2.o(.ARM.Collect$$libinit$$0000002A)
    __rt_lib_init_argv_1                     0x000000a7   Thumb Code     0  libinit2.o(.ARM.Collect$$libinit$$00000028)
    __rt_lib_init_atexit_1                   0x000000a7   Thumb Code     0  libinit2.o(.ARM.Collect$$libinit$$00000017)
    __rt_lib_init_clock_1                    0x000000a7   Thumb Code     0  libinit2.o(.ARM.Collect$$libinit$$0000001D)
    __rt_lib_init_cpp_1                      0x000000a7   Thumb Code     0  libinit2.o(.ARM.Collect$$libinit$$0000002E)
    __rt_lib_init_exceptions_1               0x000000a7   Thumb Code     0  libinit2.o(.ARM.Collect$$libinit$$0000002C)
    __rt_lib_init_fp_trap_1                  0x000000a7   Thumb Code     0  libinit2.o(.ARM.Collect$$libinit$$0000001B)
    __rt_lib_init_getenv_1                   0x000000a7   Thumb Code     0  libinit2.o(.ARM.Collect$$libinit$$0000001F)
    __rt_lib_init_heap_1                     0x000000a7   Thumb Code     0  libinit2.o(.ARM.Collect$$libinit$$00000006)
    __rt_lib_init_lc_collate_1               0x000000a7   Thumb Code     0  libinit2.o(.ARM.Collect$$libinit$$0000000D)
    __rt_lib_init_lc_ctype_1                 0x000000a7   Thumb Code     0  libinit2.o(.ARM.Collect$$libinit$$0000000F)
    __rt_lib_init_lc_monetary_1              0x000000a7   Thumb Code     0  libinit2.o(.ARM.Collect$$libinit$$00000011)
    __rt_lib_init_lc_numeric_1               0x000000a7   Thumb Code     0  libinit2.o(.ARM.Collect$$libinit$$00000013)
    __rt_lib_init_lc_time_1                  0x000000a7   Thumb Code     0  libinit2.o(.ARM.Collect$$libinit$$00000015)
    __rt_lib_init_rand_1                     0x000000a7   Thumb Code     0  libinit2.o(.ARM.Collect$$libinit$$0000000A)
    __rt_lib_init_return                     0x000000a7   Thumb Code     0  libinit2.o(.ARM.Collect$$libinit$$0000002F)
    __rt_lib_init_signal_1                   0x000000a7   Thumb Code     0  libinit2.o(.ARM.Collect$$libinit$$00000019)
    __rt_lib_init_stdio_1                    0x000000a7   Thumb Code     0  libinit2.o(.ARM.Collect$$libinit$$00000021)
    __rt_lib_init_user_alloc_1               0x000000a7   Thumb Code     0  libinit2.o(.ARM.Collect$$libinit$$00000008)
    Inline ARM to Thumb Veneer to __rt_lib_shutdown 0x000000b4   ARM Code       8  libshutdown.o(.ARM.Collect$$libshutdown$$00000000)
    __rt_lib_shutdown                        0x000000bd   Thumb Code     0  libshutdown.o(.ARM.Collect$$libshutdown$$00000000)
    __rt_lib_shutdown_fp_trap_1              0x000000c1   Thumb Code     0  libshutdown2.o(.ARM.Collect$$libshutdown$$00000006)
    __rt_lib_shutdown_heap_1                 0x000000c1   Thumb Code     0  libshutdown2.o(.ARM.Collect$$libshutdown$$0000000E)
    __rt_lib_shutdown_return                 0x000000c1   Thumb Code     0  libshutdown2.o(.ARM.Collect$$libshutdown$$0000000F)
    __rt_lib_shutdown_signal_1               0x000000c1   Thumb Code     0  libshutdown2.o(.ARM.Collect$$libshutdown$$00000009)
    __rt_lib_shutdown_stdio_1                0x000000c1   Thumb Code     0  libshutdown2.o(.ARM.Collect$$libshutdown$$00000003)
    __rt_lib_shutdown_user_alloc_1           0x000000c1   Thumb Code     0  libshutdown2.o(.ARM.Collect$$libshutdown$$0000000B)
    __rt_entry                               0x000000c8   ARM Code       0  rtentry.o(.ARM.Collect$$rtentry$$00000000)
    __rt_entry_presh_1                       0x000000c8   ARM Code       0  rtentry2.o(.ARM.Collect$$rtentry$$00000002)
    __rt_entry_sh                            0x000000c8   ARM Code       0  rtentry4.o(.ARM.Collect$$rtentry$$00000004)
    __rt_entry_li                            0x000000d0   ARM Code       0  rtentry2.o(.ARM.Collect$$rtentry$$0000000A)
    __rt_entry_postsh_1                      0x000000d0   ARM Code       0  rtentry2.o(.ARM.Collect$$rtentry$$00000009)
    __rt_entry_main                          0x000000d4   ARM Code       0  rtentry2.o(.ARM.Collect$$rtentry$$0000000D)
    __rt_entry_postli_1                      0x000000d4   ARM Code       0  rtentry2.o(.ARM.Collect$$rtentry$$0000000C)
    Inline Thumb to ARM Veneer to __rt_exit  0x000000fd   Thumb Code     4  rtexit.o(.ARM.Collect$$rtexit$$00000000)
    __rt_exit                                0x00000100   ARM Code       0  rtexit.o(.ARM.Collect$$rtexit$$00000000)
    __rt_exit_ls                             0x00000104   ARM Code       0  rtexit2.o(.ARM.Collect$$rtexit$$00000003)
    __rt_exit_prels_1                        0x00000104   ARM Code       0  rtexit2.o(.ARM.Collect$$rtexit$$00000002)
    __rt_exit_exit                           0x00000108   ARM Code       0  rtexit2.o(.ARM.Collect$$rtexit$$00000004)
    __user_initial_stackheap                 0x00000110   ARM Code       0  startup.o(.text)
    main                                     0x00000130   ARM Code     144  main.o(.text)
    DELAY_us                                 0x000001e0   ARM Code      52  delay.o(.text)
    DELAY_ms                                 0x00000214   ARM Code      44  delay.o(.text)
    DELAY_sec                                0x00000240   ARM Code      44  delay.o(.text)
    GPIO_PinFunction                         0x0000026c   ARM Code     224  gpio.o(.text)
    GPIO_PinDirection                        0x0000034c   ARM Code     188  gpio.o(.text)
    GPIO_PinWrite                            0x00000408   ARM Code     188  gpio.o(.text)
    GPIO_PinRead                             0x000004c4   ARM Code     144  gpio.o(.text)
    LCD_SetUp                                0x0000055c   ARM Code     292  lcd.o(.text)
    LCD_CmdWrite                             0x00000884   ARM Code      80  lcd.o(.text)
    LCD_GoToLine                             0x000008d4   ARM Code      64  lcd.o(.text)
    LCD_Clear                                0x00000914   ARM Code      28  lcd.o(.text)
    LCD_Init                                 0x0000098c   ARM Code     144  lcd.o(.text)
    LCD_GoToNextLine                         0x00000a1c   ARM Code     100  lcd.o(.text)
    LCD_DisplayChar                          0x00000b24   ARM Code      88  lcd.o(.text)
    LCD_DisplayString                        0x00000b7c   ARM Code      40  lcd.o(.text)
    LCD_ScrollMessage                        0x00000ba4   ARM Code     196  lcd.o(.text)
    LCD_DisplayNumber                        0x00000c68   ARM Code     336  lcd.o(.text)
    LCD_DisplayFloatNumber                   0x00000db8   ARM Code     140  lcd.o(.text)
    LCD_Printf                               0x00000e44   ARM Code     912  lcd.o(.text)
    SystemInit                               0x000011e8   ARM Code      96  systeminit.o(.text)
    UART_SetBaudRate                         0x0000124c   ARM Code     132  uart.o(.text)
    UART_Init                                0x000012d0   ARM Code     180  uart.o(.text)
    UART_RxChar                              0x00001384   ARM Code     108  uart.o(.text)
    UART_TxChar                              0x000013f0   ARM Code     100  uart.o(.text)
    UART_TxString                            0x00001454   ARM Code      48  uart.o(.text)
    UART_RxString                            0x00001484   ARM Code     140  uart.o(.text)
    UART_TxNumber                            0x00001510   ARM Code     320  uart.o(.text)
    UART_TxFloatNumber                       0x00001650   ARM Code     132  uart.o(.text)
    UART_Printf                              0x000016d4   ARM Code     996  uart.o(.text)
    __aeabi_idiv                             0x00001ac8   ARM Code       0  aeabi_sdiv.o(.text)
    __aeabi_idivmod                          0x00001ac8   ARM Code     384  aeabi_sdiv.o(.text)
    __use_two_region_memory                  0x00001c49   Thumb Code     2  heapauxi.o(.text)
    __rt_heap_escrow$2region                 0x00001c4b   Thumb Code     2  heapauxi.o(.text)
    __rt_heap_expand$2region                 0x00001c4d   Thumb Code     2  heapauxi.o(.text)
    __user_setup_stackheap                   0x00001c50   ARM Code      96  sys_stackheap_outer.o(.text)
    exit                                     0x00001cb1   Thumb Code    12  exit.o(.text)
    __user_libspace                          0x00001cbc   ARM Code      12  libspace.o(.text)
    __user_perproc_libspace                  0x00001cbc   ARM Code       0  libspace.o(.text)
    __user_perthread_libspace                0x00001cbc   ARM Code       0  libspace.o(.text)
    Inline ARM to Thumb Veneer to _sys_exit  0x00001cc8   ARM Code       8  sys_exit.o(.text)
    _sys_exit                                0x00001cd1   Thumb Code     8  sys_exit.o(.text)
    __rt_fp_status_addr                      0x00001cdc   ARM Code      12  rt_fp_status_addr_intlibspace.o(.text)
    __I$use$semihosting                      0x00001ce8   ARM Code       0  use_no_semi.o(.text)
    __use_no_semihosting_swi                 0x00001ce8   ARM Code       4  use_no_semi.o(.text)
    __aeabi_uidiv                            0x00001cec   ARM Code       0  aeabi_sdiv.o(.text_udiv)
    __aeabi_uidivmod                         0x00001cec   ARM Code      36  aeabi_sdiv.o(.text_udiv)
    __aeabi_d2f                              0x00001d10   ARM Code       0  d2f.o(x$fpl$d2f)
    _d2f                                     0x00001d10   ARM Code     108  d2f.o(x$fpl$d2f)
    __aeabi_dadd                             0x00001d7c   ARM Code       0  daddsub_noclz.o(x$fpl$dadd)
    _dadd                                    0x00001d7c   ARM Code     336  daddsub_noclz.o(x$fpl$dadd)
    __aeabi_d2uiz                            0x00001ed0   ARM Code       0  dfixu.o(x$fpl$dfixu)
    _dfixu                                   0x00001ed0   ARM Code     112  dfixu.o(x$fpl$dfixu)
    __aeabi_i2d                              0x00001f40   ARM Code       0  dflt_noclz.o(x$fpl$dflt)
    _dflt                                    0x00001f40   ARM Code      88  dflt_noclz.o(x$fpl$dflt)
    __dflt_normalise                         0x00001f50   ARM Code       0  dflt_noclz.o(x$fpl$dflt)
    __aeabi_ui2d                             0x00001f98   ARM Code       0  dflt_noclz.o(x$fpl$dfltu)
    _dfltu                                   0x00001f98   ARM Code      12  dflt_noclz.o(x$fpl$dfltu)
    __aeabi_dmul                             0x00001fa4   ARM Code       0  dmul.o(x$fpl$dmul)
    _dmul                                    0x00001fa4   ARM Code     372  dmul.o(x$fpl$dmul)
    __fpl_dnaninf                            0x00002124   ARM Code     192  dnaninf.o(x$fpl$dnaninf)
    __fpl_dretinf                            0x000021e4   ARM Code      16  dretinf.o(x$fpl$dretinf)
    __aeabi_drsub                            0x000021f4   ARM Code       0  daddsub_noclz.o(x$fpl$drsb)
    _drsb                                    0x000021f4   ARM Code      24  daddsub_noclz.o(x$fpl$drsb)
    __aeabi_dsub                             0x0000220c   ARM Code       0  daddsub_noclz.o(x$fpl$dsub)
    _dsub                                    0x0000220c   ARM Code     576  daddsub_noclz.o(x$fpl$dsub)
    __aeabi_fadd                             0x00002450   ARM Code       0  faddsub_noclz.o(x$fpl$fadd)
    _fadd                                    0x00002450   ARM Code     196  faddsub_noclz.o(x$fpl$fadd)
    __aeabi_f2uiz                            0x00002514   ARM Code       0  ffixu.o(x$fpl$ffixu)
    _ffixu                                   0x00002514   ARM Code      84  ffixu.o(x$fpl$ffixu)
    __aeabi_i2f                              0x00002568   ARM Code       0  fflt_noclz.o(x$fpl$fflt)
    _fflt                                    0x00002568   ARM Code      92  fflt_noclz.o(x$fpl$fflt)
    __fflt_normalise                         0x00002574   ARM Code       0  fflt_noclz.o(x$fpl$fflt)
    __aeabi_ui2f                             0x000025c4   ARM Code       0  fflt_noclz.o(x$fpl$ffltu)
    _ffltu                                   0x000025c4   ARM Code       8  fflt_noclz.o(x$fpl$ffltu)
    __aeabi_fmul                             0x000025cc   ARM Code       0  fmul.o(x$fpl$fmul)
    _fmul                                    0x000025cc   ARM Code     256  fmul.o(x$fpl$fmul)
    __fpl_fnaninf                            0x000026cc   ARM Code     168  fnaninf.o(x$fpl$fnaninf)
    Inline Thumb to ARM Veneer to _fp_init   0x00002775   Thumb Code     4  fpinit.o(x$fpl$fpinit)
    _fp_init                                 0x00002778   ARM Code      24  fpinit.o(x$fpl$fpinit)
    __fplib_config_pureend_doubles           0x00002788   ARM Code       0  fpinit.o(x$fpl$fpinit)
    __fpl_fretinf                            0x00002790   ARM Code      16  fretinf.o(x$fpl$fretinf)
    __aeabi_frsub                            0x000027a0   ARM Code       0  faddsub_noclz.o(x$fpl$frsb)
    _frsb                                    0x000027a0   ARM Code      20  faddsub_noclz.o(x$fpl$frsb)
    __aeabi_fsub                             0x000027b4   ARM Code       0  faddsub_noclz.o(x$fpl$fsub)
    _fsub                                    0x000027b4   ARM Code     304  faddsub_noclz.o(x$fpl$fsub)
    Region$$Table$$Base                      0x000028e4   Number         0  anon$$obj.o(Region$$Table)
    __I$use$fp                               0x000028e4   ARM Code       0  usenofp.o(x$fpl$usenofp)
    Region$$Table$$Limit                     0x00002904   Number         0  anon$$obj.o(Region$$Table)
    ARR_LcdLineNumAddress_U8                 0x40000000   Data           4  lcd.o(.data)
    v_LcdTrackLineNum_U8                     0x40000004   Data           1  lcd.o(.data)
    v_LcdTrackCursorPos_U8                   0x40000005   Data           1  lcd.o(.data)
    LCDConfig                                0x40000008   Data          14  lcd.o(.bss)
    __libspace_start                         0x40000018   Data          96  libspace.o(.bss)
    __temporary_stack_top$libspace           0x40000078   Data           0  libspace.o(.bss)



==============================================================================

Memory Map of the image

  Image Entry point : 0x00000000

  Load Region LR_1 (Base: 0x00000000, Size: 0x0000290c, Max: 0xffffffff, ABSOLUTE)

    Execution Region ER_RO (Base: 0x00000000, Size: 0x00002904, Max: 0xffffffff, ABSOLUTE)

    Base Addr    Size         Type   Attr      Idx    E Section Name        Object

    0x00000000   0x00000008   Code   RO          132  * !!!main             c_t.l(__main.o)
    0x00000008   0x0000003c   Code   RO          349    !!!scatter          c_t.l(__scatter.o)
    0x00000044   0x00000028   Code   RO          351    !!handler_copy      c_t.l(__scatter_copy.o)
    0x0000006c   0x0000002c   Code   RO          353    !!handler_zi        c_t.l(__scatter_zi.o)
    0x00000098   0x00000008   Ven    RO          217    .ARM.Collect$$libinit$$00000000  c_t.l(libinit.o)
    0x000000a0   0x00000006   Code   RO          217    .ARM.Collect$$libinit$$00000000  c_t.l(libinit.o)
    0x000000a6   0x00000000   Code   RO          231    .ARM.Collect$$libinit$$00000006  c_t.l(libinit2.o)
    0x000000a6   0x00000000   Code   RO          233    .ARM.Collect$$libinit$$00000008  c_t.l(libinit2.o)
    0x000000a6   0x00000000   Code   RO          235    .ARM.Collect$$libinit$$0000000A  c_t.l(libinit2.o)
    0x000000a6   0x00000000   Code   RO          238    .ARM.Collect$$libinit$$0000000D  c_t.l(libinit2.o)
    0x000000a6   0x00000000   Code   RO          240    .ARM.Collect$$libinit$$0000000F  c_t.l(libinit2.o)
    0x000000a6   0x00000000   Code   RO          242    .ARM.Collect$$libinit$$00000011  c_t.l(libinit2.o)
    0x000000a6   0x00000000   Code   RO          244    .ARM.Collect$$libinit$$00000013  c_t.l(libinit2.o)
    0x000000a6   0x00000000   Code   RO          246    .ARM.Collect$$libinit$$00000015  c_t.l(libinit2.o)
    0x000000a6   0x00000000   Code   RO          248    .ARM.Collect$$libinit$$00000017  c_t.l(libinit2.o)
    0x000000a6   0x00000000   Code   RO          250    .ARM.Collect$$libinit$$00000019  c_t.l(libinit2.o)
    0x000000a6   0x00000000   Code   RO          252    .ARM.Collect$$libinit$$0000001B  c_t.l(libinit2.o)
    0x000000a6   0x00000000   Code   RO          254    .ARM.Collect$$libinit$$0000001D  c_t.l(libinit2.o)
    0x000000a6   0x00000000   Code   RO          256    .ARM.Collect$$libinit$$0000001F  c_t.l(libinit2.o)
    0x000000a6   0x00000000   Code   RO          258    .ARM.Collect$$libinit$$00000021  c_t.l(libinit2.o)
    0x000000a6   0x00000000   Code   RO          262    .ARM.Collect$$libinit$$00000028  c_t.l(libinit2.o)
    0x000000a6   0x00000000   Code   RO          264    .ARM.Collect$$libinit$$0000002A  c_t.l(libinit2.o)
    0x000000a6   0x00000000   Code   RO          266    .ARM.Collect$$libinit$$0000002C  c_t.l(libinit2.o)
    0x000000a6   0x00000000   Code   RO          268    .ARM.Collect$$libinit$$0000002E  c_t.l(libinit2.o)
    0x000000a6   0x0000000c   Code   RO          269    .ARM.Collect$$libinit$$0000002F  c_t.l(libinit2.o)
    0x000000b2   0x00000002   PAD
    0x000000b4   0x00000008   Ven    RO          307    .ARM.Collect$$libshutdown$$00000000  c_t.l(libshutdown.o)
    0x000000bc   0x00000004   Code   RO          307    .ARM.Collect$$libshutdown$$00000000  c_t.l(libshutdown.o)
    0x000000c0   0x00000000   Code   RO          334    .ARM.Collect$$libshutdown$$00000003  c_t.l(libshutdown2.o)
    0x000000c0   0x00000000   Code   RO          337    .ARM.Collect$$libshutdown$$00000006  c_t.l(libshutdown2.o)
    0x000000c0   0x00000000   Code   RO          340    .ARM.Collect$$libshutdown$$00000009  c_t.l(libshutdown2.o)
    0x000000c0   0x00000000   Code   RO          342    .ARM.Collect$$libshutdown$$0000000B  c_t.l(libshutdown2.o)
    0x000000c0   0x00000000   Code   RO          345    .ARM.Collect$$libshutdown$$0000000E  c_t.l(libshutdown2.o)
    0x000000c0   0x00000006   Code   RO          346    .ARM.Collect$$libshutdown$$0000000F  c_t.l(libshutdown2.o)
    0x000000c6   0x00000002   PAD
    0x000000c8   0x00000000   Code   RO          168    .ARM.Collect$$rtentry$$00000000  c_t.l(rtentry.o)
    0x000000c8   0x00000000   Code   RO          184    .ARM.Collect$$rtentry$$00000002  c_t.l(rtentry2.o)
    0x000000c8   0x00000008   Code   RO          199    .ARM.Collect$$rtentry$$00000004  c_t.l(rtentry4.o)
    0x000000d0   0x00000000   Code   RO          186    .ARM.Collect$$rtentry$$00000009  c_t.l(rtentry2.o)
    0x000000d0   0x00000004   Code   RO          187    .ARM.Collect$$rtentry$$0000000A  c_t.l(rtentry2.o)
    0x000000d4   0x00000000   Code   RO          189    .ARM.Collect$$rtentry$$0000000C  c_t.l(rtentry2.o)
    0x000000d4   0x00000028   Code   RO          190    .ARM.Collect$$rtentry$$0000000D  c_t.l(rtentry2.o)
    0x000000fc   0x00000004   Ven    RO          221    .ARM.Collect$$rtexit$$00000000  c_t.l(rtexit.o)
    0x00000100   0x00000004   Code   RO          221    .ARM.Collect$$rtexit$$00000000  c_t.l(rtexit.o)
    0x00000104   0x00000000   Code   RO          275    .ARM.Collect$$rtexit$$00000002  c_t.l(rtexit2.o)
    0x00000104   0x00000004   Code   RO          276    .ARM.Collect$$rtexit$$00000003  c_t.l(rtexit2.o)
    0x00000108   0x00000008   Code   RO          277    .ARM.Collect$$rtexit$$00000004  c_t.l(rtexit2.o)
    0x00000110   0x00000020   Code   RO            4    .text               startup.o
    0x00000130   0x000000b0   Code   RO           11    .text               main.o
    0x000001e0   0x0000008c   Code   RO           45    .text               delay.o
    0x0000026c   0x000002f0   Code   RO           57    .text               gpio.o
    0x0000055c   0x00000c8c   Code   RO           69    .text               lcd.o
    0x000011e8   0x00000064   Code   RO           88    .text               systeminit.o
    0x0000124c   0x0000087c   Code   RO          100    .text               uart.o
    0x00001ac8   0x00000180   Code   RO          114    .text               c_t.l(aeabi_sdiv.o)
    0x00001c48   0x00000006   Code   RO          130    .text               c_t.l(heapauxi.o)
    0x00001c4e   0x00000002   PAD
    0x00001c50   0x00000060   Code   RO          203    .text               c_t.l(sys_stackheap_outer.o)
    0x00001cb0   0x0000000c   Code   RO          205    .text               c_t.l(exit.o)
    0x00001cbc   0x0000000c   Code   RO          218    .text               c_t.l(libspace.o)
    0x00001cc8   0x00000008   Ven    RO          272    .text               c_t.l(sys_exit.o)
    0x00001cd0   0x0000000c   Code   RO          272    .text               c_t.l(sys_exit.o)
    0x00001cdc   0x0000000c   Code   RO          285    .text               c_t.l(rt_fp_status_addr_intlibspace.o)
    0x00001ce8   0x00000004   Code   RO          297    .text               c_t.l(use_no_semi.o)
    0x00001cec   0x00000024   Code   RO          115    .text_udiv          c_t.l(aeabi_sdiv.o)
    0x00001d10   0x0000006c   Code   RO          134    x$fpl$d2f           fz_ts.l(d2f.o)
    0x00001d7c   0x00000154   Code   RO          136    x$fpl$dadd          fz_ts.l(daddsub_noclz.o)
    0x00001ed0   0x00000070   Code   RO          142    x$fpl$dfixu         fz_ts.l(dfixu.o)
    0x00001f40   0x00000058   Code   RO          147    x$fpl$dflt          fz_ts.l(dflt_noclz.o)
    0x00001f98   0x0000000c   Code   RO          146    x$fpl$dfltu         fz_ts.l(dflt_noclz.o)
    0x00001fa4   0x00000180   Code   RO          150    x$fpl$dmul          fz_ts.l(dmul.o)
    0x00002124   0x000000c0   Code   RO          174    x$fpl$dnaninf       fz_ts.l(dnaninf.o)
    0x000021e4   0x00000010   Code   RO          176    x$fpl$dretinf       fz_ts.l(dretinf.o)
    0x000021f4   0x00000018   Code   RO          137    x$fpl$drsb          fz_ts.l(daddsub_noclz.o)
    0x0000220c   0x00000244   Code   RO          138    x$fpl$dsub          fz_ts.l(daddsub_noclz.o)
    0x00002450   0x000000c4   Code   RO          152    x$fpl$fadd          fz_ts.l(faddsub_noclz.o)
    0x00002514   0x00000054   Code   RO          158    x$fpl$ffixu         fz_ts.l(ffixu.o)
    0x00002568   0x0000005c   Code   RO          163    x$fpl$fflt          fz_ts.l(fflt_noclz.o)
    0x000025c4   0x00000008   Code   RO          162    x$fpl$ffltu         fz_ts.l(fflt_noclz.o)
    0x000025cc   0x00000100   Code   RO          166    x$fpl$fmul          fz_ts.l(fmul.o)
    0x000026cc   0x000000a8   Code   RO          178    x$fpl$fnaninf       fz_ts.l(fnaninf.o)
    0x00002774   0x00000004   Ven    RO          270    x$fpl$fpinit        fz_ts.l(fpinit.o)
    0x00002778   0x00000018   Code   RO          270    x$fpl$fpinit        fz_ts.l(fpinit.o)
    0x00002790   0x00000010   Code   RO          180    x$fpl$fretinf       fz_ts.l(fretinf.o)
    0x000027a0   0x00000014   Code   RO          153    x$fpl$frsb          fz_ts.l(faddsub_noclz.o)
    0x000027b4   0x00000130   Code   RO          154    x$fpl$fsub          fz_ts.l(faddsub_noclz.o)
    0x000028e4   0x00000000   Code   RO          182    x$fpl$usenofp       fz_ts.l(usenofp.o)
    0x000028e4   0x00000020   Data   RO          347    Region$$Table       anon$$obj.o


    Execution Region ER_RW (Base: 0x40000000, Size: 0x00000008, Max: 0xffffffff, ABSOLUTE)

    Base Addr    Size         Type   Attr      Idx    E Section Name        Object

    0x40000000   0x00000006   Data   RW           71    .data               lcd.o


    Execution Region ER_ZI (Base: 0x40000008, Size: 0x000004f8, Max: 0xffffffff, ABSOLUTE)

    Base Addr    Size         Type   Attr      Idx    E Section Name        Object

    0x40000008   0x0000000e   Zero   RW           70    .bss                lcd.o
    0x40000016   0x00000002   PAD
    0x40000018   0x00000060   Zero   RW          219    .bss                c_t.l(libspace.o)
    0x40000078   0x00000000   Zero   RW            2    HEAP                startup.o
    0x40000078   0x00000488   Zero   RW            1    STACK               startup.o


==============================================================================

Image component sizes


      Code (inc. data)   RO Data    RW Data    ZI Data      Debug   Object Name

       140          0          0          0          0        910   delay.o
       752          8          0          0          0       1480   gpio.o
      3212         20          0          6         14       6963   lcd.o
       176         32          0          0          0       9335   main.o
        32         12          0          0       1160        244   startup.o
       100          4          0          0          0        453   systeminit.o
      2172         16          0          0          0       3842   uart.o

    ----------------------------------------------------------------------
      6584         92         32          8       1176      23227   Object Totals
         0          0         32          0          0          0   (incl. Generated)
         0          0          0          2          2          1   (incl. Padding)

    ----------------------------------------------------------------------

      Code (inc. data)   RO Data    RW Data    ZI Data      Debug   Library Member Name

         8          0          0          0          0         68   __main.o
        60          8          0          0          0          0   __scatter.o
        40          0          0          0          0          0   __scatter_copy.o
        44          0          0          0          0          0   __scatter_zi.o
       420          0          0          0          0        148   aeabi_sdiv.o
        12          0          0          0          0         60   exit.o
         6          0          0          0          0        136   heapauxi.o
        14          0          0          0          0          0   libinit.o
        12          0          0          0          0          0   libinit2.o
        12          0          0          0          0          0   libshutdown.o
         6          0          0          0          0          0   libshutdown2.o
        12          4          0          0         96         68   libspace.o
        12          4          0          0          0         68   rt_fp_status_addr_intlibspace.o
         0          0          0          0          0          0   rtentry.o
        44          4          0          0          0          0   rtentry2.o
         8          0          0          0          0          0   rtentry4.o
         8          0          0          0          0          0   rtexit.o
        12          0          0          0          0          0   rtexit2.o
        20          4          0          0          0         60   sys_exit.o
        96          0          0          0          0         80   sys_stackheap_outer.o
         4          0          0          0          0         68   use_no_semi.o
       108          4          0          0          0         92   d2f.o
       944         16          0          0          0        372   daddsub_noclz.o
       112          4          0          0          0         92   dfixu.o
       100          0          0          0          0        136   dflt_noclz.o
       384         16          0          0          0        124   dmul.o
       192          0          0          0          0        108   dnaninf.o
        16          0          0          0          0         68   dretinf.o
       520          8          0          0          0        236   faddsub_noclz.o
        84          4          0          0          0         84   ffixu.o
       100          0          0          0          0        136   fflt_noclz.o
       256          4          0          0          0         84   fmul.o
       168          0          0          0          0        100   fnaninf.o
        28          0          0          0          0         80   fpinit.o
        16          0          0          0          0         68   fretinf.o
         0          0          0          0          0          0   usenofp.o

    ----------------------------------------------------------------------
      3884         80          0          0         96       2536   Library Totals
         6          0          0          0          0          0   (incl. Padding)

    ----------------------------------------------------------------------

      Code (inc. data)   RO Data    RW Data    ZI Data      Debug   Library Name

       850         24          0          0         96        756   c_t.l
      3028         56          0          0          0       1780   fz_ts.l

    ----------------------------------------------------------------------
      3884         80          0          0         96       2536   Library Totals

    ----------------------------------------------------------------------

==============================================================================


      Code (inc. data)   RO Data    RW Data    ZI Data      Debug   

     10468        172         32          8       1272      24116   Grand Totals
     10468        172         32          8       1272      24116   ELF Image Totals
     10468        172         32          8          0          0   ROM Totals

==============================================================================

    Total RO  Size (Code + RO Data)                10500 (  10.25kB)
    Total RW  Size (RW Data + ZI Data)              1280 (   1.25kB)
    Total ROM Size (Code + RO Data + RW Data)      10508 (  10.26kB)

==============================================================================

