<html>
<body>
<pre>
<h1>µVision Build Log</h1>
<h2>Project:</h2>
F:\GitHub\LPC2148\LPC2148_Stick\software\TutorialExamples\LedBlinking1\LedBlinking1.uvproj
Project File Date:  07/20/2016

<h2>Output:</h2>
Build target 'Target 1'
assembling Startup.s...
linking...
LedBlinking1.axf: Warning: L6665W: Neither Lib$$Request$$armlib Lib$$Request$$cpplib defined, not searching ARM libraries.
LedBlinking1.axf: Error: L6411E: No compatible library exists with a definition of startup symbol __main.
Target not created
Build target 'Target 1'
assembling Startup.s...
compiling main.c...
main.c(26): warning:  #1-D: last line of file ends without a newline
linking...
Program Size: Code=596 RO-data=16 RW-data=0 ZI-data=1256  
"LedBlinking1.axf" - 0 Error(s), 1 Warning(s).
Build target 'Target 1'
compiling main.c...
linking...
Program Size: Code=596 RO-data=16 RW-data=0 ZI-data=1256  
"LedBlinking1.axf" - 0 Error(s), 0 Warning(s).
Build target 'Target 1'
assembling Startup.s...
compiling main.c...
linking...
Program Size: Code=596 RO-data=16 RW-data=0 ZI-data=1256  
FromELF: creating hex file...
"LedBlinking1.axf" - 0 Error(s), 0 Warning(s).
Build target 'Target 1'
assembling Startup.s...
compiling main.c...
linking...
Program Size: Code=580 RO-data=16 RW-data=0 ZI-data=1256  
FromELF: creating hex file...
"LedBlinking1.axf" - 0 Error(s), 0 Warning(s).
Build target 'Target 1'
assembling Startup.s...
compiling main.c...
linking...
Program Size: Code=568 RO-data=16 RW-data=0 ZI-data=1256  
FromELF: creating hex file...
"LedBlinking1.axf" - 0 Error(s), 0 Warning(s).
Build target 'Target 1'
assembling Startup.s...
compiling main.c...
main.c(16): warning:  #174-D: expression has no effect
linking...
Program Size: Code=580 RO-data=16 RW-data=0 ZI-data=1256  
FromELF: creating hex file...
"LedBlinking1.axf" - 0 Error(s), 1 Warning(s).
Build target 'Target 1'
assembling Startup.s...
compiling main.c...
linking...
Program Size: Code=596 RO-data=16 RW-data=0 ZI-data=1256  
FromELF: creating hex file...
"LedBlinking1.axf" - 0 Error(s), 0 Warning(s).
Build target 'Target 1'
assembling Startup.s...
compiling main.c...
linking...
Program Size: Code=596 RO-data=16 RW-data=0 ZI-data=1256  
FromELF: creating hex file...
"LedBlinking1.axf" - 0 Error(s), 0 Warning(s).
Build target 'Target 1'
assembling Startup.s...
compiling main.c...
linking...
Program Size: Code=596 RO-data=16 RW-data=0 ZI-data=1256  
FromELF: creating hex file...
"LedBlinking1.axf" - 0 Error(s), 0 Warning(s).
Build target 'Target 1'
assembling Startup.s...
compiling main.c...
linking...
Program Size: Code=596 RO-data=16 RW-data=0 ZI-data=1256  
FromELF: creating hex file...
"LedBlinking1.axf" - 0 Error(s), 0 Warning(s).
Build target 'Target 1'
assembling Startup.s...
compiling main.c...
linking...
Program Size: Code=588 RO-data=16 RW-data=0 ZI-data=1256  
FromELF: creating hex file...
"LedBlinking1.axf" - 0 Error(s), 0 Warning(s).
Build target 'Target 1'
assembling Startup.s...
compiling main.c...
linking...
Program Size: Code=588 RO-data=16 RW-data=0 ZI-data=1256  
FromELF: creating hex file...
"LedBlinking1.axf" - 0 Error(s), 0 Warning(s).
Build target 'Target 1'
assembling Startup.s...
compiling main.c...
linking...
Program Size: Code=588 RO-data=16 RW-data=0 ZI-data=1256  
FromELF: creating hex file...
"LedBlinking1.axf" - 0 Error(s), 0 Warning(s).
Build target 'Target 1'
assembling Startup.s...
compiling main.c...
linking...
Program Size: Code=588 RO-data=16 RW-data=0 ZI-data=1256  
FromELF: creating hex file...
"LedBlinking1.axf" - 0 Error(s), 0 Warning(s).
Build target 'Target 1'
assembling Startup.s...
compiling main.c...
linking...
Program Size: Code=568 RO-data=16 RW-data=0 ZI-data=1256  
FromELF: creating hex file...
"LedBlinking1.axf" - 0 Error(s), 0 Warning(s).
Build target 'Target 1'
assembling Startup.s...
compiling main.c...
linking...
Program Size: Code=588 RO-data=16 RW-data=0 ZI-data=1256  
FromELF: creating hex file...
"LedBlinking1.axf" - 0 Error(s), 0 Warning(s).
Build target 'Target 1'
assembling Startup.s...
compiling main.c...
linking...
Program Size: Code=588 RO-data=16 RW-data=0 ZI-data=1256  
FromELF: creating hex file...
"LedBlinking1.axf" - 0 Error(s), 0 Warning(s).
Build target 'Target 1'
assembling Startup.s...
compiling main.c...
linking...
Program Size: Code=588 RO-data=16 RW-data=0 ZI-data=1256  
FromELF: creating hex file...
"LedBlinking1.axf" - 0 Error(s), 0 Warning(s).
Build target 'Target 1'
assembling Startup.s...
compiling main.c...
linking...
Program Size: Code=588 RO-data=16 RW-data=0 ZI-data=1256  
FromELF: creating hex file...
"LedBlinking1.axf" - 0 Error(s), 0 Warning(s).
Build target 'Target 1'
assembling Startup.s...
compiling main.c...
main.c(58): error:  #5: cannot open source input file "delay.h": No such file or directory
Target not created
Build target 'Target 1'
assembling Startup.s...
compiling main.c...
main.c(63): warning:  #951-D: return type of function "main" must be "int"
linking...
Program Size: Code=596 RO-data=16 RW-data=0 ZI-data=1256  
FromELF: creating hex file...
"LedBlinking1.axf" - 0 Error(s), 1 Warning(s).
Build target 'Target 1'
assembling Startup.s...
compiling main.c...
linking...
Program Size: Code=860 RO-data=16 RW-data=0 ZI-data=1256  
FromELF: creating hex file...
"LedBlinking1.axf" - 0 Error(s), 0 Warning(s).
Build target 'Target 1'
assembling Startup.s...
compiling main.c...
linking...
Program Size: Code=868 RO-data=16 RW-data=0 ZI-data=1256  
FromELF: creating hex file...
"LedBlinking1.axf" - 0 Error(s), 0 Warning(s).
Build target 'Target 1'
assembling Startup.s...
compiling main.c...
linking...
Program Size: Code=868 RO-data=16 RW-data=0 ZI-data=1256  
FromELF: creating hex file...
"LedBlinking1.axf" - 0 Error(s), 0 Warning(s).
Build target 'Target 1'
assembling Startup.s...
compiling main.c...
linking...
Program Size: Code=868 RO-data=16 RW-data=0 ZI-data=1256  
FromELF: creating hex file...
"LedBlinking1.axf" - 0 Error(s), 0 Warning(s).
Build target 'Target 1'
assembling Startup.s...
compiling main.c...
linking...
Program Size: Code=868 RO-data=16 RW-data=0 ZI-data=1256  
FromELF: creating hex file...
"LedBlinking1.axf" - 0 Error(s), 0 Warning(s).
Build target 'Target 1'
assembling Startup.s...
compiling main.c...
linking...
Program Size: Code=868 RO-data=16 RW-data=0 ZI-data=1256  
FromELF: creating hex file...
"LedBlinking1.axf" - 0 Error(s), 0 Warning(s).
Build target 'Target 1'
assembling Startup.s...
compiling main.c...
linking...
Program Size: Code=868 RO-data=16 RW-data=0 ZI-data=1256  
FromELF: creating hex file...
"LedBlinking1.axf" - 0 Error(s), 0 Warning(s).
