<html>
<body>
<pre>
<h1>µVision Build Log</h1>
<h2>Tool Versions:</h2>
IDE-Version: µVision V5.17.0.0
Copyright (C) 2015 ARM Ltd and ARM Germany GmbH. All rights reserved.
License Information: a a, a, LIC=3UUFW-Q9CIA-AUB4J-U4SZT-3GT96-EC7QS
 
Tool Versions:
Toolchain:       MDK-ARM Professional  Version: 5.17
Toolchain Path:  C:\Keil_v5\ARM\ARMCC\Bin
C Compiler:      Armcc.exe V5.06 update 1 (build 61)
Assembler:       Armasm.exe V5.06 update 1 (build 61)
Linker/Locator:  ArmLink.exe V5.06 update 1 (build 61)
Library Manager: ArmAr.exe V5.06 update 1 (build 61)
Hex Converter:   FromElf.exe V5.06 update 1 (build 61)
CPU DLL:         SARM.DLL V5.17
Dialog DLL:      DARMP.DLL V1.51
Target DLL:      UL2ARM.DLL V1.74.7.0
Dialog DLL:      TARMP.DLL V1.51
 
<h2>Project:</h2>
D:\SharedFolder\BoardCodes\Lpc2148\ExploreLpc2148_BreakOut\ExploreLPC2148_Board_Test\ExploreLPC2148_Board_Test.uvproj
Project File Date:  03/24/2016

<h2>Output:</h2>
*** Using Compiler 'V5.06 update 1 (build 61)', folder: 'C:\Keil_v5\ARM\ARMCC\Bin'
Rebuild target 'Target 1'
assembling Startup.s...
compiling adc.c...
compiling delay.c...
compiling eeprom.c...
compiling gpio.c...
compiling keypad.c...
compiling lcd.c...
compiling pwm.c...
compiling rtc.c...
compiling softi2c.c...
compiling systemInit.c...
compiling uart.c...
compiling main.c...
linking...
Program Size: Code=10508 RO-data=420 RW-data=12 ZI-data=1276  
After Build - User command #1: fromelf --bin Objects\ExploreLPC2148_Board_Test.axf --output LPC2148_Board_Test.bin
".\Objects\ExploreLPC2148_Board_Test.axf" - 0 Error(s), 0 Warning(s).
Build Time Elapsed:  00:00:06
</pre>
</body>
</html>
