<html>
<body>
<pre>
<h1>µVision Build Log</h1>
<h2>Project:</h2>
D:\code\LPC2148_Code\Lcd\Lcd.uvproj
Project File Date:  08/17/2015

<h2>Output:</h2>
Build target 'Target 1'
assembling Startup.s...
compiling delay.c...
compiling gpio.c...
compiling lcd.c...
lcd.c(679): warning:  #550-D: variable "var_floatNum_f32" was set but never used
compiling main.c...
main.c(6): warning:  #951-D: return type of function "main" must be "int"
linking...
Program Size: Code=5468 RO-data=32 RW-data=8 ZI-data=1272  
FromELF: creating hex file...
User command #1: fromelf -bin lcd.axf -o lcd.bin
Warning: Q3910W: Old syntax, please use '--bin'.
Finished: 0 information, 1 warning and 0 error messages.
"Lcd.axf" - 0 Error(s), 2 Warning(s).
Build target 'Target 1'
assembling Startup.s...
compiling delay.c...
compiling gpio.c...
compiling lcd.c...
lcd.c(679): warning:  #550-D: variable "var_floatNum_f32" was set but never used
compiling main.c...
main.c(6): warning:  #951-D: return type of function "main" must be "int"
linking...
Program Size: Code=5468 RO-data=32 RW-data=8 ZI-data=1272  
FromELF: creating hex file...
User command #1: fromelf --bin lcd.axf -o lcd.bin
"Lcd.axf" - 0 Error(s), 2 Warning(s).
