<html>
<body>
<pre>
<h1>µVision Build Log</h1>
<h2>Project:</h2>
F:\GitHub\LPC2148\LPC2148_Stick\SampleCodes\Keil_Sample_Code\07e-ADC_Temperature_LCD\07e-ADC_Temperature_LCD.uvproj
Project File Date:  07/25/2016

<h2>Output:</h2>
Build target 'Target 1'
assembling Startup.s...
compiling main.c...
main.c(28): error:  #5: cannot open source input file "adc.h": No such file or directory
compiling adc.c...
compiling delay.c...
compiling gpio.c...
compiling lcd.c...
compiling systemInit.c...
Target not created
Build target 'Target 1'
assembling Startup.s...
compiling main.c...
main.c(41): error:  #20: identifier "P2_0" is undefined
main.c(41): error:  #20: identifier "P2_1" is undefined
main.c(41): error:  #20: identifier "P2_2" is undefined
compiling adc.c...
compiling delay.c...
compiling gpio.c...
compiling lcd.c...
compiling systemInit.c...
Target not created
Build target 'Target 1'
assembling Startup.s...
compiling main.c...
compiling adc.c...
compiling delay.c...
compiling gpio.c...
compiling lcd.c...
compiling systemInit.c...
linking...
Program Size: Code=8860 RO-data=64 RW-data=8 ZI-data=1272  
FromELF: creating hex file...
"07e-ADC_Temperature_LCD.axf" - 0 Error(s), 0 Warning(s).
Build target 'Target 1'
assembling Startup.s...
compiling main.c...
compiling adc.c...
compiling delay.c...
compiling gpio.c...
compiling lcd.c...
compiling systemInit.c...
linking...
Program Size: Code=8500 RO-data=64 RW-data=8 ZI-data=1272  
FromELF: creating hex file...
"07e-ADC_Temperature_LCD.axf" - 0 Error(s), 0 Warning(s).
Build target 'Target 1'
assembling Startup.s...
compiling main.c...
compiling adc.c...
compiling delay.c...
compiling gpio.c...
compiling lcd.c...
compiling systemInit.c...
linking...
Program Size: Code=8500 RO-data=64 RW-data=8 ZI-data=1272  
FromELF: creating hex file...
"07e-ADC_Temperature_LCD.axf" - 0 Error(s), 0 Warning(s).
