<html>
<body>
<pre>
<h1>µVision Build Log</h1>
<h2>Project:</h2>
F:\GitHub\LPC2148\LPC2148_Stick\software\TutorialExamples\AdcExample1\AdcExample1.uvproj
Project File Date:  07/21/2016

<h2>Output:</h2>
Build target 'Target 1'
assembling Startup.s...
compiling main.c...
main.c(17): warning:  #951-D: return type of function "main" must be "int"
main.c(20): warning:  #223-D: function "SystemInit" declared implicitly
main.c(29): error:  #20: identifier "LPC_SC" is undefined
main.c(29): error:  #134: expected a field name
main.c(43): error:  #20: identifier "LPC_ADC" is undefined
main.c(52): warning:  #1-D: last line of file ends without a newline
compiling delay.c...
compiling gpio.c...
compiling lcd.c...
compiling systemInit.c...
Target not created
Build target 'Target 1'
assembling Startup.s...
compiling main.c...
main.c(20): warning:  #223-D: function "SystemInit" declared implicitly
main.c(40): error:  #20: identifier "LPC_ADC" is undefined
main.c(49): warning:  #1-D: last line of file ends without a newline
compiling delay.c...
compiling gpio.c...
compiling lcd.c...
compiling systemInit.c...
Target not created
Build target 'Target 1'
assembling Startup.s...
compiling main.c...
main.c(20): warning:  #223-D: function "SystemInit" declared implicitly
main.c(40): error:  #20: identifier "ADCR" is undefined
main.c(49): warning:  #1-D: last line of file ends without a newline
compiling delay.c...
compiling gpio.c...
compiling lcd.c...
compiling systemInit.c...
Target not created
Build target 'Target 1'
assembling Startup.s...
compiling main.c...
main.c(20): warning:  #223-D: function "SystemInit" declared implicitly
main.c(49): warning:  #1-D: last line of file ends without a newline
compiling delay.c...
compiling gpio.c...
compiling lcd.c...
compiling systemInit.c...
linking...
Program Size: Code=7384 RO-data=32 RW-data=8 ZI-data=1272  
FromELF: creating hex file...
"AdcExample1.axf" - 0 Error(s), 2 Warning(s).
Build target 'Target 1'
assembling Startup.s...
compiling main.c...
main.c(50): warning:  #1-D: last line of file ends without a newline
compiling delay.c...
compiling gpio.c...
compiling lcd.c...
compiling systemInit.c...
linking...
Program Size: Code=7384 RO-data=32 RW-data=8 ZI-data=1272  
FromELF: creating hex file...
"AdcExample1.axf" - 0 Error(s), 1 Warning(s).
Build target 'Target 1'
assembling Startup.s...
compiling main.c...
compiling delay.c...
compiling gpio.c...
compiling lcd.c...
compiling systemInit.c...
linking...
Program Size: Code=7384 RO-data=32 RW-data=8 ZI-data=1272  
FromELF: creating hex file...
"AdcExample1.axf" - 0 Error(s), 0 Warning(s).
Build target 'Target 1'
assembling Startup.s...
compiling main.c...
compiling delay.c...
compiling gpio.c...
compiling lcd.c...
compiling systemInit.c...
linking...
Program Size: Code=7396 RO-data=32 RW-data=8 ZI-data=1272  
FromELF: creating hex file...
"AdcExample1.axf" - 0 Error(s), 0 Warning(s).
Build target 'Target 1'
assembling Startup.s...
compiling main.c...
compiling delay.c...
compiling gpio.c...
compiling lcd.c...
compiling systemInit.c...
linking...
Program Size: Code=7400 RO-data=32 RW-data=8 ZI-data=1272  
FromELF: creating hex file...
"AdcExample1.axf" - 0 Error(s), 0 Warning(s).
Build target 'Target 1'
assembling Startup.s...
compiling main.c...
main.c(42): warning:  #223-D: function "LCD_DataWrite" declared implicitly
compiling delay.c...
compiling gpio.c...
compiling lcd.c...
compiling systemInit.c...
linking...
AdcExample1.axf: Error: L6218E: Undefined symbol LCD_DataWrite (referred from main.o).
Target not created
Build target 'Target 1'
assembling Startup.s...
compiling main.c...
compiling delay.c...
compiling gpio.c...
compiling lcd.c...
compiling systemInit.c...
linking...
Program Size: Code=7416 RO-data=32 RW-data=8 ZI-data=1272  
FromELF: creating hex file...
"AdcExample1.axf" - 0 Error(s), 0 Warning(s).
Build target 'Target 1'
assembling Startup.s...
compiling main.c...
compiling delay.c...
compiling gpio.c...
compiling lcd.c...
compiling systemInit.c...
linking...
Program Size: Code=7452 RO-data=32 RW-data=8 ZI-data=1272  
FromELF: creating hex file...
"AdcExample1.axf" - 0 Error(s), 0 Warning(s).
Build target 'Target 1'
assembling Startup.s...
compiling main.c...
compiling delay.c...
compiling gpio.c...
compiling lcd.c...
compiling systemInit.c...
linking...
Program Size: Code=7460 RO-data=32 RW-data=8 ZI-data=1272  
FromELF: creating hex file...
"AdcExample1.axf" - 0 Error(s), 0 Warning(s).
Build target 'Target 1'
assembling Startup.s...
compiling main.c...
compiling delay.c...
compiling gpio.c...
compiling lcd.c...
compiling systemInit.c...
linking...
Program Size: Code=7444 RO-data=32 RW-data=8 ZI-data=1272  
FromELF: creating hex file...
"AdcExample1.axf" - 0 Error(s), 0 Warning(s).
Build target 'Target 1'
assembling Startup.s...
compiling main.c...
main.c(20): warning:  #177-D: variable "cnt" was declared but never referenced
compiling delay.c...
compiling gpio.c...
compiling lcd.c...
compiling systemInit.c...
linking...
Program Size: Code=7404 RO-data=32 RW-data=8 ZI-data=1272  
FromELF: creating hex file...
"AdcExample1.axf" - 0 Error(s), 1 Warning(s).
Build target 'Target 1'
assembling Startup.s...
compiling main.c...
compiling delay.c...
compiling gpio.c...
compiling lcd.c...
compiling systemInit.c...
linking...
Program Size: Code=7400 RO-data=32 RW-data=8 ZI-data=1272  
FromELF: creating hex file...
"AdcExample1.axf" - 0 Error(s), 0 Warning(s).
Build target 'Target 1'
assembling Startup.s...
compiling main.c...
compiling delay.c...
compiling gpio.c...
compiling lcd.c...
compiling systemInit.c...
linking...
Program Size: Code=7400 RO-data=32 RW-data=8 ZI-data=1272  
FromELF: creating hex file...
"AdcExample1.axf" - 0 Error(s), 0 Warning(s).
Build target 'Target 1'
assembling Startup.s...
compiling main.c...
compiling delay.c...
compiling gpio.c...
compiling lcd.c...
compiling systemInit.c...
linking...
Program Size: Code=7388 RO-data=32 RW-data=8 ZI-data=1272  
FromELF: creating hex file...
"AdcExample1.axf" - 0 Error(s), 0 Warning(s).
Build target 'Target 1'
assembling Startup.s...
compiling main.c...
compiling delay.c...
compiling gpio.c...
compiling lcd.c...
compiling systemInit.c...
linking...
Program Size: Code=7388 RO-data=32 RW-data=8 ZI-data=1272  
FromELF: creating hex file...
"AdcExample1.axf" - 0 Error(s), 0 Warning(s).
