<html>
<body>
<pre>
<h1>µVision Build Log</h1>
<h2>Project:</h2>
F:\GitHub\LPC2148\LPC2148_Stick\SampleCodes\Keil_Sample_Code\04c-Lcd_8bit_Scrolling\04c-Lcd_8bit_Scrolling.uvproj
Project File Date:  07/24/2016

<h2>Output:</h2>
Build target 'Target 1'
assembling Startup.s...
compiling main.c...
compiling delay.c...
compiling gpio.c...
compiling lcd.c...
compiling systemInit.c...
linking...
Program Size: Code=7244 RO-data=104 RW-data=8 ZI-data=1272  
FromELF: creating hex file...
"04c-Lcd_8bit_Scrolling.axf" - 0 Error(s), 0 Warning(s).
Build target 'Target 1'
assembling Startup.s...
compiling main.c...
compiling delay.c...
compiling gpio.c...
compiling lcd.c...
compiling systemInit.c...
linking...
Program Size: Code=7244 RO-data=104 RW-data=8 ZI-data=1272  
FromELF: creating hex file...
"04c-Lcd_8bit_Scrolling.axf" - 0 Error(s), 0 Warning(s).
