<html>
<body>
<pre>
<h1>µVision Build Log</h1>
<h2>Project:</h2>
F:\GitHub\LPC2148\LPC2148_Stick\SampleCodes\Keil_Sample_Code\10b-Keypad_LCD\10b-Keypad_LCD.uvproj
Project File Date:  07/25/2016

<h2>Output:</h2>
Build target 'Target 1'
assembling Startup.s...
compiling main.c...
compiling delay.c...
compiling gpio.c...
compiling keypad.c...
compiling lcd.c...
compiling systemInit.c...
linking...
Program Size: Code=8056 RO-data=48 RW-data=16 ZI-data=1272  
FromELF: creating hex file...
"10b-Keypad_LCD.axf" - 0 Error(s), 0 Warning(s).
Build target 'Target 1'
assembling Startup.s...
compiling main.c...
compiling delay.c...
compiling gpio.c...
compiling keypad.c...
compiling lcd.c...
compiling systemInit.c...
linking...
Program Size: Code=8056 RO-data=48 RW-data=16 ZI-data=1272  
FromELF: creating hex file...
"10b-Keypad_LCD.axf" - 0 Error(s), 0 Warning(s).
Build target 'Target 1'
assembling Startup.s...
compiling main.c...
compiling delay.c...
compiling gpio.c...
compiling keypad.c...
compiling lcd.c...
compiling systemInit.c...
linking...
Program Size: Code=8056 RO-data=48 RW-data=16 ZI-data=1272  
FromELF: creating hex file...
"10b-Keypad_LCD.axf" - 0 Error(s), 0 Warning(s).
Build target 'Target 1'
assembling Startup.s...
compiling main.c...
compiling delay.c...
compiling gpio.c...
compiling keypad.c...
compiling lcd.c...
compiling systemInit.c...
linking...
Program Size: Code=8056 RO-data=48 RW-data=16 ZI-data=1272  
FromELF: creating hex file...
"10b-Keypad_LCD.axf" - 0 Error(s), 0 Warning(s).
