<html>
<body>
<pre>
<h1>µVision Build Log</h1>
<h2>Project:</h2>
F:\GitHub\LPC2148\LPC2148_Stick\SampleCodes\Keil_Sample_Code\09b-RTC_LCD\09b-RTC_LCD.uvproj
Project File Date:  07/25/2016

<h2>Output:</h2>
Build target 'Target 1'
assembling Startup.s...
compiling main.c...
compiling delay.c...
compiling gpio.c...
compiling lcd.c...
compiling rtc.c...
compiling systemInit.c...
linking...
Program Size: Code=7548 RO-data=32 RW-data=8 ZI-data=1272  
FromELF: creating hex file...
"09b-RTC_LCD.axf" - 0 Error(s), 0 Warning(s).
