<html>
<body>
<pre>
<h1>µVision Build Log</h1>
<h2>Project:</h2>
F:\GitHub\LPC2148\LPC2148_Stick\SampleCodes\TutorialExamples\RTC_Example2\RTC_Example2.uvproj
Project File Date:  07/23/2016

<h2>Output:</h2>
Build target 'Target 1'
assembling Startup.s...
compiling main.c...
main.c(41): warning:  #1-D: last line of file ends without a newline
compiling delay.c...
compiling gpio.c...
compiling lcd.c...
compiling rtc.c...
compiling systemInit.c...
linking...
Program Size: Code=7548 RO-data=32 RW-data=8 ZI-data=1272  
FromELF: creating hex file...
"RTC_Example2.axf" - 0 Error(s), 1 Warning(s).
Build target 'Target 1'
assembling Startup.s...
compiling main.c...
compiling delay.c...
compiling gpio.c...
compiling lcd.c...
compiling rtc.c...
compiling systemInit.c...
linking...
Program Size: Code=7548 RO-data=32 RW-data=8 ZI-data=1272  
FromELF: creating hex file...
"RTC_Example2.axf" - 0 Error(s), 0 Warning(s).
