<html>
<body>
<pre>
<h1>µVision Build Log</h1>
<h2>Project:</h2>
F:\GitHub\LPC2148\LPC2148_Stick\SampleCodes\Keil_Sample_Code\07b-Adc_RawValue_Voltage\07b-Adc_RawValue_Voltage.uvproj
Project File Date:  07/24/2016

<h2>Output:</h2>
Build target 'Target 1'
assembling Startup.s...
compiling main.c...
main.c(28): error:  #5: cannot open source input file "LPC17xx.h": No such file or directory
compiling delay.c...
compiling gpio.c...
compiling systemInit.c...
compiling uart.c...
compiling adc.c...
Target not created
Build target 'Target 1'
assembling Startup.s...
compiling main.c...
main.c(28): error:  #5: cannot open source input file "systemInit.h": No such file or directory
compiling delay.c...
compiling gpio.c...
compiling systemInit.c...
compiling uart.c...
compiling adc.c...
Target not created
Build target 'Target 1'
assembling Startup.s...
compiling main.c...
compiling delay.c...
compiling gpio.c...
compiling systemInit.c...
compiling uart.c...
compiling adc.c...
linking...
Program Size: Code=6816 RO-data=48 RW-data=0 ZI-data=1256  
FromELF: creating hex file...
"07b-Adc_RawValue_Voltage.axf" - 0 Error(s), 0 Warning(s).
Build target 'Target 1'
assembling Startup.s...
compiling main.c...
compiling delay.c...
compiling gpio.c...
compiling systemInit.c...
compiling uart.c...
compiling adc.c...
linking...
Program Size: Code=6816 RO-data=48 RW-data=0 ZI-data=1256  
FromELF: creating hex file...
"07b-Adc_RawValue_Voltage.axf" - 0 Error(s), 0 Warning(s).
Build target 'Target 1'
assembling Startup.s...
compiling main.c...
compiling delay.c...
compiling gpio.c...
compiling systemInit.c...
compiling uart.c...
compiling adc.c...
linking...
Program Size: Code=6816 RO-data=48 RW-data=0 ZI-data=1256  
FromELF: creating hex file...
"07b-Adc_RawValue_Voltage.axf" - 0 Error(s), 0 Warning(s).
