<html>
<body>
<pre>
<h1>µVision Build Log</h1>
<h2>Project:</h2>
F:\GitHub\LPC2148\LPC2148_Stick\software\TutorialExamples\SwitchLed2\SwitchLed2.uvproj
Project File Date:  07/20/2016

<h2>Output:</h2>
Build target 'Target 1'
assembling Startup.s...
compiling main.c...
main.c: Error: C3065E: type of input file 'Sample' unknown
main.c: Error: C3065E: type of input file 'Code\00-libfiles' unknown
Target not created
Build target 'Target 1'
assembling Startup.s...
compiling main.c...
main.c: Error: C3065E: type of input file 'Sample' unknown
main.c: Error: C3065E: type of input file 'Code\00-libfiles' unknown
Target not created
Build target 'Target 1'
assembling Startup.s...
compiling main.c...
main.c: Error: C3065E: type of input file 'Sample' unknown
main.c: Error: C3065E: type of input file 'Code\00-libfiles' unknown
Target not created
Build target 'Target 1'
assembling Startup.s...
compiling main.c...
main.c: Error: C3065E: type of input file 'Sample' unknown
main.c: Error: C3065E: type of input file 'Code\00-libfiles' unknown
Target not created
Build target 'Target 1'
assembling Startup.s...
compiling main.c...
main.c(1): error:  #5: cannot open source input file "gpio.h": No such file or directory
compiling gpio.c...
compiling systemInit.c...
Target not created
Build target 'Target 1'
assembling Startup.s...
compiling main.c...
main.c: Error: C3065E: type of input file 'Sample' unknown
main.c: Error: C3065E: type of input file 'Code\00-libfiles' unknown
Target not created
Build target 'Target 1'
assembling Startup.s...
compiling main.c...
main.c(28): warning:  #1-D: last line of file ends without a newline
compiling gpio.c...
gpio.c: Error:  #5: cannot open source input file "..\..\Keil Sample Code\00-libfiles\gpio.c": No such file or directory
Target not created
Build target 'Target 1'
assembling Startup.s...
compiling main.c...
compiling gpio.c...
gpio.c: Error:  #5: cannot open source input file "..\..\Keil Sample Code\00-libfiles\gpio.c": No such file or directory
Target not created
Build target 'Target 1'
assembling Startup.s...
compiling main.c...
compiling gpio.c...
compiling systemInit.c...
linking...
Program Size: Code=1632 RO-data=16 RW-data=0 ZI-data=1256  
FromELF: creating hex file...
"SwitchLed2.axf" - 0 Error(s), 0 Warning(s).
Build target 'Target 1'
assembling Startup.s...
compiling main.c...
compiling gpio.c...
linking...
Program Size: Code=1632 RO-data=16 RW-data=0 ZI-data=1256  
FromELF: creating hex file...
"SwitchLed2.axf" - 0 Error(s), 0 Warning(s).
