<html>
<body>
<pre>
<h1>µVision Build Log</h1>
<h2>Project:</h2>
F:\GitHub\LPC2148\LPC2148_Stick\software\TutorialExamples\AdcExample2\AdcExample2.uvproj
Project File Date:  07/21/2016

<h2>Output:</h2>
Build target 'Target 1'
assembling Startup.s...
compiling main.c...
main.c(8): warning:  #951-D: return type of function "main" must be "int"
main.c(12): warning:  #223-D: function "SystemInit" declared implicitly
main.c(18): warning:  #223-D: function "ADC_Init" declared implicitly
main.c(21): warning:  #223-D: function "ADC_GetAdcValue" declared implicitly
main.c(21): error:  #20: identifier "AD0_1" is undefined
main.c(22): error:  #20: identifier "AD0_2" is undefined
main.c(23): error:  #20: identifier "AD0_3" is undefined
main.c(26): error:  #29: expected an expression
main.c(29): warning:  #1-D: last line of file ends without a newline
compiling delay.c...
compiling gpio.c...
compiling lcd.c...
compiling systemInit.c...
Target not created
Build target 'Target 1'
assembling Startup.s...
compiling main.c...
main.c(12): warning:  #223-D: function "SystemInit" declared implicitly
main.c(18): warning:  #223-D: function "ADC_Init" declared implicitly
main.c(21): warning:  #223-D: function "ADC_GetAdcValue" declared implicitly
main.c(21): error:  #20: identifier "AD0_1" is undefined
main.c(22): error:  #20: identifier "AD0_2" is undefined
main.c(23): error:  #20: identifier "AD0_3" is undefined
main.c(26): error:  #29: expected an expression
main.c(29): warning:  #1-D: last line of file ends without a newline
compiling delay.c...
compiling gpio.c...
compiling lcd.c...
compiling systemInit.c...
Target not created
Build target 'Target 1'
assembling Startup.s...
compiling main.c...
main.c(18): warning:  #223-D: function "ADC_Init" declared implicitly
main.c(21): warning:  #223-D: function "ADC_GetAdcValue" declared implicitly
main.c(21): error:  #20: identifier "AD0_1" is undefined
main.c(22): error:  #20: identifier "AD0_2" is undefined
main.c(23): error:  #20: identifier "AD0_3" is undefined
main.c(26): error:  #29: expected an expression
main.c(29): warning:  #1-D: last line of file ends without a newline
compiling delay.c...
compiling gpio.c...
compiling lcd.c...
compiling systemInit.c...
Target not created
Build target 'Target 1'
assembling Startup.s...
compiling main.c...
main.c(27): error:  #29: expected an expression
main.c(30): warning:  #1-D: last line of file ends without a newline
compiling delay.c...
compiling gpio.c...
compiling lcd.c...
compiling systemInit.c...
Target not created
Build target 'Target 1'
assembling Startup.s...
compiling main.c...
compiling delay.c...
compiling gpio.c...
compiling lcd.c...
compiling systemInit.c...
linking...
AdcExample2.axf: Error: L6218E: Undefined symbol ADC_GetAdcValue (referred from main.o).
AdcExample2.axf: Error: L6218E: Undefined symbol ADC_Init (referred from main.o).
Target not created
Build target 'Target 1'
assembling Startup.s...
compiling main.c...
compiling delay.c...
compiling gpio.c...
compiling lcd.c...
compiling systemInit.c...
compiling adc.c...
..\..\Keil_Sample_Code\00-libfiles\adc.c(92): error:  #20: identifier "pclk" is undefined
Target not created
Build target 'Target 1'
assembling Startup.s...
compiling main.c...
compiling delay.c...
compiling gpio.c...
compiling lcd.c...
compiling systemInit.c...
compiling adc.c...
linking...
Program Size: Code=7716 RO-data=64 RW-data=8 ZI-data=1272  
FromELF: creating hex file...
"AdcExample2.axf" - 0 Error(s), 0 Warning(s).
