<html>
<body>
<pre>
<h1>µVision Build Log</h1>
<h2>Project:</h2>
F:\GitHub\LPC2148\LPC2148_Stick\SampleCodes\Keil_Sample_Code\07a-ADC_UART\07a-ADC_UART.uvproj
Project File Date:  03/23/2016

<h2>Output:</h2>
Build target 'Target 1'
assembling Startup.s...
compiling main.c...
compiling adc.c...
compiling delay.c...
compiling gpio.c...
compiling systemInit.c...
compiling uart.c...
linking...
Program Size: Code=5380 RO-data=48 RW-data=0 ZI-data=1256  
User command #1: fromelf --bin Objects\07a-ADC_UART.axf --output 07a-ADC_UART.bin
".\Objects\07a-ADC_UART.axf" - 0 Error(s), 0 Warning(s).
