Component: ARM Compiler 5.06 update 1 (build 61) Tool: armlink [4d35a8]

==============================================================================

Section Cross References

    startup.o(STACK) refers (Special) to heapauxi.o(.text) for __use_two_region_memory
    startup.o(HEAP) refers (Special) to heapauxi.o(.text) for __use_two_region_memory
    startup.o(RESET) refers (Special) to heapauxi.o(.text) for __use_two_region_memory
    startup.o(RESET) refers to startup.o(STACK) for Stack_Top
    startup.o(RESET) refers to __main.o(!!!main) for __main
    startup.o(.text) refers (Special) to heapauxi.o(.text) for __use_two_region_memory
    startup.o(.text) refers to startup.o(HEAP) for Heap_Mem
    startup.o(.text) refers to startup.o(STACK) for Stack_Mem
    main.o(i.main) refers to systeminit.o(i.SystemInit) for SystemInit
    main.o(i.main) refers to glcd.o(i.GLCD_SetUp) for GLCD_SetUp
    main.o(i.main) refers to glcd.o(i.GLCD_Init) for GLCD_Init
    main.o(i.main) refers to glcd.o(i.GLCD_Printf) for GLCD_Printf
    main.o(i.main) refers to delay.o(i.DELAY_ms) for DELAY_ms
    main.o(i.main) refers to glcd.o(i.GLCD_Clear) for GLCD_Clear
    main.o(i.main) refers to glcd.o(i.GLCD_DrawHoriLine) for GLCD_DrawHoriLine
    main.o(i.main) refers to glcd.o(i.GLCD_DrawLine) for GLCD_DrawLine
    main.o(i.main) refers to glcd.o(i.GLCD_DrawCircle) for GLCD_DrawCircle
    main.o(i.main) refers to glcd.o(i.GLCD_DrawRect) for GLCD_DrawRect
    main.o(i.main) refers to glcd.o(i.GLCD_DrawFillRect) for GLCD_DrawFillRect
    main.o(i.main) refers to glcd.o(i.GLCD_InvertRect) for GLCD_InvertRect
    main.o(i.main) refers to glcd.o(i.GLCD_DrawFillCircle) for GLCD_DrawFillCircle
    main.o(i.main) refers to glcd.o(i.GLCD_GoToLine) for GLCD_GoToLine
    glcd.o(i.GLCD_Clear) refers to glcd.o(i.GLCD_GoToLine) for GLCD_GoToLine
    glcd.o(i.GLCD_Clear) refers to glcd.o(i.GLCD_GoToPage) for GLCD_GoToPage
    glcd.o(i.GLCD_Clear) refers to glcd.o(i.glcd_DataWrite) for glcd_DataWrite
    glcd.o(i.GLCD_DataRead) refers to glcd.o(.bss) for glcdConfig
    glcd.o(i.GLCD_DisableDisplayInversion) refers to glcd.o(.bss) for glcdConfig
    glcd.o(i.GLCD_DisplayChar) refers to glcd.o(i.GLCD_GoToNextLine) for GLCD_GoToNextLine
    glcd.o(i.GLCD_DisplayChar) refers to glcd.o(i.GLCD_GoToPage) for GLCD_GoToPage
    glcd.o(i.GLCD_DisplayChar) refers to glcd.o(i.glcd_DataWrite) for glcd_DataWrite
    glcd.o(i.GLCD_DisplayChar) refers to glcd.o(.bss) for glcdConfig
    glcd.o(i.GLCD_DisplayChar) refers to glcd.o(.data) for ARR_GlcdFont_U8
    glcd.o(i.GLCD_DisplayHorizontalGraph) refers to glcd.o(i.GLCD_SetCursor) for GLCD_SetCursor
    glcd.o(i.GLCD_DisplayHorizontalGraph) refers to glcd.o(i.GLCD_GoToPage) for GLCD_GoToPage
    glcd.o(i.GLCD_DisplayHorizontalGraph) refers to glcd.o(i.glcd_DataWrite) for glcd_DataWrite
    glcd.o(i.GLCD_DisplayHorizontalGraph) refers to glcd.o(i.GLCD_DisplayNumber) for GLCD_DisplayNumber
    glcd.o(i.GLCD_DisplayLogo) refers to glcd.o(i.glcd_SelectPage0) for glcd_SelectPage0
    glcd.o(i.GLCD_DisplayLogo) refers to glcd.o(i.glcd_CmdWrite) for glcd_CmdWrite
    glcd.o(i.GLCD_DisplayLogo) refers to glcd.o(i.glcd_SelectPage1) for glcd_SelectPage1
    glcd.o(i.GLCD_DisplayLogo) refers to glcd.o(i.glcd_DataWrite) for glcd_DataWrite
    glcd.o(i.GLCD_DisplayLogo) refers to glcd.o(i.GLCD_GoToLine) for GLCD_GoToLine
    glcd.o(i.GLCD_DisplayNumber) refers to glcd.o(i.GLCD_DisplayChar) for GLCD_DisplayChar
    glcd.o(i.GLCD_DisplayNumber) refers to aeabi_sdiv.o(.text_udiv) for __aeabi_uidivmod
    glcd.o(i.GLCD_DisplayString) refers to glcd.o(i.GLCD_DisplayChar) for GLCD_DisplayChar
    glcd.o(i.GLCD_DisplayVerticalGraph) refers to glcd.o(i.GLCD_SetCursor) for GLCD_SetCursor
    glcd.o(i.GLCD_DisplayVerticalGraph) refers to glcd.o(i.GLCD_DisplayNumber) for GLCD_DisplayNumber
    glcd.o(i.GLCD_DisplayVerticalGraph) refers to glcd.o(i.glcd_DataWrite) for glcd_DataWrite
    glcd.o(i.GLCD_DrawCircle) refers to glcd.o(i.GLCD_SetDot) for GLCD_SetDot
    glcd.o(i.GLCD_DrawFillCircle) refers to glcd.o(i.GLCD_DrawCircle) for GLCD_DrawCircle
    glcd.o(i.GLCD_DrawFillRect) refers to glcd.o(i.GLCD_DrawHoriLine) for GLCD_DrawHoriLine
    glcd.o(i.GLCD_DrawHoriLine) refers to glcd.o(i.GLCD_SetDot) for GLCD_SetDot
    glcd.o(i.GLCD_DrawHoriLine) refers to glcd.o(.bss) for glcdConfig
    glcd.o(i.GLCD_DrawLine) refers to glcd.o(i.GLCD_DrawVertLine) for GLCD_DrawVertLine
    glcd.o(i.GLCD_DrawLine) refers to glcd.o(i.GLCD_DrawHoriLine) for GLCD_DrawHoriLine
    glcd.o(i.GLCD_DrawLine) refers to glcd.o(i.GLCD_SetDot) for GLCD_SetDot
    glcd.o(i.GLCD_DrawRect) refers to glcd.o(i.GLCD_DrawHoriLine) for GLCD_DrawHoriLine
    glcd.o(i.GLCD_DrawRect) refers to glcd.o(i.GLCD_DrawVertLine) for GLCD_DrawVertLine
    glcd.o(i.GLCD_DrawRoundRect) refers to glcd.o(i.GLCD_SetDot) for GLCD_SetDot
    glcd.o(i.GLCD_DrawRoundRect) refers to glcd.o(i.GLCD_DrawHoriLine) for GLCD_DrawHoriLine
    glcd.o(i.GLCD_DrawRoundRect) refers to glcd.o(i.GLCD_DrawVertLine) for GLCD_DrawVertLine
    glcd.o(i.GLCD_DrawVertLine) refers to glcd.o(i.GLCD_SetDot) for GLCD_SetDot
    glcd.o(i.GLCD_DrawVertLine) refers to glcd.o(.bss) for glcdConfig
    glcd.o(i.GLCD_EnableDisplayInversion) refers to glcd.o(.bss) for glcdConfig
    glcd.o(i.GLCD_GetCursor) refers to glcd.o(.bss) for glcdConfig
    glcd.o(i.GLCD_GetXYData) refers to glcd.o(i.glcd_SelectPage1) for glcd_SelectPage1
    glcd.o(i.GLCD_GetXYData) refers to glcd.o(i.glcd_SelectPage0) for glcd_SelectPage0
    glcd.o(i.GLCD_GetXYData) refers to glcd.o(i.GLCD_SetCursor) for GLCD_SetCursor
    glcd.o(i.GLCD_GetXYData) refers to glcd.o(i.GLCD_DataRead) for GLCD_DataRead
    glcd.o(i.GLCD_GetXYData) refers to glcd.o(.bss) for glcdConfig
    glcd.o(i.GLCD_GoToLine) refers to glcd.o(i.GLCD_GoToPage) for GLCD_GoToPage
    glcd.o(i.GLCD_GoToLine) refers to glcd.o(.bss) for glcdConfig
    glcd.o(i.GLCD_GoToNextLine) refers to glcd.o(i.GLCD_GoToPage) for GLCD_GoToPage
    glcd.o(i.GLCD_GoToNextLine) refers to glcd.o(.bss) for glcdConfig
    glcd.o(i.GLCD_GoToPage) refers to glcd.o(i.glcd_SelectPage0) for glcd_SelectPage0
    glcd.o(i.GLCD_GoToPage) refers to glcd.o(i.glcd_SelectPage1) for glcd_SelectPage1
    glcd.o(i.GLCD_GoToPage) refers to glcd.o(i.glcd_CmdWrite) for glcd_CmdWrite
    glcd.o(i.GLCD_GoToPage) refers to glcd.o(.bss) for glcdConfig
    glcd.o(i.GLCD_Init) refers to glcd.o(i.glcd_SelectPage0) for glcd_SelectPage0
    glcd.o(i.GLCD_Init) refers to glcd.o(i.glcd_CmdWrite) for glcd_CmdWrite
    glcd.o(i.GLCD_Init) refers to glcd.o(i.glcd_SelectPage1) for glcd_SelectPage1
    glcd.o(i.GLCD_Init) refers to delay.o(i.DELAY_ms) for DELAY_ms
    glcd.o(i.GLCD_Init) refers to glcd.o(i.GLCD_GoToPage) for GLCD_GoToPage
    glcd.o(i.GLCD_Init) refers to glcd.o(i.GLCD_Clear) for GLCD_Clear
    glcd.o(i.GLCD_Init) refers to glcd.o(.bss) for glcdConfig
    glcd.o(i.GLCD_InvertRect) refers to glcd.o(i.GLCD_GetXYData) for GLCD_GetXYData
    glcd.o(i.GLCD_InvertRect) refers to glcd.o(i.glcd_DataWrite) for glcd_DataWrite
    glcd.o(i.GLCD_InvertRect) refers to glcd.o(.bss) for glcdConfig
    glcd.o(i.GLCD_Printf) refers to glcd.o(i.GLCD_DisplayChar) for GLCD_DisplayChar
    glcd.o(i.GLCD_Printf) refers to glcd.o(i.GLCD_DisplayNumber) for GLCD_DisplayNumber
    glcd.o(i.GLCD_Printf) refers to glcd.o(i.GLCD_DisplayString) for GLCD_DisplayString
    glcd.o(i.GLCD_SetCursor) refers to glcd.o(i.glcd_SelectPage0) for glcd_SelectPage0
    glcd.o(i.GLCD_SetCursor) refers to glcd.o(i.glcd_SelectPage1) for glcd_SelectPage1
    glcd.o(i.GLCD_SetCursor) refers to glcd.o(i.glcd_CmdWrite) for glcd_CmdWrite
    glcd.o(i.GLCD_SetCursor) refers to glcd.o(.bss) for glcdConfig
    glcd.o(i.GLCD_SetDot) refers to glcd.o(i.GLCD_GetXYData) for GLCD_GetXYData
    glcd.o(i.GLCD_SetDot) refers to glcd.o(i.glcd_DataWrite) for glcd_DataWrite
    glcd.o(i.GLCD_SetDot) refers to glcd.o(.bss) for glcdConfig
    glcd.o(i.GLCD_SetUp) refers to gpio.o(i.GPIO_PinDirection) for GPIO_PinDirection
    glcd.o(i.GLCD_SetUp) refers to glcd.o(.bss) for glcdConfig
    glcd.o(i.glcd_BusyCheck) refers to delay.o(i.DELAY_us) for DELAY_us
    glcd.o(i.glcd_CmdWrite) refers to glcd.o(i.glcd_BusyCheck) for glcd_BusyCheck
    glcd.o(i.glcd_CmdWrite) refers to glcd.o(i.glcd_SendData) for glcd_SendData
    glcd.o(i.glcd_CmdWrite) refers to gpio.o(i.GPIO_PinWrite) for GPIO_PinWrite
    glcd.o(i.glcd_CmdWrite) refers to delay.o(i.DELAY_us) for DELAY_us
    glcd.o(i.glcd_CmdWrite) refers to glcd.o(.bss) for glcdConfig
    glcd.o(i.glcd_DataWrite) refers to glcd.o(i.glcd_BusyCheck) for glcd_BusyCheck
    glcd.o(i.glcd_DataWrite) refers to glcd.o(i.glcd_SendData) for glcd_SendData
    glcd.o(i.glcd_DataWrite) refers to gpio.o(i.GPIO_PinWrite) for GPIO_PinWrite
    glcd.o(i.glcd_DataWrite) refers to delay.o(i.DELAY_us) for DELAY_us
    glcd.o(i.glcd_DataWrite) refers to glcd.o(i.GLCD_GoToNextLine) for GLCD_GoToNextLine
    glcd.o(i.glcd_DataWrite) refers to glcd.o(.bss) for glcdConfig
    glcd.o(i.glcd_SelectPage0) refers to gpio.o(i.GPIO_PinWrite) for GPIO_PinWrite
    glcd.o(i.glcd_SelectPage0) refers to glcd.o(.bss) for glcdConfig
    glcd.o(i.glcd_SelectPage1) refers to gpio.o(i.GPIO_PinWrite) for GPIO_PinWrite
    glcd.o(i.glcd_SelectPage1) refers to glcd.o(.bss) for glcdConfig
    glcd.o(i.glcd_SendData) refers to gpio.o(i.GPIO_PinWrite) for GPIO_PinWrite
    glcd.o(i.glcd_SendData) refers to glcd.o(.bss) for glcdConfig
    delay.o(i.DELAY_ms) refers to delay.o(i.DELAY_us) for DELAY_us
    delay.o(i.DELAY_sec) refers to delay.o(i.DELAY_ms) for DELAY_ms
    aeabi_sdiv.o(.text_udiv) refers to aeabi_sdiv.o(.text) for __arm_div2
    aeabi_sdiv_div0.o(.text_udiv) refers to aeabi_sdiv_div0.o(.text) for __arm_div2
    __main.o(!!!main) refers to __rtentry.o(.ARM.Collect$$rtentry$$00000000) for __rt_entry
    __rtentry.o(.ARM.Collect$$rtentry$$00000000) refers (Special) to __rtentry2.o(.ARM.Collect$$rtentry$$0000000A) for __rt_entry_li
    __rtentry.o(.ARM.Collect$$rtentry$$00000000) refers (Special) to __rtentry2.o(.ARM.Collect$$rtentry$$0000000D) for __rt_entry_main
    __rtentry.o(.ARM.Collect$$rtentry$$00000000) refers (Special) to __rtentry2.o(.ARM.Collect$$rtentry$$0000000C) for __rt_entry_postli_1
    __rtentry.o(.ARM.Collect$$rtentry$$00000000) refers (Special) to __rtentry2.o(.ARM.Collect$$rtentry$$00000009) for __rt_entry_postsh_1
    __rtentry.o(.ARM.Collect$$rtentry$$00000000) refers (Special) to __rtentry2.o(.ARM.Collect$$rtentry$$00000002) for __rt_entry_presh_1
    __rtentry.o(.ARM.Collect$$rtentry$$00000000) refers (Special) to __rtentry4.o(.ARM.Collect$$rtentry$$00000004) for __rt_entry_sh
    aeabi_idiv0_sigfpe.o(.text) refers to rt_div0.o(.text) for __rt_div0
    __rtentry2.o(.ARM.Collect$$rtentry$$00000008) refers to boardinit2.o(.text) for _platform_post_stackheap_init
    __rtentry2.o(.ARM.Collect$$rtentry$$0000000A) refers to libinit.o(.ARM.Collect$$libinit$$00000000) for __rt_lib_init
    __rtentry2.o(.ARM.Collect$$rtentry$$0000000B) refers to boardinit3.o(.text) for _platform_post_lib_init
    __rtentry2.o(.ARM.Collect$$rtentry$$0000000D) refers to exit.o(.text) for exit
    __rtentry2.o(.ARM.Collect$$rtentry$$0000000D) refers to main.o(i.main) for main
    __rtentry2.o(.ARM.exidx) refers to __rtentry2.o(.ARM.Collect$$rtentry$$00000001) for .ARM.Collect$$rtentry$$00000001
    __rtentry2.o(.ARM.exidx) refers to __rtentry2.o(.ARM.Collect$$rtentry$$00000008) for .ARM.Collect$$rtentry$$00000008
    __rtentry2.o(.ARM.exidx) refers to __rtentry2.o(.ARM.Collect$$rtentry$$0000000A) for .ARM.Collect$$rtentry$$0000000A
    __rtentry2.o(.ARM.exidx) refers to __rtentry2.o(.ARM.Collect$$rtentry$$0000000B) for .ARM.Collect$$rtentry$$0000000B
    __rtentry2.o(.ARM.exidx) refers to __rtentry2.o(.ARM.Collect$$rtentry$$0000000D) for .ARM.Collect$$rtentry$$0000000D
    __rtentry4.o(.ARM.Collect$$rtentry$$00000004) refers to sys_stackheap_outer.o(.text) for __user_setup_stackheap
    __rtentry4.o(.ARM.exidx) refers to __rtentry4.o(.ARM.Collect$$rtentry$$00000004) for .ARM.Collect$$rtentry$$00000004
    rt_div0.o(.text) refers to defsig_fpe_outer.o(.text) for __rt_SIGFPE
    sys_stackheap_outer.o(.text) refers to libspace.o(.text) for __user_perproc_libspace
    sys_stackheap_outer.o(.text) refers to startup.o(.text) for __user_initial_stackheap
    exit.o(.text) refers to rtexit.o(.ARM.Collect$$rtexit$$00000000) for __rt_exit
    defsig_fpe_outer.o(.text) refers to defsig_fpe_inner.o(.text) for __rt_SIGFPE_inner
    defsig_fpe_outer.o(.text) refers to defsig_exit.o(.text) for __sig_exit
    defsig_fpe_formal.o(.text) refers to rt_raise.o(.text) for __rt_raise
    libinit.o(.ARM.Collect$$libinit$$00000000) refers (Special) to libinit2.o(.ARM.Collect$$libinit$$0000002E) for __rt_lib_init_alloca_1
    libinit.o(.ARM.Collect$$libinit$$00000000) refers (Special) to libinit2.o(.ARM.Collect$$libinit$$0000002C) for __rt_lib_init_argv_1
    libinit.o(.ARM.Collect$$libinit$$00000000) refers (Special) to libinit2.o(.ARM.Collect$$libinit$$0000001B) for __rt_lib_init_atexit_1
    libinit.o(.ARM.Collect$$libinit$$00000000) refers (Special) to libinit2.o(.ARM.Collect$$libinit$$00000021) for __rt_lib_init_clock_1
    libinit.o(.ARM.Collect$$libinit$$00000000) refers (Special) to libinit2.o(.ARM.Collect$$libinit$$00000032) for __rt_lib_init_cpp_1
    libinit.o(.ARM.Collect$$libinit$$00000000) refers (Special) to libinit2.o(.ARM.Collect$$libinit$$00000030) for __rt_lib_init_exceptions_1
    libinit.o(.ARM.Collect$$libinit$$00000000) refers (Special) to libinit2.o(.ARM.Collect$$libinit$$00000002) for __rt_lib_init_fp_1
    libinit.o(.ARM.Collect$$libinit$$00000000) refers (Special) to libinit2.o(.ARM.Collect$$libinit$$0000001F) for __rt_lib_init_fp_trap_1
    libinit.o(.ARM.Collect$$libinit$$00000000) refers (Special) to libinit2.o(.ARM.Collect$$libinit$$00000023) for __rt_lib_init_getenv_1
    libinit.o(.ARM.Collect$$libinit$$00000000) refers (Special) to libinit2.o(.ARM.Collect$$libinit$$0000000A) for __rt_lib_init_heap_1
    libinit.o(.ARM.Collect$$libinit$$00000000) refers (Special) to libinit2.o(.ARM.Collect$$libinit$$00000011) for __rt_lib_init_lc_collate_1
    libinit.o(.ARM.Collect$$libinit$$00000000) refers (Special) to libinit2.o(.ARM.Collect$$libinit$$00000013) for __rt_lib_init_lc_ctype_1
    libinit.o(.ARM.Collect$$libinit$$00000000) refers (Special) to libinit2.o(.ARM.Collect$$libinit$$00000015) for __rt_lib_init_lc_monetary_1
    libinit.o(.ARM.Collect$$libinit$$00000000) refers (Special) to libinit2.o(.ARM.Collect$$libinit$$00000017) for __rt_lib_init_lc_numeric_1
    libinit.o(.ARM.Collect$$libinit$$00000000) refers (Special) to libinit2.o(.ARM.Collect$$libinit$$00000019) for __rt_lib_init_lc_time_1
    libinit.o(.ARM.Collect$$libinit$$00000000) refers (Special) to libinit2.o(.ARM.Collect$$libinit$$00000004) for __rt_lib_init_preinit_1
    libinit.o(.ARM.Collect$$libinit$$00000000) refers (Special) to libinit2.o(.ARM.Collect$$libinit$$0000000E) for __rt_lib_init_rand_1
    libinit.o(.ARM.Collect$$libinit$$00000000) refers (Special) to libinit2.o(.ARM.Collect$$libinit$$00000033) for __rt_lib_init_return
    libinit.o(.ARM.Collect$$libinit$$00000000) refers (Special) to libinit2.o(.ARM.Collect$$libinit$$0000001D) for __rt_lib_init_signal_1
    libinit.o(.ARM.Collect$$libinit$$00000000) refers (Special) to libinit2.o(.ARM.Collect$$libinit$$00000025) for __rt_lib_init_stdio_1
    libinit.o(.ARM.Collect$$libinit$$00000000) refers (Special) to libinit2.o(.ARM.Collect$$libinit$$0000000C) for __rt_lib_init_user_alloc_1
    libspace.o(.text) refers to libspace.o(.bss) for __libspace_start
    rtexit.o(.ARM.Collect$$rtexit$$00000000) refers (Special) to rtexit2.o(.ARM.Collect$$rtexit$$00000004) for __rt_exit_exit
    rtexit.o(.ARM.Collect$$rtexit$$00000000) refers (Special) to rtexit2.o(.ARM.Collect$$rtexit$$00000003) for __rt_exit_ls
    rtexit.o(.ARM.Collect$$rtexit$$00000000) refers (Special) to rtexit2.o(.ARM.Collect$$rtexit$$00000002) for __rt_exit_prels_1
    rtexit.o(.ARM.exidx) refers (Special) to rtexit2.o(.ARM.Collect$$rtexit$$00000004) for __rt_exit_exit
    rtexit.o(.ARM.exidx) refers (Special) to rtexit2.o(.ARM.Collect$$rtexit$$00000003) for __rt_exit_ls
    rtexit.o(.ARM.exidx) refers (Special) to rtexit2.o(.ARM.Collect$$rtexit$$00000002) for __rt_exit_prels_1
    rtexit.o(.ARM.exidx) refers to rtexit.o(.ARM.Collect$$rtexit$$00000000) for .ARM.Collect$$rtexit$$00000000
    rt_raise.o(.text) refers to __raise.o(.text) for __raise
    rt_raise.o(.text) refers to sys_exit.o(.text) for _sys_exit
    defsig_exit.o(.text) refers to sys_exit.o(.text) for _sys_exit
    defsig_fpe_inner.o(.text) refers to defsig_general.o(.text) for __default_signal_display
    libinit2.o(.ARM.Collect$$libinit$$00000001) refers to fpinit.o(x$fpl$fpinit) for _fp_init
    libinit2.o(.ARM.Collect$$libinit$$00000010) refers to libinit2.o(.ARM.Collect$$libinit$$0000000F) for .ARM.Collect$$libinit$$0000000F
    libinit2.o(.ARM.Collect$$libinit$$00000012) refers to libinit2.o(.ARM.Collect$$libinit$$0000000F) for .ARM.Collect$$libinit$$0000000F
    libinit2.o(.ARM.Collect$$libinit$$00000014) refers to libinit2.o(.ARM.Collect$$libinit$$0000000F) for .ARM.Collect$$libinit$$0000000F
    libinit2.o(.ARM.Collect$$libinit$$00000016) refers to libinit2.o(.ARM.Collect$$libinit$$0000000F) for .ARM.Collect$$libinit$$0000000F
    libinit2.o(.ARM.Collect$$libinit$$00000018) refers to libinit2.o(.ARM.Collect$$libinit$$0000000F) for .ARM.Collect$$libinit$$0000000F
    libinit2.o(.ARM.Collect$$libinit$$00000026) refers to argv_veneer.o(.emb_text) for __ARM_argv_veneer
    libinit2.o(.ARM.Collect$$libinit$$00000027) refers to argv_veneer.o(.emb_text) for __ARM_argv_veneer
    sys_exit.o(.text) refers (Special) to use_no_semi.o(.text) for __I$use$semihosting
    sys_exit.o(.text) refers (Special) to indicate_semi.o(.text) for __semihosting_library_function
    rtexit2.o(.ARM.Collect$$rtexit$$00000003) refers to libshutdown.o(.ARM.Collect$$libshutdown$$00000000) for __rt_lib_shutdown
    rtexit2.o(.ARM.Collect$$rtexit$$00000004) refers to sys_exit.o(.text) for _sys_exit
    rtexit2.o(.ARM.exidx) refers to rtexit2.o(.ARM.Collect$$rtexit$$00000001) for .ARM.Collect$$rtexit$$00000001
    rtexit2.o(.ARM.exidx) refers to rtexit2.o(.ARM.Collect$$rtexit$$00000003) for .ARM.Collect$$rtexit$$00000003
    rtexit2.o(.ARM.exidx) refers to rtexit2.o(.ARM.Collect$$rtexit$$00000004) for .ARM.Collect$$rtexit$$00000004
    __raise.o(.text) refers to __raise.o(i.__ARM_common_call_via_r2) for __ARM_common_call_via_r2
    __raise.o(.text) refers to defsig.o(CL$$defsig) for __default_signal_handler
    defsig_general.o(.text) refers to sys_wrch.o(.text) for _ttywrch
    argv_veneer.o(.emb_text) refers to no_argv.o(.text) for __ARM_get_argv
    sys_wrch.o(.text) refers (Special) to use_no_semi.o(.text) for __I$use$semihosting
    sys_wrch.o(.text) refers (Special) to indicate_semi.o(.text) for __semihosting_library_function
    defsig.o(CL$$defsig) refers to defsig_fpe_inner.o(.text) for __rt_SIGFPE_inner
    defsig.o(CL$$defsig) refers to defsig_rtmem_inner.o(.text) for __rt_SIGRTMEM_inner
    _get_argv_nomalloc.o(.text) refers (Special) to hrguard.o(.text) for __heap_region$guard
    _get_argv_nomalloc.o(.text) refers to defsig_rtmem_outer.o(.text) for __rt_SIGRTMEM
    _get_argv_nomalloc.o(.text) refers to sys_command.o(.text) for _sys_command_string
    libshutdown.o(.ARM.Collect$$libshutdown$$00000000) refers (Special) to libshutdown2.o(.ARM.Collect$$libshutdown$$00000002) for __rt_lib_shutdown_cpp_1
    libshutdown.o(.ARM.Collect$$libshutdown$$00000000) refers (Special) to libshutdown2.o(.ARM.Collect$$libshutdown$$00000007) for __rt_lib_shutdown_fp_trap_1
    libshutdown.o(.ARM.Collect$$libshutdown$$00000000) refers (Special) to libshutdown2.o(.ARM.Collect$$libshutdown$$0000000F) for __rt_lib_shutdown_heap_1
    libshutdown.o(.ARM.Collect$$libshutdown$$00000000) refers (Special) to libshutdown2.o(.ARM.Collect$$libshutdown$$00000010) for __rt_lib_shutdown_return
    libshutdown.o(.ARM.Collect$$libshutdown$$00000000) refers (Special) to libshutdown2.o(.ARM.Collect$$libshutdown$$0000000A) for __rt_lib_shutdown_signal_1
    libshutdown.o(.ARM.Collect$$libshutdown$$00000000) refers (Special) to libshutdown2.o(.ARM.Collect$$libshutdown$$00000004) for __rt_lib_shutdown_stdio_1
    libshutdown.o(.ARM.Collect$$libshutdown$$00000000) refers (Special) to libshutdown2.o(.ARM.Collect$$libshutdown$$0000000C) for __rt_lib_shutdown_user_alloc_1
    sys_command.o(.text) refers (Special) to use_no_semi.o(.text) for __I$use$semihosting
    sys_command.o(.text) refers (Special) to indicate_semi.o(.text) for __semihosting_library_function
    defsig_abrt_inner.o(.text) refers to defsig_general.o(.text) for __default_signal_display
    defsig_rtred_inner.o(.text) refers to defsig_general.o(.text) for __default_signal_display
    defsig_rtmem_inner.o(.text) refers to defsig_general.o(.text) for __default_signal_display
    defsig_rtmem_outer.o(.text) refers to defsig_rtmem_inner.o(.text) for __rt_SIGRTMEM_inner
    defsig_rtmem_outer.o(.text) refers to defsig_exit.o(.text) for __sig_exit
    defsig_rtmem_formal.o(.text) refers to rt_raise.o(.text) for __rt_raise
    defsig_stak_inner.o(.text) refers to defsig_general.o(.text) for __default_signal_display
    defsig_pvfn_inner.o(.text) refers to defsig_general.o(.text) for __default_signal_display
    defsig_cppl_inner.o(.text) refers to defsig_general.o(.text) for __default_signal_display
    defsig_segv_inner.o(.text) refers to defsig_general.o(.text) for __default_signal_display
    defsig_other.o(.text) refers to defsig_general.o(.text) for __default_signal_display


==============================================================================

Removing Unused input sections from the image.

    Removing startup.o(RESET), (272 bytes).
    Removing glcd.o(i.GLCD_DisableDisplayInversion), (20 bytes).
    Removing glcd.o(i.GLCD_DisplayHorizontalGraph), (192 bytes).
    Removing glcd.o(i.GLCD_DisplayLogo), (132 bytes).
    Removing glcd.o(i.GLCD_DisplayVerticalGraph), (304 bytes).
    Removing glcd.o(i.GLCD_DrawRoundRect), (532 bytes).
    Removing glcd.o(i.GLCD_EnableDisplayInversion), (20 bytes).
    Removing glcd.o(i.GLCD_GetCursor), (48 bytes).
    Removing gpio.o(i.GPIO_PinFunction), (232 bytes).
    Removing gpio.o(i.GPIO_PinRead), (156 bytes).
    Removing delay.o(i.DELAY_sec), (44 bytes).

11 unused section(s) (total 1952 bytes) removed from the image.

==============================================================================

Adding Veneers to the image

    Adding AT veneer (8 bytes, Inline) for call to '__rt_lib_init' from __rtentry2.o(.ARM.Collect$$rtentry$$0000000A).
    Adding AT veneer (8 bytes, Inline) for call to '__rt_lib_shutdown' from rtexit2.o(.ARM.Collect$$rtexit$$00000003).
    Adding TA veneer (4 bytes, Inline) for call to '__rt_exit' from exit.o(.text).
    Adding AT veneer (8 bytes, Inline) for call to '_sys_exit' from rtexit2.o(.ARM.Collect$$rtexit$$00000004).

4 Veneer(s) (total 28 bytes) added to the image.

==============================================================================

Image Symbol Table

    Local Symbols

    Symbol Name                              Value     Ov Type        Size  Object(Section)

    !!!main                                  0x00000000   Section        8  __main.o(!!!main)
    ../clib/angel/boardlib.s                 0x00000000   Number         0  boardshut.o ABSOLUTE
    ../clib/angel/boardlib.s                 0x00000000   Number         0  boardinit2.o ABSOLUTE
    ../clib/angel/boardlib.s                 0x00000000   Number         0  boardinit3.o ABSOLUTE
    ../clib/angel/boardlib.s                 0x00000000   Number         0  boardinit1.o ABSOLUTE
    ../clib/angel/dczerorl2.s                0x00000000   Number         0  __dczerorl2.o ABSOLUTE
    ../clib/angel/handlers.s                 0x00000000   Number         0  __scatter_zi.o ABSOLUTE
    ../clib/angel/kernel.s                   0x00000000   Number         0  __rtentry2.o ABSOLUTE
    ../clib/angel/kernel.s                   0x00000000   Number         0  rtexit.o ABSOLUTE
    ../clib/angel/kernel.s                   0x00000000   Number         0  __rtentry.o ABSOLUTE
    ../clib/angel/kernel.s                   0x00000000   Number         0  __rtentry4.o ABSOLUTE
    ../clib/angel/kernel.s                   0x00000000   Number         0  rtexit2.o ABSOLUTE
    ../clib/angel/rt.s                       0x00000000   Number         0  rt_raise.o ABSOLUTE
    ../clib/angel/rt.s                       0x00000000   Number         0  aeabi_idiv0_sigfpe.o ABSOLUTE
    ../clib/angel/rt.s                       0x00000000   Number         0  aeabi_idiv0.o ABSOLUTE
    ../clib/angel/rt.s                       0x00000000   Number         0  rt_div0.o ABSOLUTE
    ../clib/angel/scatter.s                  0x00000000   Number         0  __scatter.o ABSOLUTE
    ../clib/angel/startup.s                  0x00000000   Number         0  __main.o ABSOLUTE
    ../clib/angel/sys.s                      0x00000000   Number         0  indicate_semi.o ABSOLUTE
    ../clib/angel/sys.s                      0x00000000   Number         0  use_no_semi.o ABSOLUTE
    ../clib/angel/sys.s                      0x00000000   Number         0  sys_stackheap_outer.o ABSOLUTE
    ../clib/angel/sys.s                      0x00000000   Number         0  libspace.o ABSOLUTE
    ../clib/angel/sysapp.c                   0x00000000   Number         0  sys_wrch.o ABSOLUTE
    ../clib/angel/sysapp.c                   0x00000000   Number         0  sys_exit.o ABSOLUTE
    ../clib/angel/sysapp.c                   0x00000000   Number         0  sys_command.o ABSOLUTE
    ../clib/armsys.c                         0x00000000   Number         0  no_argv.o ABSOLUTE
    ../clib/armsys.c                         0x00000000   Number         0  argv_veneer.o ABSOLUTE
    ../clib/armsys.c                         0x00000000   Number         0  argv_veneer.o ABSOLUTE
    ../clib/armsys.c                         0x00000000   Number         0  _get_argv_nomalloc.o ABSOLUTE
    ../clib/division.s                       0x00000000   Number         0  aeabi_sdiv_div0.o ABSOLUTE
    ../clib/division.s                       0x00000000   Number         0  aeabi_sdiv.o ABSOLUTE
    ../clib/divrt.s                          0x00000000   Number         0  divrt_7tdmi.o ABSOLUTE
    ../clib/divrt.s                          0x00000000   Number         0  divrt_7tdmi_div0.o ABSOLUTE
    ../clib/heapalloc.c                      0x00000000   Number         0  hrguard.o ABSOLUTE
    ../clib/heapaux.c                        0x00000000   Number         0  heapauxi.o ABSOLUTE
    ../clib/libinit.s                        0x00000000   Number         0  libinit2.o ABSOLUTE
    ../clib/libinit.s                        0x00000000   Number         0  libshutdown.o ABSOLUTE
    ../clib/libinit.s                        0x00000000   Number         0  libinit.o ABSOLUTE
    ../clib/libinit.s                        0x00000000   Number         0  libshutdown2.o ABSOLUTE
    ../clib/signal.c                         0x00000000   Number         0  defsig_rtmem_outer.o ABSOLUTE
    ../clib/signal.c                         0x00000000   Number         0  defsig_rtmem_formal.o ABSOLUTE
    ../clib/signal.c                         0x00000000   Number         0  defsig_general.o ABSOLUTE
    ../clib/signal.c                         0x00000000   Number         0  __raise.o ABSOLUTE
    ../clib/signal.c                         0x00000000   Number         0  defsig_rtmem_inner.o ABSOLUTE
    ../clib/signal.c                         0x00000000   Number         0  defsig_rtred_inner.o ABSOLUTE
    ../clib/signal.c                         0x00000000   Number         0  defsig_abrt_inner.o ABSOLUTE
    ../clib/signal.c                         0x00000000   Number         0  defsig_fpe_formal.o ABSOLUTE
    ../clib/signal.c                         0x00000000   Number         0  defsig_fpe_inner.o ABSOLUTE
    ../clib/signal.c                         0x00000000   Number         0  defsig_exit.o ABSOLUTE
    ../clib/signal.c                         0x00000000   Number         0  defsig_fpe_outer.o ABSOLUTE
    ../clib/signal.c                         0x00000000   Number         0  defsig_other.o ABSOLUTE
    ../clib/signal.c                         0x00000000   Number         0  defsig_segv_inner.o ABSOLUTE
    ../clib/signal.c                         0x00000000   Number         0  defsig_cppl_inner.o ABSOLUTE
    ../clib/signal.c                         0x00000000   Number         0  defsig_pvfn_inner.o ABSOLUTE
    ../clib/signal.c                         0x00000000   Number         0  defsig_stak_inner.o ABSOLUTE
    ../clib/signal.s                         0x00000000   Number         0  defsig.o ABSOLUTE
    ../clib/stdlib.c                         0x00000000   Number         0  exit.o ABSOLUTE
    ../fplib/fpinit.s                        0x00000000   Number         0  fpinit.o ABSOLUTE
    ..\00-libfiles\delay.c                   0x00000000   Number         0  delay.o ABSOLUTE
    ..\00-libfiles\glcd.c                    0x00000000   Number         0  glcd.o ABSOLUTE
    ..\00-libfiles\gpio.c                    0x00000000   Number         0  gpio.o ABSOLUTE
    ..\00-libfiles\systemInit.c              0x00000000   Number         0  systeminit.o ABSOLUTE
    Startup.s                                0x00000000   Number         0  startup.o ABSOLUTE
    dc.s                                     0x00000000   Number         0  dc.o ABSOLUTE
    main.c                                   0x00000000   Number         0  main.o ABSOLUTE
    !!!scatter                               0x00000008   Section       60  __scatter.o(!!!scatter)
    !!dczerorl2                              0x00000044   Section       92  __dczerorl2.o(!!dczerorl2)
    _decompress_loop                         0x0000004f   Thumb Code     0  __dczerorl2.o(!!dczerorl2)
    _decompress_zerolen                      0x0000005d   Thumb Code     0  __dczerorl2.o(!!dczerorl2)
    _decompress_litn                         0x00000065   Thumb Code     0  __dczerorl2.o(!!dczerorl2)
    _decompress_lit                          0x00000069   Thumb Code     0  __dczerorl2.o(!!dczerorl2)
    _decompress_copyorzero                   0x00000075   Thumb Code     0  __dczerorl2.o(!!dczerorl2)
    _decompress_zero                         0x0000007d   Thumb Code     0  __dczerorl2.o(!!dczerorl2)
    _decompress_copyn                        0x00000087   Thumb Code     0  __dczerorl2.o(!!dczerorl2)
    _decompress_copy                         0x0000008f   Thumb Code     0  __dczerorl2.o(!!dczerorl2)
    _decompress_end                          0x0000009b   Thumb Code     0  __dczerorl2.o(!!dczerorl2)
    !!handler_zi                             0x000000a0   Section       44  __scatter_zi.o(!!handler_zi)
    .ARM.Collect$$libinit$$00000000          0x000000d4   Section        2  libinit.o(.ARM.Collect$$libinit$$00000000)
    .ARM.Collect$$libinit$$00000002          0x000000d6   Section        0  libinit2.o(.ARM.Collect$$libinit$$00000002)
    .ARM.Collect$$libinit$$00000004          0x000000d6   Section        0  libinit2.o(.ARM.Collect$$libinit$$00000004)
    .ARM.Collect$$libinit$$0000000A          0x000000d6   Section        0  libinit2.o(.ARM.Collect$$libinit$$0000000A)
    .ARM.Collect$$libinit$$0000000C          0x000000d6   Section        0  libinit2.o(.ARM.Collect$$libinit$$0000000C)
    .ARM.Collect$$libinit$$0000000E          0x000000d6   Section        0  libinit2.o(.ARM.Collect$$libinit$$0000000E)
    .ARM.Collect$$libinit$$00000011          0x000000d6   Section        0  libinit2.o(.ARM.Collect$$libinit$$00000011)
    .ARM.Collect$$libinit$$00000013          0x000000d6   Section        0  libinit2.o(.ARM.Collect$$libinit$$00000013)
    .ARM.Collect$$libinit$$00000015          0x000000d6   Section        0  libinit2.o(.ARM.Collect$$libinit$$00000015)
    .ARM.Collect$$libinit$$00000017          0x000000d6   Section        0  libinit2.o(.ARM.Collect$$libinit$$00000017)
    .ARM.Collect$$libinit$$00000019          0x000000d6   Section        0  libinit2.o(.ARM.Collect$$libinit$$00000019)
    .ARM.Collect$$libinit$$0000001B          0x000000d6   Section        0  libinit2.o(.ARM.Collect$$libinit$$0000001B)
    .ARM.Collect$$libinit$$0000001D          0x000000d6   Section        0  libinit2.o(.ARM.Collect$$libinit$$0000001D)
    .ARM.Collect$$libinit$$0000001F          0x000000d6   Section        0  libinit2.o(.ARM.Collect$$libinit$$0000001F)
    .ARM.Collect$$libinit$$00000021          0x000000d6   Section        0  libinit2.o(.ARM.Collect$$libinit$$00000021)
    .ARM.Collect$$libinit$$00000023          0x000000d6   Section        0  libinit2.o(.ARM.Collect$$libinit$$00000023)
    .ARM.Collect$$libinit$$00000025          0x000000d6   Section        0  libinit2.o(.ARM.Collect$$libinit$$00000025)
    .ARM.Collect$$libinit$$0000002C          0x000000d6   Section        0  libinit2.o(.ARM.Collect$$libinit$$0000002C)
    .ARM.Collect$$libinit$$0000002E          0x000000d6   Section        0  libinit2.o(.ARM.Collect$$libinit$$0000002E)
    .ARM.Collect$$libinit$$00000030          0x000000d6   Section        0  libinit2.o(.ARM.Collect$$libinit$$00000030)
    .ARM.Collect$$libinit$$00000032          0x000000d6   Section        0  libinit2.o(.ARM.Collect$$libinit$$00000032)
    .ARM.Collect$$libinit$$00000033          0x000000d6   Section       12  libinit2.o(.ARM.Collect$$libinit$$00000033)
    .ARM.Collect$$libshutdown$$00000000      0x000000ec   Section        4  libshutdown.o(.ARM.Collect$$libshutdown$$00000000)
    .ARM.Collect$$libshutdown$$00000002      0x000000f0   Section        0  libshutdown2.o(.ARM.Collect$$libshutdown$$00000002)
    .ARM.Collect$$libshutdown$$00000004      0x000000f0   Section        0  libshutdown2.o(.ARM.Collect$$libshutdown$$00000004)
    .ARM.Collect$$libshutdown$$00000007      0x000000f0   Section        0  libshutdown2.o(.ARM.Collect$$libshutdown$$00000007)
    .ARM.Collect$$libshutdown$$0000000A      0x000000f0   Section        0  libshutdown2.o(.ARM.Collect$$libshutdown$$0000000A)
    .ARM.Collect$$libshutdown$$0000000C      0x000000f0   Section        0  libshutdown2.o(.ARM.Collect$$libshutdown$$0000000C)
    .ARM.Collect$$libshutdown$$0000000F      0x000000f0   Section        0  libshutdown2.o(.ARM.Collect$$libshutdown$$0000000F)
    .ARM.Collect$$libshutdown$$00000010      0x000000f0   Section        6  libshutdown2.o(.ARM.Collect$$libshutdown$$00000010)
    .ARM.Collect$$rtentry$$00000000          0x000000f8   Section        0  __rtentry.o(.ARM.Collect$$rtentry$$00000000)
    .ARM.Collect$$rtentry$$00000002          0x000000f8   Section        0  __rtentry2.o(.ARM.Collect$$rtentry$$00000002)
    .ARM.Collect$$rtentry$$00000004          0x000000f8   Section        8  __rtentry4.o(.ARM.Collect$$rtentry$$00000004)
    .ARM.Collect$$rtentry$$00000009          0x00000100   Section        0  __rtentry2.o(.ARM.Collect$$rtentry$$00000009)
    .ARM.Collect$$rtentry$$0000000A          0x00000100   Section        4  __rtentry2.o(.ARM.Collect$$rtentry$$0000000A)
    .ARM.Collect$$rtentry$$0000000C          0x00000104   Section        0  __rtentry2.o(.ARM.Collect$$rtentry$$0000000C)
    .ARM.Collect$$rtentry$$0000000D          0x00000104   Section       40  __rtentry2.o(.ARM.Collect$$rtentry$$0000000D)
    .ARM.Collect$$rtexit$$00000000           0x00000130   Section        4  rtexit.o(.ARM.Collect$$rtexit$$00000000)
    .ARM.Collect$$rtexit$$00000002           0x00000134   Section        0  rtexit2.o(.ARM.Collect$$rtexit$$00000002)
    .ARM.Collect$$rtexit$$00000003           0x00000134   Section        4  rtexit2.o(.ARM.Collect$$rtexit$$00000003)
    .ARM.Collect$$rtexit$$00000004           0x00000138   Section        8  rtexit2.o(.ARM.Collect$$rtexit$$00000004)
    .text                                    0x00000140   Section       32  startup.o(.text)
    .text                                    0x00000160   Section      384  aeabi_sdiv.o(.text)
    __arm_div8                               0x0000018c   ARM Code       0  aeabi_sdiv.o(.text)
    __arm_div5                               0x000001b0   ARM Code       0  aeabi_sdiv.o(.text)
    __arm_div2                               0x000001d4   ARM Code       0  aeabi_sdiv.o(.text)
    __arm_div_large                          0x00000210   ARM Code       0  aeabi_sdiv.o(.text)
    .text                                    0x000002e0   Section        0  heapauxi.o(.text)
    .text                                    0x000002e8   Section       96  sys_stackheap_outer.o(.text)
    .text                                    0x00000348   Section        0  exit.o(.text)
    .text                                    0x0000035c   Section       12  libspace.o(.text)
    .text                                    0x00000370   Section        0  sys_exit.o(.text)
    .text                                    0x0000037c   Section        4  use_no_semi.o(.text)
    .text                                    0x00000380   Section        0  indicate_semi.o(.text)
    .text_udiv                               0x00000380   Section       36  aeabi_sdiv.o(.text_udiv)
    i.DELAY_ms                               0x000003a4   Section        0  delay.o(i.DELAY_ms)
    i.DELAY_us                               0x000003d0   Section        0  delay.o(i.DELAY_us)
    i.GLCD_Clear                             0x00000404   Section        0  glcd.o(i.GLCD_Clear)
    i.GLCD_DataRead                          0x00000468   Section        0  glcd.o(i.GLCD_DataRead)
    i.GLCD_DisplayChar                       0x0000049c   Section        0  glcd.o(i.GLCD_DisplayChar)
    i.GLCD_DisplayNumber                     0x00000554   Section        0  glcd.o(i.GLCD_DisplayNumber)
    i.GLCD_DisplayString                     0x000006a8   Section        0  glcd.o(i.GLCD_DisplayString)
    i.GLCD_DrawCircle                        0x000006d0   Section        0  glcd.o(i.GLCD_DrawCircle)
    i.GLCD_DrawFillCircle                    0x00000824   Section        0  glcd.o(i.GLCD_DrawFillCircle)
    i.GLCD_DrawFillRect                      0x00000878   Section        0  glcd.o(i.GLCD_DrawFillRect)
    i.GLCD_DrawHoriLine                      0x000008d8   Section        0  glcd.o(i.GLCD_DrawHoriLine)
    i.GLCD_DrawLine                          0x00000964   Section        0  glcd.o(i.GLCD_DrawLine)
    i.GLCD_DrawRect                          0x00000b5c   Section        0  glcd.o(i.GLCD_DrawRect)
    i.GLCD_DrawVertLine                      0x00000be4   Section        0  glcd.o(i.GLCD_DrawVertLine)
    i.GLCD_GetXYData                         0x00000c58   Section        0  glcd.o(i.GLCD_GetXYData)
    i.GLCD_GoToLine                          0x00000cf4   Section        0  glcd.o(i.GLCD_GoToLine)
    i.GLCD_GoToNextLine                      0x00000d24   Section        0  glcd.o(i.GLCD_GoToNextLine)
    i.GLCD_GoToPage                          0x00000d68   Section        0  glcd.o(i.GLCD_GoToPage)
    i.GLCD_Init                              0x00000dc8   Section        0  glcd.o(i.GLCD_Init)
    i.GLCD_InvertRect                        0x00000e38   Section        0  glcd.o(i.GLCD_InvertRect)
    i.GLCD_Printf                            0x00000ee4   Section        0  glcd.o(i.GLCD_Printf)
    i.GLCD_SetCursor                         0x0000123c   Section        0  glcd.o(i.GLCD_SetCursor)
    i.GLCD_SetDot                            0x000012bc   Section        0  glcd.o(i.GLCD_SetDot)
    i.GLCD_SetUp                             0x00001340   Section        0  glcd.o(i.GLCD_SetUp)
    i.GPIO_PinDirection                      0x00001454   Section        0  gpio.o(i.GPIO_PinDirection)
    i.GPIO_PinWrite                          0x00001514   Section        0  gpio.o(i.GPIO_PinWrite)
    i.SystemInit                             0x000015d4   Section        0  systeminit.o(i.SystemInit)
    i.glcd_BusyCheck                         0x0000163c   Section        0  glcd.o(i.glcd_BusyCheck)
    i.glcd_CmdWrite                          0x00001650   Section        0  glcd.o(i.glcd_CmdWrite)
    i.glcd_DataWrite                         0x000016c0   Section        0  glcd.o(i.glcd_DataWrite)
    i.glcd_SelectPage0                       0x00001798   Section        0  glcd.o(i.glcd_SelectPage0)
    glcd_SelectPage0                         0x00001798   ARM Code      56  glcd.o(i.glcd_SelectPage0)
    i.glcd_SelectPage1                       0x000017d4   Section        0  glcd.o(i.glcd_SelectPage1)
    glcd_SelectPage1                         0x000017d4   ARM Code      56  glcd.o(i.glcd_SelectPage1)
    i.glcd_SendData                          0x00001810   Section        0  glcd.o(i.glcd_SendData)
    glcd_SendData                            0x00001810   ARM Code     172  glcd.o(i.glcd_SendData)
    i.main                                   0x000018c0   Section        0  main.o(i.main)
    .data                                    0x40000000   Section      679  glcd.o(.data)
    .bss                                     0x400002a8   Section     1041  glcd.o(.bss)
    .bss                                     0x400006bc   Section       96  libspace.o(.bss)
    HEAP                                     0x40000720   Section        0  startup.o(HEAP)
    STACK                                    0x40000720   Section     1160  startup.o(STACK)
    Heap_Mem                                 0x40000720   Data           0  startup.o(HEAP)
    Stack_Mem                                0x40000720   Data        1024  startup.o(STACK)
    Stack_Top                                0x40000ba8   Data           0  startup.o(STACK)

    Global Symbols

    Symbol Name                              Value     Ov Type        Size  Object(Section)

    BuildAttributes$$THM_ISAv1$ARM_ISAv4$S$PE$A:L22$X:L11$S22$IEEE1$IW$USESV6$~STKCKD$USESV7$~SHL$OSPACE$ROPI$EBA8$UX$STANDARDLIB$REQ8$PRES8$EABIv2 0x00000000   Number         0  anon$$obj.o ABSOLUTE
    __ARM_use_no_argv                        0x00000000   Number         0  main.o ABSOLUTE
    __main                                   0x00000000   ARM Code       8  __main.o(!!!main)
    __ARM_exceptions_init                     - Undefined Weak Reference
    __alloca_initialize                       - Undefined Weak Reference
    __arm_preinit_                            - Undefined Weak Reference
    __cpp_initialize__aeabi_                  - Undefined Weak Reference
    __cxa_finalize                            - Undefined Weak Reference
    __rt_locale                               - Undefined Weak Reference
    __sigvec_lookup                           - Undefined Weak Reference
    _atexit_init                              - Undefined Weak Reference
    _call_atexit_fns                          - Undefined Weak Reference
    _clock_init                               - Undefined Weak Reference
    _fp_trap_init                             - Undefined Weak Reference
    _fp_trap_shutdown                         - Undefined Weak Reference
    _get_lc_collate                           - Undefined Weak Reference
    _get_lc_ctype                             - Undefined Weak Reference
    _get_lc_monetary                          - Undefined Weak Reference
    _get_lc_numeric                           - Undefined Weak Reference
    _get_lc_time                              - Undefined Weak Reference
    _getenv_init                              - Undefined Weak Reference
    _handle_redirection                       - Undefined Weak Reference
    _init_alloc                               - Undefined Weak Reference
    _init_user_alloc                          - Undefined Weak Reference
    _initio                                   - Undefined Weak Reference
    _rand_init                                - Undefined Weak Reference
    _signal_finish                            - Undefined Weak Reference
    _signal_init                              - Undefined Weak Reference
    _terminate_alloc                          - Undefined Weak Reference
    _terminate_user_alloc                     - Undefined Weak Reference
    _terminateio                              - Undefined Weak Reference
    __scatterload                            0x00000008   ARM Code       0  __scatter.o(!!!scatter)
    __scatterload_rt2                        0x00000008   ARM Code      52  __scatter.o(!!!scatter)
    __scatterload_null                       0x0000001c   ARM Code       0  __scatter.o(!!!scatter)
    __decompress                             0x00000044   ARM Code      92  __dczerorl2.o(!!dczerorl2)
    __decompress1                            0x00000044   ARM Code       0  __dczerorl2.o(!!dczerorl2)
    __scatterload_zeroinit                   0x000000a0   ARM Code      44  __scatter_zi.o(!!handler_zi)
    Inline ARM to Thumb Veneer to __rt_lib_init 0x000000cc   ARM Code       8  libinit.o(.ARM.Collect$$libinit$$00000000)
    __rt_lib_init                            0x000000d5   Thumb Code     0  libinit.o(.ARM.Collect$$libinit$$00000000)
    __rt_lib_init_alloca_1                   0x000000d7   Thumb Code     0  libinit2.o(.ARM.Collect$$libinit$$0000002E)
    __rt_lib_init_argv_1                     0x000000d7   Thumb Code     0  libinit2.o(.ARM.Collect$$libinit$$0000002C)
    __rt_lib_init_atexit_1                   0x000000d7   Thumb Code     0  libinit2.o(.ARM.Collect$$libinit$$0000001B)
    __rt_lib_init_clock_1                    0x000000d7   Thumb Code     0  libinit2.o(.ARM.Collect$$libinit$$00000021)
    __rt_lib_init_cpp_1                      0x000000d7   Thumb Code     0  libinit2.o(.ARM.Collect$$libinit$$00000032)
    __rt_lib_init_exceptions_1               0x000000d7   Thumb Code     0  libinit2.o(.ARM.Collect$$libinit$$00000030)
    __rt_lib_init_fp_1                       0x000000d7   Thumb Code     0  libinit2.o(.ARM.Collect$$libinit$$00000002)
    __rt_lib_init_fp_trap_1                  0x000000d7   Thumb Code     0  libinit2.o(.ARM.Collect$$libinit$$0000001F)
    __rt_lib_init_getenv_1                   0x000000d7   Thumb Code     0  libinit2.o(.ARM.Collect$$libinit$$00000023)
    __rt_lib_init_heap_1                     0x000000d7   Thumb Code     0  libinit2.o(.ARM.Collect$$libinit$$0000000A)
    __rt_lib_init_lc_collate_1               0x000000d7   Thumb Code     0  libinit2.o(.ARM.Collect$$libinit$$00000011)
    __rt_lib_init_lc_ctype_1                 0x000000d7   Thumb Code     0  libinit2.o(.ARM.Collect$$libinit$$00000013)
    __rt_lib_init_lc_monetary_1              0x000000d7   Thumb Code     0  libinit2.o(.ARM.Collect$$libinit$$00000015)
    __rt_lib_init_lc_numeric_1               0x000000d7   Thumb Code     0  libinit2.o(.ARM.Collect$$libinit$$00000017)
    __rt_lib_init_lc_time_1                  0x000000d7   Thumb Code     0  libinit2.o(.ARM.Collect$$libinit$$00000019)
    __rt_lib_init_preinit_1                  0x000000d7   Thumb Code     0  libinit2.o(.ARM.Collect$$libinit$$00000004)
    __rt_lib_init_rand_1                     0x000000d7   Thumb Code     0  libinit2.o(.ARM.Collect$$libinit$$0000000E)
    __rt_lib_init_return                     0x000000d7   Thumb Code     0  libinit2.o(.ARM.Collect$$libinit$$00000033)
    __rt_lib_init_signal_1                   0x000000d7   Thumb Code     0  libinit2.o(.ARM.Collect$$libinit$$0000001D)
    __rt_lib_init_stdio_1                    0x000000d7   Thumb Code     0  libinit2.o(.ARM.Collect$$libinit$$00000025)
    __rt_lib_init_user_alloc_1               0x000000d7   Thumb Code     0  libinit2.o(.ARM.Collect$$libinit$$0000000C)
    Inline ARM to Thumb Veneer to __rt_lib_shutdown 0x000000e4   ARM Code       8  libshutdown.o(.ARM.Collect$$libshutdown$$00000000)
    __rt_lib_shutdown                        0x000000ed   Thumb Code     0  libshutdown.o(.ARM.Collect$$libshutdown$$00000000)
    __rt_lib_shutdown_cpp_1                  0x000000f1   Thumb Code     0  libshutdown2.o(.ARM.Collect$$libshutdown$$00000002)
    __rt_lib_shutdown_fp_trap_1              0x000000f1   Thumb Code     0  libshutdown2.o(.ARM.Collect$$libshutdown$$00000007)
    __rt_lib_shutdown_heap_1                 0x000000f1   Thumb Code     0  libshutdown2.o(.ARM.Collect$$libshutdown$$0000000F)
    __rt_lib_shutdown_return                 0x000000f1   Thumb Code     0  libshutdown2.o(.ARM.Collect$$libshutdown$$00000010)
    __rt_lib_shutdown_signal_1               0x000000f1   Thumb Code     0  libshutdown2.o(.ARM.Collect$$libshutdown$$0000000A)
    __rt_lib_shutdown_stdio_1                0x000000f1   Thumb Code     0  libshutdown2.o(.ARM.Collect$$libshutdown$$00000004)
    __rt_lib_shutdown_user_alloc_1           0x000000f1   Thumb Code     0  libshutdown2.o(.ARM.Collect$$libshutdown$$0000000C)
    __rt_entry                               0x000000f8   ARM Code       0  __rtentry.o(.ARM.Collect$$rtentry$$00000000)
    __rt_entry_presh_1                       0x000000f8   ARM Code       0  __rtentry2.o(.ARM.Collect$$rtentry$$00000002)
    __rt_entry_sh                            0x000000f8   ARM Code       0  __rtentry4.o(.ARM.Collect$$rtentry$$00000004)
    __rt_entry_li                            0x00000100   ARM Code       0  __rtentry2.o(.ARM.Collect$$rtentry$$0000000A)
    __rt_entry_postsh_1                      0x00000100   ARM Code       0  __rtentry2.o(.ARM.Collect$$rtentry$$00000009)
    __rt_entry_main                          0x00000104   ARM Code       0  __rtentry2.o(.ARM.Collect$$rtentry$$0000000D)
    __rt_entry_postli_1                      0x00000104   ARM Code       0  __rtentry2.o(.ARM.Collect$$rtentry$$0000000C)
    Inline Thumb to ARM Veneer to __rt_exit  0x0000012d   Thumb Code     4  rtexit.o(.ARM.Collect$$rtexit$$00000000)
    __rt_exit                                0x00000130   ARM Code       0  rtexit.o(.ARM.Collect$$rtexit$$00000000)
    __rt_exit_ls                             0x00000134   ARM Code       0  rtexit2.o(.ARM.Collect$$rtexit$$00000003)
    __rt_exit_prels_1                        0x00000134   ARM Code       0  rtexit2.o(.ARM.Collect$$rtexit$$00000002)
    __rt_exit_exit                           0x00000138   ARM Code       0  rtexit2.o(.ARM.Collect$$rtexit$$00000004)
    __user_initial_stackheap                 0x00000140   ARM Code       0  startup.o(.text)
    __aeabi_idiv                             0x00000160   ARM Code       0  aeabi_sdiv.o(.text)
    __aeabi_idivmod                          0x00000160   ARM Code     384  aeabi_sdiv.o(.text)
    __use_two_region_memory                  0x000002e1   Thumb Code     2  heapauxi.o(.text)
    __rt_heap_escrow$2region                 0x000002e3   Thumb Code     2  heapauxi.o(.text)
    __rt_heap_expand$2region                 0x000002e5   Thumb Code     2  heapauxi.o(.text)
    __user_setup_stackheap                   0x000002e8   ARM Code      96  sys_stackheap_outer.o(.text)
    exit                                     0x00000349   Thumb Code    20  exit.o(.text)
    __user_libspace                          0x0000035c   ARM Code      12  libspace.o(.text)
    __user_perproc_libspace                  0x0000035c   ARM Code       0  libspace.o(.text)
    __user_perthread_libspace                0x0000035c   ARM Code       0  libspace.o(.text)
    Inline ARM to Thumb Veneer to _sys_exit  0x00000368   ARM Code       8  sys_exit.o(.text)
    _sys_exit                                0x00000371   Thumb Code     8  sys_exit.o(.text)
    __I$use$semihosting                      0x0000037c   ARM Code       0  use_no_semi.o(.text)
    __use_no_semihosting_swi                 0x0000037c   ARM Code       4  use_no_semi.o(.text)
    __aeabi_uidiv                            0x00000380   ARM Code       0  aeabi_sdiv.o(.text_udiv)
    __aeabi_uidivmod                         0x00000380   ARM Code      36  aeabi_sdiv.o(.text_udiv)
    __semihosting_library_function           0x00000380   ARM Code       0  indicate_semi.o(.text)
    DELAY_ms                                 0x000003a4   ARM Code      44  delay.o(i.DELAY_ms)
    DELAY_us                                 0x000003d0   ARM Code      52  delay.o(i.DELAY_us)
    GLCD_Clear                               0x00000404   ARM Code     100  glcd.o(i.GLCD_Clear)
    GLCD_DataRead                            0x00000468   ARM Code      44  glcd.o(i.GLCD_DataRead)
    GLCD_DisplayChar                         0x0000049c   ARM Code     176  glcd.o(i.GLCD_DisplayChar)
    GLCD_DisplayNumber                       0x00000554   ARM Code     340  glcd.o(i.GLCD_DisplayNumber)
    GLCD_DisplayString                       0x000006a8   ARM Code      40  glcd.o(i.GLCD_DisplayString)
    GLCD_DrawCircle                          0x000006d0   ARM Code     340  glcd.o(i.GLCD_DrawCircle)
    GLCD_DrawFillCircle                      0x00000824   ARM Code      84  glcd.o(i.GLCD_DrawFillCircle)
    GLCD_DrawFillRect                        0x00000878   ARM Code      96  glcd.o(i.GLCD_DrawFillRect)
    GLCD_DrawHoriLine                        0x000008d8   ARM Code     136  glcd.o(i.GLCD_DrawHoriLine)
    GLCD_DrawLine                            0x00000964   ARM Code     504  glcd.o(i.GLCD_DrawLine)
    GLCD_DrawRect                            0x00000b5c   ARM Code     136  glcd.o(i.GLCD_DrawRect)
    GLCD_DrawVertLine                        0x00000be4   ARM Code     112  glcd.o(i.GLCD_DrawVertLine)
    GLCD_GetXYData                           0x00000c58   ARM Code     152  glcd.o(i.GLCD_GetXYData)
    GLCD_GoToLine                            0x00000cf4   ARM Code      44  glcd.o(i.GLCD_GoToLine)
    GLCD_GoToNextLine                        0x00000d24   ARM Code      64  glcd.o(i.GLCD_GoToNextLine)
    GLCD_GoToPage                            0x00000d68   ARM Code      92  glcd.o(i.GLCD_GoToPage)
    GLCD_Init                                0x00000dc8   ARM Code     108  glcd.o(i.GLCD_Init)
    GLCD_InvertRect                          0x00000e38   ARM Code     168  glcd.o(i.GLCD_InvertRect)
    GLCD_Printf                              0x00000ee4   ARM Code     856  glcd.o(i.GLCD_Printf)
    GLCD_SetCursor                           0x0000123c   ARM Code     124  glcd.o(i.GLCD_SetCursor)
    GLCD_SetDot                              0x000012bc   ARM Code     128  glcd.o(i.GLCD_SetDot)
    GLCD_SetUp                               0x00001340   ARM Code     272  glcd.o(i.GLCD_SetUp)
    GPIO_PinDirection                        0x00001454   ARM Code     188  gpio.o(i.GPIO_PinDirection)
    GPIO_PinWrite                            0x00001514   ARM Code     188  gpio.o(i.GPIO_PinWrite)
    SystemInit                               0x000015d4   ARM Code     100  systeminit.o(i.SystemInit)
    glcd_BusyCheck                           0x0000163c   ARM Code      20  glcd.o(i.glcd_BusyCheck)
    glcd_CmdWrite                            0x00001650   ARM Code     108  glcd.o(i.glcd_CmdWrite)
    glcd_DataWrite                           0x000016c0   ARM Code     208  glcd.o(i.glcd_DataWrite)
    main                                     0x000018c0   ARM Code     712  main.o(i.main)
    Region$$Table$$Base                      0x00001b88   Number         0  anon$$obj.o(Region$$Table)
    Region$$Table$$Limit                     0x00001ba8   Number         0  anon$$obj.o(Region$$Table)
    ARR_GlcdFont_U8                          0x40000000   Data         679  glcd.o(.data)
    glcdConfig                               0x400002a8   Data          17  glcd.o(.bss)
    shadowBuffer                             0x400002b9   Data        1024  glcd.o(.bss)
    __libspace_start                         0x400006bc   Data          96  libspace.o(.bss)
    __temporary_stack_top$libspace           0x4000071c   Data           0  libspace.o(.bss)



==============================================================================

Memory Map of the image

  Image Entry point : 0x00000000

  Load Region LR_1 (Base: 0x00000000, Size: 0x00001e50, Max: 0xffffffff, ABSOLUTE, COMPRESSED[0x00001da4])

    Execution Region ER_RO (Base: 0x00000000, Size: 0x00001ba8, Max: 0xffffffff, ABSOLUTE)

    Base Addr    Size         Type   Attr      Idx    E Section Name        Object

    0x00000000   0x00000008   Code   RO          351  * !!!main             c_t.l(__main.o)
    0x00000008   0x0000003c   Code   RO          522    !!!scatter          c_t.l(__scatter.o)
    0x00000044   0x0000005c   Code   RO          520    !!dczerorl2         c_t.l(__dczerorl2.o)
    0x000000a0   0x0000002c   Code   RO          524    !!handler_zi        c_t.l(__scatter_zi.o)
    0x000000cc   0x00000008   Ven    RO          388    .ARM.Collect$$libinit$$00000000  c_t.l(libinit.o)
    0x000000d4   0x00000002   Code   RO          388    .ARM.Collect$$libinit$$00000000  c_t.l(libinit.o)
    0x000000d6   0x00000000   Code   RO          401    .ARM.Collect$$libinit$$00000002  c_t.l(libinit2.o)
    0x000000d6   0x00000000   Code   RO          403    .ARM.Collect$$libinit$$00000004  c_t.l(libinit2.o)
    0x000000d6   0x00000000   Code   RO          406    .ARM.Collect$$libinit$$0000000A  c_t.l(libinit2.o)
    0x000000d6   0x00000000   Code   RO          408    .ARM.Collect$$libinit$$0000000C  c_t.l(libinit2.o)
    0x000000d6   0x00000000   Code   RO          410    .ARM.Collect$$libinit$$0000000E  c_t.l(libinit2.o)
    0x000000d6   0x00000000   Code   RO          413    .ARM.Collect$$libinit$$00000011  c_t.l(libinit2.o)
    0x000000d6   0x00000000   Code   RO          415    .ARM.Collect$$libinit$$00000013  c_t.l(libinit2.o)
    0x000000d6   0x00000000   Code   RO          417    .ARM.Collect$$libinit$$00000015  c_t.l(libinit2.o)
    0x000000d6   0x00000000   Code   RO          419    .ARM.Collect$$libinit$$00000017  c_t.l(libinit2.o)
    0x000000d6   0x00000000   Code   RO          421    .ARM.Collect$$libinit$$00000019  c_t.l(libinit2.o)
    0x000000d6   0x00000000   Code   RO          423    .ARM.Collect$$libinit$$0000001B  c_t.l(libinit2.o)
    0x000000d6   0x00000000   Code   RO          425    .ARM.Collect$$libinit$$0000001D  c_t.l(libinit2.o)
    0x000000d6   0x00000000   Code   RO          427    .ARM.Collect$$libinit$$0000001F  c_t.l(libinit2.o)
    0x000000d6   0x00000000   Code   RO          429    .ARM.Collect$$libinit$$00000021  c_t.l(libinit2.o)
    0x000000d6   0x00000000   Code   RO          431    .ARM.Collect$$libinit$$00000023  c_t.l(libinit2.o)
    0x000000d6   0x00000000   Code   RO          433    .ARM.Collect$$libinit$$00000025  c_t.l(libinit2.o)
    0x000000d6   0x00000000   Code   RO          437    .ARM.Collect$$libinit$$0000002C  c_t.l(libinit2.o)
    0x000000d6   0x00000000   Code   RO          439    .ARM.Collect$$libinit$$0000002E  c_t.l(libinit2.o)
    0x000000d6   0x00000000   Code   RO          441    .ARM.Collect$$libinit$$00000030  c_t.l(libinit2.o)
    0x000000d6   0x00000000   Code   RO          443    .ARM.Collect$$libinit$$00000032  c_t.l(libinit2.o)
    0x000000d6   0x0000000c   Code   RO          444    .ARM.Collect$$libinit$$00000033  c_t.l(libinit2.o)
    0x000000e2   0x00000002   PAD
    0x000000e4   0x00000008   Ven    RO          477    .ARM.Collect$$libshutdown$$00000000  c_t.l(libshutdown.o)
    0x000000ec   0x00000004   Code   RO          477    .ARM.Collect$$libshutdown$$00000000  c_t.l(libshutdown.o)
    0x000000f0   0x00000000   Code   RO          503    .ARM.Collect$$libshutdown$$00000002  c_t.l(libshutdown2.o)
    0x000000f0   0x00000000   Code   RO          505    .ARM.Collect$$libshutdown$$00000004  c_t.l(libshutdown2.o)
    0x000000f0   0x00000000   Code   RO          508    .ARM.Collect$$libshutdown$$00000007  c_t.l(libshutdown2.o)
    0x000000f0   0x00000000   Code   RO          511    .ARM.Collect$$libshutdown$$0000000A  c_t.l(libshutdown2.o)
    0x000000f0   0x00000000   Code   RO          513    .ARM.Collect$$libshutdown$$0000000C  c_t.l(libshutdown2.o)
    0x000000f0   0x00000000   Code   RO          516    .ARM.Collect$$libshutdown$$0000000F  c_t.l(libshutdown2.o)
    0x000000f0   0x00000006   Code   RO          517    .ARM.Collect$$libshutdown$$00000010  c_t.l(libshutdown2.o)
    0x000000f6   0x00000002   PAD
    0x000000f8   0x00000000   Code   RO          353    .ARM.Collect$$rtentry$$00000000  c_t.l(__rtentry.o)
    0x000000f8   0x00000000   Code   RO          359    .ARM.Collect$$rtentry$$00000002  c_t.l(__rtentry2.o)
    0x000000f8   0x00000008   Code   RO          371    .ARM.Collect$$rtentry$$00000004  c_t.l(__rtentry4.o)
    0x00000100   0x00000000   Code   RO          361    .ARM.Collect$$rtentry$$00000009  c_t.l(__rtentry2.o)
    0x00000100   0x00000004   Code   RO          362    .ARM.Collect$$rtentry$$0000000A  c_t.l(__rtentry2.o)
    0x00000104   0x00000000   Code   RO          364    .ARM.Collect$$rtentry$$0000000C  c_t.l(__rtentry2.o)
    0x00000104   0x00000028   Code   RO          365    .ARM.Collect$$rtentry$$0000000D  c_t.l(__rtentry2.o)
    0x0000012c   0x00000004   Ven    RO          392    .ARM.Collect$$rtexit$$00000000  c_t.l(rtexit.o)
    0x00000130   0x00000004   Code   RO          392    .ARM.Collect$$rtexit$$00000000  c_t.l(rtexit.o)
    0x00000134   0x00000000   Code   RO          448    .ARM.Collect$$rtexit$$00000002  c_t.l(rtexit2.o)
    0x00000134   0x00000004   Code   RO          449    .ARM.Collect$$rtexit$$00000003  c_t.l(rtexit2.o)
    0x00000138   0x00000008   Code   RO          450    .ARM.Collect$$rtexit$$00000004  c_t.l(rtexit2.o)
    0x00000140   0x00000020   Code   RO            4    .text               startup.o
    0x00000160   0x00000180   Code   RO          333    .text               c_t.l(aeabi_sdiv.o)
    0x000002e0   0x00000006   Code   RO          349    .text               c_t.l(heapauxi.o)
    0x000002e6   0x00000002   PAD
    0x000002e8   0x00000060   Code   RO          375    .text               c_t.l(sys_stackheap_outer.o)
    0x00000348   0x00000014   Code   RO          377    .text               c_t.l(exit.o)
    0x0000035c   0x0000000c   Code   RO          389    .text               c_t.l(libspace.o)
    0x00000368   0x00000008   Ven    RO          445    .text               c_t.l(sys_exit.o)
    0x00000370   0x0000000c   Code   RO          445    .text               c_t.l(sys_exit.o)
    0x0000037c   0x00000004   Code   RO          466    .text               c_t.l(use_no_semi.o)
    0x00000380   0x00000000   Code   RO          468    .text               c_t.l(indicate_semi.o)
    0x00000380   0x00000024   Code   RO          334    .text_udiv          c_t.l(aeabi_sdiv.o)
    0x000003a4   0x0000002c   Code   RO          307    i.DELAY_ms          delay.o
    0x000003d0   0x00000034   Code   RO          309    i.DELAY_us          delay.o
    0x00000404   0x00000064   Code   RO           42    i.GLCD_Clear        glcd.o
    0x00000468   0x00000034   Code   RO           43    i.GLCD_DataRead     glcd.o
    0x0000049c   0x000000b8   Code   RO           45    i.GLCD_DisplayChar  glcd.o
    0x00000554   0x00000154   Code   RO           48    i.GLCD_DisplayNumber  glcd.o
    0x000006a8   0x00000028   Code   RO           49    i.GLCD_DisplayString  glcd.o
    0x000006d0   0x00000154   Code   RO           51    i.GLCD_DrawCircle   glcd.o
    0x00000824   0x00000054   Code   RO           52    i.GLCD_DrawFillCircle  glcd.o
    0x00000878   0x00000060   Code   RO           53    i.GLCD_DrawFillRect  glcd.o
    0x000008d8   0x0000008c   Code   RO           54    i.GLCD_DrawHoriLine  glcd.o
    0x00000964   0x000001f8   Code   RO           55    i.GLCD_DrawLine     glcd.o
    0x00000b5c   0x00000088   Code   RO           56    i.GLCD_DrawRect     glcd.o
    0x00000be4   0x00000074   Code   RO           58    i.GLCD_DrawVertLine  glcd.o
    0x00000c58   0x0000009c   Code   RO           61    i.GLCD_GetXYData    glcd.o
    0x00000cf4   0x00000030   Code   RO           62    i.GLCD_GoToLine     glcd.o
    0x00000d24   0x00000044   Code   RO           63    i.GLCD_GoToNextLine  glcd.o
    0x00000d68   0x00000060   Code   RO           64    i.GLCD_GoToPage     glcd.o
    0x00000dc8   0x00000070   Code   RO           65    i.GLCD_Init         glcd.o
    0x00000e38   0x000000ac   Code   RO           66    i.GLCD_InvertRect   glcd.o
    0x00000ee4   0x00000358   Code   RO           67    i.GLCD_Printf       glcd.o
    0x0000123c   0x00000080   Code   RO           68    i.GLCD_SetCursor    glcd.o
    0x000012bc   0x00000084   Code   RO           69    i.GLCD_SetDot       glcd.o
    0x00001340   0x00000114   Code   RO           70    i.GLCD_SetUp        glcd.o
    0x00001454   0x000000c0   Code   RO          277    i.GPIO_PinDirection  gpio.o
    0x00001514   0x000000c0   Code   RO          280    i.GPIO_PinWrite     gpio.o
    0x000015d4   0x00000068   Code   RO          262    i.SystemInit        systeminit.o
    0x0000163c   0x00000014   Code   RO           71    i.glcd_BusyCheck    glcd.o
    0x00001650   0x00000070   Code   RO           72    i.glcd_CmdWrite     glcd.o
    0x000016c0   0x000000d8   Code   RO           73    i.glcd_DataWrite    glcd.o
    0x00001798   0x0000003c   Code   RO           74    i.glcd_SelectPage0  glcd.o
    0x000017d4   0x0000003c   Code   RO           75    i.glcd_SelectPage1  glcd.o
    0x00001810   0x000000b0   Code   RO           76    i.glcd_SendData     glcd.o
    0x000018c0   0x000002c8   Code   RO           11    i.main              main.o
    0x00001b88   0x00000020   Data   RO          518    Region$$Table       anon$$obj.o


    Execution Region ER_RW (Base: 0x40000000, Size: 0x000002a8, Max: 0xffffffff, ABSOLUTE, COMPRESSED[0x000001fc])

    Base Addr    Size         Type   Attr      Idx    E Section Name        Object

    0x40000000   0x000002a7   Data   RW           78    .data               glcd.o


    Execution Region ER_ZI (Base: 0x400002a8, Size: 0x00000900, Max: 0xffffffff, ABSOLUTE)

    Base Addr    Size         Type   Attr      Idx    E Section Name        Object

    0x400002a8   0x00000411   Zero   RW           77    .bss                glcd.o
    0x400006b9   0x00000003   PAD
    0x400006bc   0x00000060   Zero   RW          390    .bss                c_t.l(libspace.o)
    0x4000071c   0x00000004   PAD
    0x40000720   0x00000000   Zero   RW            2    HEAP                startup.o
    0x40000720   0x00000488   Zero   RW            1    STACK               startup.o


==============================================================================

Image component sizes


      Code (inc. data)   RO Data    RW Data    ZI Data      Debug   Object Name

        96          0          0          0          0       1098   delay.o
      4820         84          0        679       1041      21163   glcd.o
       384          8          0          0          0       1280   gpio.o
       712         84          0          0          0      11119   main.o
        32         12          0          0       1160        284   startup.o
       104          4          0          0          0        485   systeminit.o

    ----------------------------------------------------------------------
      6148        192         32        680       2204      35429   Object Totals
         0          0         32          0          0          0   (incl. Generated)
         0          0          0          1          3          0   (incl. Padding)

    ----------------------------------------------------------------------

      Code (inc. data)   RO Data    RW Data    ZI Data      Debug   Library Member Name

        92          0          0          0          0          0   __dczerorl2.o
         8          0          0          0          0         68   __main.o
         0          0          0          0          0          0   __rtentry.o
        44          4          0          0          0          0   __rtentry2.o
         8          0          0          0          0          0   __rtentry4.o
        60          8          0          0          0          0   __scatter.o
        44          0          0          0          0          0   __scatter_zi.o
       420          0          0          0          0        148   aeabi_sdiv.o
        20          0          0          0          0         80   exit.o
         6          0          0          0          0        136   heapauxi.o
         0          0          0          0          0          0   indicate_semi.o
        10          0          0          0          0          0   libinit.o
        12          0          0          0          0          0   libinit2.o
        12          0          0          0          0          0   libshutdown.o
         6          0          0          0          0          0   libshutdown2.o
        12          4          0          0         96         68   libspace.o
         8          0          0          0          0          0   rtexit.o
        12          0          0          0          0          0   rtexit2.o
        20          4          0          0          0         60   sys_exit.o
        96          0          0          0          0         80   sys_stackheap_outer.o
         4          0          0          0          0         68   use_no_semi.o

    ----------------------------------------------------------------------
       900         20          0          0        100        708   Library Totals
         6          0          0          0          4          0   (incl. Padding)

    ----------------------------------------------------------------------

      Code (inc. data)   RO Data    RW Data    ZI Data      Debug   Library Name

       894         20          0          0         96        708   c_t.l

    ----------------------------------------------------------------------
       900         20          0          0        100        708   Library Totals

    ----------------------------------------------------------------------

==============================================================================


      Code (inc. data)   RO Data    RW Data    ZI Data      Debug   

      7048        212         32        680       2304      34329   Grand Totals
      7048        212         32        508       2304      34329   ELF Image Totals (compressed)
      7048        212         32        508          0          0   ROM Totals

==============================================================================

    Total RO  Size (Code + RO Data)                 7080 (   6.91kB)
    Total RW  Size (RW Data + ZI Data)              2984 (   2.91kB)
    Total ROM Size (Code + RO Data + RW Data)       7588 (   7.41kB)

==============================================================================

