<html>
<body>
<pre>
<h1>µVision Build Log</h1>
<h2>Project:</h2>
F:\GitHub\LPC2148\LPC2148_Stick\software\TutorialExamples\Lcd4BitExample2\Lcd4BitExample2.uvproj
Project File Date:  07/20/2016

<h2>Output:</h2>
Build target 'Target 1'
assembling Startup.s...
compiling delay.c...
compiling gpio.c...
compiling lcd.c...
compiling systemInit.c...
compiling main.c...
linking...
Program Size: Code=7276 RO-data=32 RW-data=8 ZI-data=1272  
FromELF: creating hex file...
"Lcd4BitExample2.axf" - 0 Error(s), 0 Warning(s).
Build target 'Target 1'
assembling Startup.s...
compiling delay.c...
compiling gpio.c...
compiling lcd.c...
compiling systemInit.c...
compiling main.c...
linking...
Program Size: Code=7276 RO-data=32 RW-data=8 ZI-data=1272  
FromELF: creating hex file...
"Lcd4BitExample2.axf" - 0 Error(s), 0 Warning(s).
Build target 'Target 1'
assembling Startup.s...
compiling delay.c...
compiling gpio.c...
compiling lcd.c...
compiling systemInit.c...
compiling main.c...
linking...
Program Size: Code=7276 RO-data=32 RW-data=8 ZI-data=1272  
FromELF: creating hex file...
"Lcd4BitExample2.axf" - 0 Error(s), 0 Warning(s).
