<html>
<body>
<pre>
<h1>µVision Build Log</h1>
<h2>Project:</h2>
F:\GitHub\LPC2148\LPC2148_Stick\SampleCodes\Keil_Sample_Code\08c-EepromWriteNumbers\08c-EepromWriteNumbers.uvproj
Project File Date:  07/25/2016

<h2>Output:</h2>
Build target 'Target 1'
assembling Startup.s...
linking...
08c-EepromWriteNumbers.axf: Warning: L6665W: Neither Lib$$Request$$armlib Lib$$Request$$cpplib defined, not searching ARM libraries.
08c-EepromWriteNumbers.axf: Error: L6411E: No compatible library exists with a definition of startup symbol __main.
Target not created
Build target 'Target 1'
assembling Startup.s...
linking...
08c-EepromWriteNumbers.axf: Warning: L6665W: Neither Lib$$Request$$armlib Lib$$Request$$cpplib defined, not searching ARM libraries.
08c-EepromWriteNumbers.axf: Error: L6411E: No compatible library exists with a definition of startup symbol __main.
Target not created
Build target 'Target 1'
assembling Startup.s...
compiling main.c...
compiling delay.c...
compiling eeprom.c...
compiling gpio.c...
compiling softi2c.c...
compiling systemInit.c...
compiling uart.c...
linking...
08c-EepromWriteNumbers.axf: Error: L6218E: Undefined symbol EEPROM_ReadNBytes (referred from main.o).
08c-EepromWriteNumbers.axf: Error: L6218E: Undefined symbol EEPROM_WriteNBytes (referred from main.o).
Target not created
Build target 'Target 1'
assembling Startup.s...
compiling main.c...
compiling delay.c...
compiling eeprom.c...
compiling gpio.c...
compiling softi2c.c...
compiling systemInit.c...
compiling uart.c...
linking...
08c-EepromWriteNumbers.axf: Error: L6218E: Undefined symbol EEPROM_ReadNBytes (referred from main.o).
08c-EepromWriteNumbers.axf: Error: L6218E: Undefined symbol EEPROM_WriteNBytes (referred from main.o).
Target not created
Build target 'Target 1'
assembling Startup.s...
compiling main.c...
compiling delay.c...
compiling eeprom.c...
compiling gpio.c...
compiling softi2c.c...
compiling systemInit.c...
compiling uart.c...
linking...
Program Size: Code=7344 RO-data=32 RW-data=20 ZI-data=1260  
FromELF: creating hex file...
"08c-EepromWriteNumbers.axf" - 0 Error(s), 0 Warning(s).
