<html>
<body>
<pre>
<h1>µVision Build Log</h1>
<h2>Project:</h2>
F:\GitHub\LPC2148\LPC2148_Stick\SampleCodes\Keil_Sample_Code\06d-UART_Tx_Numbers\06d-UART_Tx_Numbers.uvproj
Project File Date:  07/24/2016

<h2>Output:</h2>
Build target 'Target 1'
assembling Startup.s...
compiling main.c...
compiling delay.c...
compiling gpio.c...
compiling systemInit.c...
compiling uart.c...
linking...
Program Size: Code=5868 RO-data=16 RW-data=0 ZI-data=1256  
FromELF: creating hex file...
"06d-UART_Tx_Numbers.axf" - 0 Error(s), 0 Warning(s).
