<html>
<body>
<pre>
<h1>µVision Build Log</h1>
<h2>Project:</h2>
F:\GitHub\LPC2148\LPC2148_Stick\SampleCodes\Keil_Sample_Code\09a-RTC_UART\09a-RTC_UART.uvproj
Project File Date:  03/23/2016

<h2>Output:</h2>
Build target 'Target 1'
assembling Startup.s...
compiling main.c...
compiling gpio.c...
compiling rtc.c...
compiling systemInit.c...
compiling uart.c...
linking...
Program Size: Code=5220 RO-data=16 RW-data=0 ZI-data=1256  
User command #1: fromelf --bin Objects\09a-RTC_UART.axf --output 09a-RTC_UART.bin
".\Objects\09a-RTC_UART.axf" - 0 Error(s), 0 Warning(s).
Build target 'Target 1'
assembling Startup.s...
compiling main.c...
compiling gpio.c...
compiling rtc.c...
compiling systemInit.c...
compiling uart.c...
linking...
Program Size: Code=5220 RO-data=16 RW-data=0 ZI-data=1256  
User command #1: fromelf --bin Objects\09a-RTC_UART.axf --output 09a-RTC_UART.bin
".\Objects\09a-RTC_UART.axf" - 0 Error(s), 0 Warning(s).
Build target 'Target 1'
assembling Startup.s...
compiling main.c...
compiling gpio.c...
compiling rtc.c...
compiling systemInit.c...
compiling uart.c...
linking...
Program Size: Code=5220 RO-data=16 RW-data=0 ZI-data=1256  
FromELF: creating hex file...
User command #1: fromelf --bin Objects\09a-RTC_UART.axf --output 09a-RTC_UART.bin
".\Objects\09a-RTC_UART.axf" - 0 Error(s), 0 Warning(s).
Build target 'Target 1'
assembling Startup.s...
compiling main.c...
compiling gpio.c...
compiling rtc.c...
compiling systemInit.c...
compiling uart.c...
linking...
Program Size: Code=5220 RO-data=16 RW-data=0 ZI-data=1256  
FromELF: creating hex file...
User command #1: fromelf --bin Objects\09a-RTC_UART.axf --output 09a-RTC_UART.bin
".\Objects\09a-RTC_UART.axf" - 0 Error(s), 0 Warning(s).
Build target 'Target 1'
assembling Startup.s...
compiling main.c...
compiling gpio.c...
compiling rtc.c...
compiling systemInit.c...
compiling uart.c...
linking...
Program Size: Code=5220 RO-data=16 RW-data=0 ZI-data=1256  
FromELF: creating hex file...
User command #1: fromelf --bin Objects\09a-RTC_UART.axf --output 09a-RTC_UART.bin
".\Objects\09a-RTC_UART.axf" - 0 Error(s), 0 Warning(s).
Build target 'Target 1'
assembling Startup.s...
compiling main.c...
compiling gpio.c...
compiling rtc.c...
compiling systemInit.c...
compiling uart.c...
linking...
Program Size: Code=5220 RO-data=16 RW-data=0 ZI-data=1256  
FromELF: creating hex file...
User command #1: fromelf --bin Objects\09a-RTC_UART.axf --output 09a-RTC_UART.bin
".\Objects\09a-RTC_UART.axf" - 0 Error(s), 0 Warning(s).
