<html>
<body>
<pre>
<h1>µVision Build Log</h1>
<h2>Project:</h2>
F:\GitHub\LPC2148\LPC2148_Stick\SampleCodes\Keil_Sample_Code\11b-PWM_ADC_RGB_leds\11b-PWM_ADC_RGB_leds.uvproj
Project File Date:  07/25/2016

<h2>Output:</h2>
Build target 'Target 1'
assembling Startup.s...
compiling main.c...
main.c(31): error:  #5: cannot open source input file "systemInit.h": No such file or directory
compiling adc.c...
compiling delay.c...
compiling gpio.c...
compiling pwm.c...
compiling systemInit.c...
Target not created
Build target 'Target 1'
assembling Startup.s...
compiling main.c...
main.c(49): error:  #165: too few arguments in function call
main.c(50): error:  #165: too few arguments in function call
compiling adc.c...
compiling delay.c...
compiling gpio.c...
compiling pwm.c...
compiling systemInit.c...
Target not created
Build target 'Target 1'
assembling Startup.s...
compiling main.c...
main.c(50): error:  #165: too few arguments in function call
compiling adc.c...
compiling delay.c...
compiling gpio.c...
compiling pwm.c...
compiling systemInit.c...
Target not created
Build target 'Target 1'
assembling Startup.s...
compiling main.c...
compiling adc.c...
compiling delay.c...
compiling gpio.c...
compiling pwm.c...
compiling systemInit.c...
linking...
Program Size: Code=3388 RO-data=64 RW-data=4 ZI-data=1260  
FromELF: creating hex file...
"11b-PWM_ADC_RGB_leds.axf" - 0 Error(s), 0 Warning(s).
Build target 'Target 1'
assembling Startup.s...
compiling main.c...
compiling adc.c...
compiling delay.c...
compiling gpio.c...
compiling pwm.c...
compiling systemInit.c...
linking...
Program Size: Code=3388 RO-data=64 RW-data=4 ZI-data=1260  
FromELF: creating hex file...
"11b-PWM_ADC_RGB_leds.axf" - 0 Error(s), 0 Warning(s).
