<!doctype html public "-//w3c//dtd html 4.0 transitional//en">
<html><head>
<title>Static Call Graph - [F:\GitHub\LPC2148\LPC2148_Stick\SampleCodes\Keil_Sample_Code\11b-PWM_ADC_RGB_leds\11b-PWM_ADC_RGB_leds.axf]</title></head>
<body><HR>
<H1>Static Call Graph for image F:\GitHub\LPC2148\LPC2148_Stick\SampleCodes\Keil_Sample_Code\11b-PWM_ADC_RGB_leds\11b-PWM_ADC_RGB_leds.axf</H1><HR>
<BR><P>#&#060CALLGRAPH&#062# ARM Linker, 4.1 [Build 561]: Last Updated: Mon Jul 25 12:07:06 2016
<BR><P>
<H3>Maximum Stack Usage =         16 bytes + Unknown(Functions without stacksize, Cycles, Untraceable Function Pointers)</H3><H3>
Call chain for Maximum Stack Depth:</H3>
main &rArr; PWM_SetDutyCycle
<P>
<H3>
Functions with no stack information
</H3><UL>
 <LI><a href="#[2]">Reset_Handler</a>
 <LI><a href="#[26]">__user_initial_stackheap</a>
 <LI><a href="#[3]">Undef_Handler</a>
 <LI><a href="#[4]">SWI_Handler</a>
 <LI><a href="#[5]">PAbt_Handler</a>
 <LI><a href="#[6]">DAbt_Handler</a>
 <LI><a href="#[7]">IRQ_Handler</a>
 <LI><a href="#[8]">FIQ_Handler</a>
</UL>
</UL>
<P>
<H3>
Mutually Recursive functions
</H3> <LI><a href="#[3]">Undef_Handler</a>&nbsp;&nbsp;&nbsp;&rArr;&nbsp;&nbsp;&nbsp;<a href="#[3]">Undef_Handler</a><BR>
 <LI><a href="#[4]">SWI_Handler</a>&nbsp;&nbsp;&nbsp;&rArr;&nbsp;&nbsp;&nbsp;<a href="#[4]">SWI_Handler</a><BR>
 <LI><a href="#[5]">PAbt_Handler</a>&nbsp;&nbsp;&nbsp;&rArr;&nbsp;&nbsp;&nbsp;<a href="#[5]">PAbt_Handler</a><BR>
 <LI><a href="#[6]">DAbt_Handler</a>&nbsp;&nbsp;&nbsp;&rArr;&nbsp;&nbsp;&nbsp;<a href="#[6]">DAbt_Handler</a><BR>
 <LI><a href="#[7]">IRQ_Handler</a>&nbsp;&nbsp;&nbsp;&rArr;&nbsp;&nbsp;&nbsp;<a href="#[7]">IRQ_Handler</a><BR>
 <LI><a href="#[8]">FIQ_Handler</a>&nbsp;&nbsp;&nbsp;&rArr;&nbsp;&nbsp;&nbsp;<a href="#[8]">FIQ_Handler</a><BR>
</UL>
<P>
<H3>
Function Pointers
</H3><UL>
 <LI><a href="#[6]">DAbt_Handler</a> from startup.o(RESET) referenced from startup.o(RESET)
 <LI><a href="#[8]">FIQ_Handler</a> from startup.o(RESET) referenced from startup.o(RESET)
 <LI><a href="#[7]">IRQ_Handler</a> from startup.o(RESET) referenced from startup.o(RESET)
 <LI><a href="#[5]">PAbt_Handler</a> from startup.o(RESET) referenced from startup.o(RESET)
 <LI><a href="#[2]">Reset_Handler</a> from startup.o(RESET) referenced from startup.o(RESET)
 <LI><a href="#[4]">SWI_Handler</a> from startup.o(RESET) referenced from startup.o(RESET)
 <LI><a href="#[3]">Undef_Handler</a> from startup.o(RESET) referenced from startup.o(RESET)
 <LI><a href="#[b]">__main</a> from __main.o(!!!main) referenced from startup.o(RESET)
 <LI><a href="#[a]">main</a> from main.o(.text) referenced from rtentry2.o(.ARM.Collect$$rtentry$$0000000D)
</UL>
<P>
<H3>
Global Symbols
</H3>
<P><STRONG><a name="[2]"></a>Reset_Handler</STRONG> (ARM, 0 bytes, Stack size unknown bytes, startup.o(RESET))
<BR>[Address Reference Count : 1]<UL><LI> startup.o(RESET)
</UL>
<P><STRONG><a name="[b]"></a>__main</STRONG> (ARM, 8 bytes, Stack size 0 bytes, __main.o(!!!main))
<BR><BR>[Calls]<UL><LI><a href="#[c]">&gt;&gt;</a>&nbsp;&nbsp;&nbsp;__scatterload
<LI><a href="#[d]">&gt;&gt;</a>&nbsp;&nbsp;&nbsp;__rt_entry
</UL>

<P><STRONG><a name="[c]"></a>__scatterload</STRONG> (ARM, 0 bytes, Stack size unknown bytes, __scatter.o(!!!scatter))
<BR><BR>[Called By]<UL><LI><a href="#[b]">&gt;&gt;</a>&nbsp;&nbsp;&nbsp;__main
</UL>

<P><STRONG><a name="[e]"></a>__scatterload_rt2</STRONG> (ARM, 52 bytes, Stack size unknown bytes, __scatter.o(!!!scatter), UNUSED)
<BR><BR>[Calls]<UL><LI><a href="#[d]">&gt;&gt;</a>&nbsp;&nbsp;&nbsp;__rt_entry
</UL>

<P><STRONG><a name="[2a]"></a>__scatterload_null</STRONG> (ARM, 0 bytes, Stack size unknown bytes, __scatter.o(!!!scatter), UNUSED)

<P><STRONG><a name="[f]"></a>__scatterload_copy</STRONG> (ARM, 40 bytes, Stack size unknown bytes, __scatter_copy.o(!!handler_copy), UNUSED)
<BR><BR>[Calls]<UL><LI><a href="#[f]">&gt;&gt;</a>&nbsp;&nbsp;&nbsp;__scatterload_copy
</UL>
<BR>[Called By]<UL><LI><a href="#[f]">&gt;&gt;</a>&nbsp;&nbsp;&nbsp;__scatterload_copy
</UL>

<P><STRONG><a name="[2b]"></a>__scatterload_zeroinit</STRONG> (ARM, 44 bytes, Stack size unknown bytes, __scatter_zi.o(!!handler_zi), UNUSED)

<P><STRONG><a name="[10]"></a>__rt_lib_init</STRONG> (Thumb, 0 bytes, Stack size unknown bytes, libinit.o(.ARM.Collect$$libinit$$00000000))
<BR><BR>[Stack]<UL><LI>Max Depth = 8 + Unknown Stack Size
<LI>Call Chain = __rt_lib_init &rArr; _fp_init
</UL>
<BR>[Calls]<UL><LI><a href="#[11]">&gt;&gt;</a>&nbsp;&nbsp;&nbsp;_fp_init (via Veneer)
</UL>
<BR>[Called By]<UL><LI><a href="#[14]">&gt;&gt;</a>&nbsp;&nbsp;&nbsp;__rt_entry_li (via Veneer)
</UL>

<P><STRONG><a name="[2c]"></a>__rt_lib_init_alloca_1</STRONG> (Thumb, 0 bytes, Stack size unknown bytes, libinit2.o(.ARM.Collect$$libinit$$0000002A))

<P><STRONG><a name="[2d]"></a>__rt_lib_init_argv_1</STRONG> (Thumb, 0 bytes, Stack size unknown bytes, libinit2.o(.ARM.Collect$$libinit$$00000028))

<P><STRONG><a name="[2e]"></a>__rt_lib_init_atexit_1</STRONG> (Thumb, 0 bytes, Stack size unknown bytes, libinit2.o(.ARM.Collect$$libinit$$00000017))

<P><STRONG><a name="[2f]"></a>__rt_lib_init_clock_1</STRONG> (Thumb, 0 bytes, Stack size unknown bytes, libinit2.o(.ARM.Collect$$libinit$$0000001D))

<P><STRONG><a name="[30]"></a>__rt_lib_init_cpp_1</STRONG> (Thumb, 0 bytes, Stack size unknown bytes, libinit2.o(.ARM.Collect$$libinit$$0000002E))

<P><STRONG><a name="[31]"></a>__rt_lib_init_exceptions_1</STRONG> (Thumb, 0 bytes, Stack size unknown bytes, libinit2.o(.ARM.Collect$$libinit$$0000002C))

<P><STRONG><a name="[32]"></a>__rt_lib_init_fp_trap_1</STRONG> (Thumb, 0 bytes, Stack size unknown bytes, libinit2.o(.ARM.Collect$$libinit$$0000001B))

<P><STRONG><a name="[33]"></a>__rt_lib_init_getenv_1</STRONG> (Thumb, 0 bytes, Stack size unknown bytes, libinit2.o(.ARM.Collect$$libinit$$0000001F))

<P><STRONG><a name="[34]"></a>__rt_lib_init_heap_1</STRONG> (Thumb, 0 bytes, Stack size unknown bytes, libinit2.o(.ARM.Collect$$libinit$$00000006))

<P><STRONG><a name="[35]"></a>__rt_lib_init_lc_collate_1</STRONG> (Thumb, 0 bytes, Stack size unknown bytes, libinit2.o(.ARM.Collect$$libinit$$0000000D))

<P><STRONG><a name="[36]"></a>__rt_lib_init_lc_ctype_1</STRONG> (Thumb, 0 bytes, Stack size unknown bytes, libinit2.o(.ARM.Collect$$libinit$$0000000F))

<P><STRONG><a name="[37]"></a>__rt_lib_init_lc_monetary_1</STRONG> (Thumb, 0 bytes, Stack size unknown bytes, libinit2.o(.ARM.Collect$$libinit$$00000011))

<P><STRONG><a name="[38]"></a>__rt_lib_init_lc_numeric_1</STRONG> (Thumb, 0 bytes, Stack size unknown bytes, libinit2.o(.ARM.Collect$$libinit$$00000013))

<P><STRONG><a name="[39]"></a>__rt_lib_init_lc_time_1</STRONG> (Thumb, 0 bytes, Stack size unknown bytes, libinit2.o(.ARM.Collect$$libinit$$00000015))

<P><STRONG><a name="[3a]"></a>__rt_lib_init_rand_1</STRONG> (Thumb, 0 bytes, Stack size unknown bytes, libinit2.o(.ARM.Collect$$libinit$$0000000A))

<P><STRONG><a name="[3b]"></a>__rt_lib_init_return</STRONG> (Thumb, 0 bytes, Stack size unknown bytes, libinit2.o(.ARM.Collect$$libinit$$0000002F))

<P><STRONG><a name="[3c]"></a>__rt_lib_init_signal_1</STRONG> (Thumb, 0 bytes, Stack size unknown bytes, libinit2.o(.ARM.Collect$$libinit$$00000019))

<P><STRONG><a name="[3d]"></a>__rt_lib_init_stdio_1</STRONG> (Thumb, 0 bytes, Stack size unknown bytes, libinit2.o(.ARM.Collect$$libinit$$00000021))

<P><STRONG><a name="[3e]"></a>__rt_lib_init_user_alloc_1</STRONG> (Thumb, 0 bytes, Stack size unknown bytes, libinit2.o(.ARM.Collect$$libinit$$00000008))

<P><STRONG><a name="[18]"></a>__rt_lib_shutdown</STRONG> (Thumb, 0 bytes, Stack size unknown bytes, libshutdown.o(.ARM.Collect$$libshutdown$$00000000))
<BR><BR>[Called By]<UL><LI><a href="#[17]">&gt;&gt;</a>&nbsp;&nbsp;&nbsp;__rt_exit_ls (via Veneer)
</UL>

<P><STRONG><a name="[3f]"></a>__rt_lib_shutdown_fp_trap_1</STRONG> (Thumb, 0 bytes, Stack size unknown bytes, libshutdown2.o(.ARM.Collect$$libshutdown$$00000006))

<P><STRONG><a name="[40]"></a>__rt_lib_shutdown_heap_1</STRONG> (Thumb, 0 bytes, Stack size unknown bytes, libshutdown2.o(.ARM.Collect$$libshutdown$$0000000E))

<P><STRONG><a name="[41]"></a>__rt_lib_shutdown_return</STRONG> (Thumb, 0 bytes, Stack size unknown bytes, libshutdown2.o(.ARM.Collect$$libshutdown$$0000000F))

<P><STRONG><a name="[42]"></a>__rt_lib_shutdown_signal_1</STRONG> (Thumb, 0 bytes, Stack size unknown bytes, libshutdown2.o(.ARM.Collect$$libshutdown$$00000009))

<P><STRONG><a name="[43]"></a>__rt_lib_shutdown_stdio_1</STRONG> (Thumb, 0 bytes, Stack size unknown bytes, libshutdown2.o(.ARM.Collect$$libshutdown$$00000003))

<P><STRONG><a name="[44]"></a>__rt_lib_shutdown_user_alloc_1</STRONG> (Thumb, 0 bytes, Stack size unknown bytes, libshutdown2.o(.ARM.Collect$$libshutdown$$0000000B))

<P><STRONG><a name="[d]"></a>__rt_entry</STRONG> (ARM, 0 bytes, Stack size unknown bytes, rtentry.o(.ARM.Collect$$rtentry$$00000000))
<BR><BR>[Called By]<UL><LI><a href="#[e]">&gt;&gt;</a>&nbsp;&nbsp;&nbsp;__scatterload_rt2
<LI><a href="#[b]">&gt;&gt;</a>&nbsp;&nbsp;&nbsp;__main
</UL>

<P><STRONG><a name="[45]"></a>__rt_entry_presh_1</STRONG> (ARM, 0 bytes, Stack size unknown bytes, rtentry2.o(.ARM.Collect$$rtentry$$00000002))

<P><STRONG><a name="[12]"></a>__rt_entry_sh</STRONG> (ARM, 0 bytes, Stack size unknown bytes, rtentry4.o(.ARM.Collect$$rtentry$$00000004))
<BR><BR>[Stack]<UL><LI>Max Depth = 8 + Unknown Stack Size
<LI>Call Chain = __rt_entry_sh &rArr; __user_setup_stackheap
</UL>
<BR>[Calls]<UL><LI><a href="#[13]">&gt;&gt;</a>&nbsp;&nbsp;&nbsp;__user_setup_stackheap
</UL>

<P><STRONG><a name="[14]"></a>__rt_entry_li</STRONG> (ARM, 0 bytes, Stack size unknown bytes, rtentry2.o(.ARM.Collect$$rtentry$$0000000A))
<BR><BR>[Stack]<UL><LI>Max Depth = 8 + Unknown Stack Size
<LI>Call Chain = __rt_entry_li &rArr; __rt_lib_init &rArr; _fp_init
</UL>
<BR>[Calls]<UL><LI><a href="#[10]">&gt;&gt;</a>&nbsp;&nbsp;&nbsp;__rt_lib_init (via Veneer)
</UL>

<P><STRONG><a name="[46]"></a>__rt_entry_postsh_1</STRONG> (ARM, 0 bytes, Stack size unknown bytes, rtentry2.o(.ARM.Collect$$rtentry$$00000009))

<P><STRONG><a name="[15]"></a>__rt_entry_main</STRONG> (ARM, 0 bytes, Stack size unknown bytes, rtentry2.o(.ARM.Collect$$rtentry$$0000000D))
<BR><BR>[Calls]<UL><LI><a href="#[16]">&gt;&gt;</a>&nbsp;&nbsp;&nbsp;exit (via BX)
</UL>

<P><STRONG><a name="[47]"></a>__rt_entry_postli_1</STRONG> (ARM, 0 bytes, Stack size unknown bytes, rtentry2.o(.ARM.Collect$$rtentry$$0000000C))

<P><STRONG><a name="[28]"></a>__rt_exit</STRONG> (ARM, 0 bytes, Stack size unknown bytes, rtexit.o(.ARM.Collect$$rtexit$$00000000))
<BR><BR>[Called By]<UL><LI><a href="#[16]">&gt;&gt;</a>&nbsp;&nbsp;&nbsp;exit (via Veneer)
</UL>

<P><STRONG><a name="[17]"></a>__rt_exit_ls</STRONG> (ARM, 0 bytes, Stack size unknown bytes, rtexit2.o(.ARM.Collect$$rtexit$$00000003))
<BR><BR>[Calls]<UL><LI><a href="#[18]">&gt;&gt;</a>&nbsp;&nbsp;&nbsp;__rt_lib_shutdown (via Veneer)
</UL>

<P><STRONG><a name="[48]"></a>__rt_exit_prels_1</STRONG> (ARM, 0 bytes, Stack size unknown bytes, rtexit2.o(.ARM.Collect$$rtexit$$00000002))

<P><STRONG><a name="[19]"></a>__rt_exit_exit</STRONG> (ARM, 0 bytes, Stack size unknown bytes, rtexit2.o(.ARM.Collect$$rtexit$$00000004))
<BR><BR>[Calls]<UL><LI><a href="#[1a]">&gt;&gt;</a>&nbsp;&nbsp;&nbsp;_sys_exit (via Veneer)
</UL>

<P><STRONG><a name="[26]"></a>__user_initial_stackheap</STRONG> (ARM, 0 bytes, Stack size unknown bytes, startup.o(.text))
<BR><BR>[Called By]<UL><LI><a href="#[13]">&gt;&gt;</a>&nbsp;&nbsp;&nbsp;__user_setup_stackheap
</UL>

<P><STRONG><a name="[a]"></a>main</STRONG> (ARM, 140 bytes, Stack size 0 bytes, main.o(.text))
<BR><BR>[Stack]<UL><LI>Max Depth = 16<LI>Call Chain = main &rArr; PWM_SetDutyCycle
</UL>
<BR>[Calls]<UL><LI><a href="#[1b]">&gt;&gt;</a>&nbsp;&nbsp;&nbsp;SystemInit
<LI><a href="#[1e]">&gt;&gt;</a>&nbsp;&nbsp;&nbsp;PWM_Start
<LI><a href="#[20]">&gt;&gt;</a>&nbsp;&nbsp;&nbsp;PWM_SetDutyCycle
<LI><a href="#[1d]">&gt;&gt;</a>&nbsp;&nbsp;&nbsp;PWM_Init
<LI><a href="#[1c]">&gt;&gt;</a>&nbsp;&nbsp;&nbsp;ADC_Init
<LI><a href="#[1f]">&gt;&gt;</a>&nbsp;&nbsp;&nbsp;ADC_GetAdcValue
</UL>
<BR>[Address Reference Count : 1]<UL><LI> rtentry2.o(.ARM.Collect$$rtentry$$0000000D)
</UL>
<P><STRONG><a name="[1c]"></a>ADC_Init</STRONG> (ARM, 32 bytes, Stack size 0 bytes, adc.o(.text))
<BR><BR>[Called By]<UL><LI><a href="#[a]">&gt;&gt;</a>&nbsp;&nbsp;&nbsp;main
</UL>

<P><STRONG><a name="[1f]"></a>ADC_GetAdcValue</STRONG> (ARM, 336 bytes, Stack size 16 bytes, adc.o(.text))
<BR><BR>[Stack]<UL><LI>Max Depth = 16<LI>Call Chain = ADC_GetAdcValue
</UL>
<BR>[Calls]<UL><LI><a href="#[21]">&gt;&gt;</a>&nbsp;&nbsp;&nbsp;GPIO_PinFunction
<LI><a href="#[22]">&gt;&gt;</a>&nbsp;&nbsp;&nbsp;DELAY_us
</UL>
<BR>[Called By]<UL><LI><a href="#[a]">&gt;&gt;</a>&nbsp;&nbsp;&nbsp;main
</UL>

<P><STRONG><a name="[22]"></a>DELAY_us</STRONG> (ARM, 52 bytes, Stack size 0 bytes, delay.o(.text))
<BR><BR>[Called By]<UL><LI><a href="#[23]">&gt;&gt;</a>&nbsp;&nbsp;&nbsp;DELAY_ms
<LI><a href="#[1f]">&gt;&gt;</a>&nbsp;&nbsp;&nbsp;ADC_GetAdcValue
</UL>

<P><STRONG><a name="[23]"></a>DELAY_ms</STRONG> (ARM, 44 bytes, Stack size 12 bytes, delay.o(.text), UNUSED)
<BR><BR>[Calls]<UL><LI><a href="#[22]">&gt;&gt;</a>&nbsp;&nbsp;&nbsp;DELAY_us
</UL>
<BR>[Called By]<UL><LI><a href="#[24]">&gt;&gt;</a>&nbsp;&nbsp;&nbsp;DELAY_sec
</UL>

<P><STRONG><a name="[24]"></a>DELAY_sec</STRONG> (ARM, 44 bytes, Stack size 12 bytes, delay.o(.text), UNUSED)
<BR><BR>[Calls]<UL><LI><a href="#[23]">&gt;&gt;</a>&nbsp;&nbsp;&nbsp;DELAY_ms
</UL>

<P><STRONG><a name="[21]"></a>GPIO_PinFunction</STRONG> (ARM, 224 bytes, Stack size 0 bytes, gpio.o(.text))
<BR><BR>[Called By]<UL><LI><a href="#[20]">&gt;&gt;</a>&nbsp;&nbsp;&nbsp;PWM_SetDutyCycle
<LI><a href="#[1f]">&gt;&gt;</a>&nbsp;&nbsp;&nbsp;ADC_GetAdcValue
</UL>

<P><STRONG><a name="[49]"></a>GPIO_PinDirection</STRONG> (ARM, 188 bytes, Stack size 4 bytes, gpio.o(.text), UNUSED)

<P><STRONG><a name="[4a]"></a>GPIO_PinWrite</STRONG> (ARM, 188 bytes, Stack size 4 bytes, gpio.o(.text), UNUSED)

<P><STRONG><a name="[4b]"></a>GPIO_PinRead</STRONG> (ARM, 144 bytes, Stack size 4 bytes, gpio.o(.text), UNUSED)

<P><STRONG><a name="[1d]"></a>PWM_Init</STRONG> (ARM, 56 bytes, Stack size 0 bytes, pwm.o(.text))
<BR><BR>[Called By]<UL><LI><a href="#[1e]">&gt;&gt;</a>&nbsp;&nbsp;&nbsp;PWM_Start
<LI><a href="#[20]">&gt;&gt;</a>&nbsp;&nbsp;&nbsp;PWM_SetDutyCycle
<LI><a href="#[a]">&gt;&gt;</a>&nbsp;&nbsp;&nbsp;main
</UL>

<P><STRONG><a name="[20]"></a>PWM_SetDutyCycle</STRONG> (ARM, 428 bytes, Stack size 16 bytes, pwm.o(.text))
<BR><BR>[Stack]<UL><LI>Max Depth = 16<LI>Call Chain = PWM_SetDutyCycle
</UL>
<BR>[Calls]<UL><LI><a href="#[21]">&gt;&gt;</a>&nbsp;&nbsp;&nbsp;GPIO_PinFunction
<LI><a href="#[1d]">&gt;&gt;</a>&nbsp;&nbsp;&nbsp;PWM_Init
</UL>
<BR>[Called By]<UL><LI><a href="#[a]">&gt;&gt;</a>&nbsp;&nbsp;&nbsp;main
</UL>

<P><STRONG><a name="[1e]"></a>PWM_Start</STRONG> (ARM, 328 bytes, Stack size 8 bytes, pwm.o(.text))
<BR><BR>[Stack]<UL><LI>Max Depth = 8<LI>Call Chain = PWM_Start
</UL>
<BR>[Calls]<UL><LI><a href="#[1d]">&gt;&gt;</a>&nbsp;&nbsp;&nbsp;PWM_Init
</UL>
<BR>[Called By]<UL><LI><a href="#[a]">&gt;&gt;</a>&nbsp;&nbsp;&nbsp;main
</UL>

<P><STRONG><a name="[4c]"></a>PWM_Stop</STRONG> (ARM, 280 bytes, Stack size 0 bytes, pwm.o(.text), UNUSED)

<P><STRONG><a name="[1b]"></a>SystemInit</STRONG> (ARM, 96 bytes, Stack size 0 bytes, systeminit.o(.text))
<BR><BR>[Called By]<UL><LI><a href="#[a]">&gt;&gt;</a>&nbsp;&nbsp;&nbsp;main
</UL>

<P><STRONG><a name="[4d]"></a>__use_two_region_memory</STRONG> (Thumb, 2 bytes, Stack size 0 bytes, heapauxi.o(.text), UNUSED)

<P><STRONG><a name="[4e]"></a>__rt_heap_escrow$2region</STRONG> (Thumb, 2 bytes, Stack size 0 bytes, heapauxi.o(.text), UNUSED)

<P><STRONG><a name="[4f]"></a>__rt_heap_expand$2region</STRONG> (Thumb, 2 bytes, Stack size 0 bytes, heapauxi.o(.text), UNUSED)

<P><STRONG><a name="[13]"></a>__user_setup_stackheap</STRONG> (ARM, 96 bytes, Stack size 8 bytes, sys_stackheap_outer.o(.text))
<BR><BR>[Stack]<UL><LI>Max Depth = 8 + Unknown Stack Size
<LI>Call Chain = __user_setup_stackheap
</UL>
<BR>[Calls]<UL><LI><a href="#[25]">&gt;&gt;</a>&nbsp;&nbsp;&nbsp;__user_perproc_libspace
<LI><a href="#[26]">&gt;&gt;</a>&nbsp;&nbsp;&nbsp;__user_initial_stackheap
</UL>
<BR>[Called By]<UL><LI><a href="#[12]">&gt;&gt;</a>&nbsp;&nbsp;&nbsp;__rt_entry_sh
</UL>

<P><STRONG><a name="[16]"></a>exit</STRONG> (Thumb, 12 bytes, Stack size 0 bytes, exit.o(.text))
<BR><BR>[Calls]<UL><LI><a href="#[28]">&gt;&gt;</a>&nbsp;&nbsp;&nbsp;__rt_exit (via Veneer)
<LI><a href="#[27]">&gt;&gt;</a>&nbsp;&nbsp;&nbsp;_call_atexit_fns (Weak Reference)
</UL>
<BR>[Called By]<UL><LI><a href="#[15]">&gt;&gt;</a>&nbsp;&nbsp;&nbsp;__rt_entry_main
</UL>

<P><STRONG><a name="[50]"></a>__user_libspace</STRONG> (ARM, 12 bytes, Stack size 0 bytes, libspace.o(.text), UNUSED)

<P><STRONG><a name="[25]"></a>__user_perproc_libspace</STRONG> (ARM, 0 bytes, Stack size 0 bytes, libspace.o(.text))
<BR><BR>[Called By]<UL><LI><a href="#[13]">&gt;&gt;</a>&nbsp;&nbsp;&nbsp;__user_setup_stackheap
</UL>

<P><STRONG><a name="[51]"></a>__user_perthread_libspace</STRONG> (ARM, 0 bytes, Stack size 0 bytes, libspace.o(.text), UNUSED)

<P><STRONG><a name="[29]"></a>__rt_fp_status_addr</STRONG> (ARM, 12 bytes, Stack size 0 bytes, rt_fp_status_addr_intlibspace.o(.text))
<BR><BR>[Called By]<UL><LI><a href="#[11]">&gt;&gt;</a>&nbsp;&nbsp;&nbsp;_fp_init
</UL>

<P><STRONG><a name="[1a]"></a>_sys_exit</STRONG> (Thumb, 8 bytes, Stack size 0 bytes, sys_exit.o(.text))
<BR><BR>[Called By]<UL><LI><a href="#[19]">&gt;&gt;</a>&nbsp;&nbsp;&nbsp;__rt_exit_exit (via Veneer)
</UL>

<P><STRONG><a name="[52]"></a>__I$use$semihosting</STRONG> (ARM, 0 bytes, Stack size 0 bytes, use_no_semi.o(.text), UNUSED)

<P><STRONG><a name="[53]"></a>__use_no_semihosting_swi</STRONG> (ARM, 4 bytes, Stack size 0 bytes, use_no_semi.o(.text), UNUSED)

<P><STRONG><a name="[11]"></a>_fp_init</STRONG> (ARM, 24 bytes, Stack size 8 bytes, fpinit.o(x$fpl$fpinit))
<BR><BR>[Stack]<UL><LI>Max Depth = 8<LI>Call Chain = _fp_init
</UL>
<BR>[Calls]<UL><LI><a href="#[29]">&gt;&gt;</a>&nbsp;&nbsp;&nbsp;__rt_fp_status_addr
</UL>
<BR>[Called By]<UL><LI><a href="#[10]">&gt;&gt;</a>&nbsp;&nbsp;&nbsp;__rt_lib_init (via Veneer)
</UL>

<P><STRONG><a name="[54]"></a>__fplib_config_pureend_doubles</STRONG> (ARM, 0 bytes, Stack size unknown bytes, fpinit.o(x$fpl$fpinit), UNUSED)
<P>
<H3>
Local Symbols
</H3>
<P><STRONG><a name="[3]"></a>Undef_Handler</STRONG> (ARM, 4 bytes, Stack size unknown bytes, startup.o(RESET))
<BR><BR>[Calls]<UL><LI><a href="#[3]">&gt;&gt;</a>&nbsp;&nbsp;&nbsp;Undef_Handler
</UL>
<BR>[Called By]<UL><LI><a href="#[3]">&gt;&gt;</a>&nbsp;&nbsp;&nbsp;Undef_Handler
</UL>
<BR>[Address Reference Count : 1]<UL><LI> startup.o(RESET)
</UL>
<P><STRONG><a name="[4]"></a>SWI_Handler</STRONG> (ARM, 4 bytes, Stack size unknown bytes, startup.o(RESET))
<BR><BR>[Calls]<UL><LI><a href="#[4]">&gt;&gt;</a>&nbsp;&nbsp;&nbsp;SWI_Handler
</UL>
<BR>[Called By]<UL><LI><a href="#[4]">&gt;&gt;</a>&nbsp;&nbsp;&nbsp;SWI_Handler
</UL>
<BR>[Address Reference Count : 1]<UL><LI> startup.o(RESET)
</UL>
<P><STRONG><a name="[5]"></a>PAbt_Handler</STRONG> (ARM, 4 bytes, Stack size unknown bytes, startup.o(RESET))
<BR><BR>[Calls]<UL><LI><a href="#[5]">&gt;&gt;</a>&nbsp;&nbsp;&nbsp;PAbt_Handler
</UL>
<BR>[Called By]<UL><LI><a href="#[5]">&gt;&gt;</a>&nbsp;&nbsp;&nbsp;PAbt_Handler
</UL>
<BR>[Address Reference Count : 1]<UL><LI> startup.o(RESET)
</UL>
<P><STRONG><a name="[6]"></a>DAbt_Handler</STRONG> (ARM, 4 bytes, Stack size unknown bytes, startup.o(RESET))
<BR><BR>[Calls]<UL><LI><a href="#[6]">&gt;&gt;</a>&nbsp;&nbsp;&nbsp;DAbt_Handler
</UL>
<BR>[Called By]<UL><LI><a href="#[6]">&gt;&gt;</a>&nbsp;&nbsp;&nbsp;DAbt_Handler
</UL>
<BR>[Address Reference Count : 1]<UL><LI> startup.o(RESET)
</UL>
<P><STRONG><a name="[7]"></a>IRQ_Handler</STRONG> (ARM, 4 bytes, Stack size unknown bytes, startup.o(RESET))
<BR><BR>[Calls]<UL><LI><a href="#[7]">&gt;&gt;</a>&nbsp;&nbsp;&nbsp;IRQ_Handler
</UL>
<BR>[Called By]<UL><LI><a href="#[7]">&gt;&gt;</a>&nbsp;&nbsp;&nbsp;IRQ_Handler
</UL>
<BR>[Address Reference Count : 1]<UL><LI> startup.o(RESET)
</UL>
<P><STRONG><a name="[8]"></a>FIQ_Handler</STRONG> (ARM, 4 bytes, Stack size unknown bytes, startup.o(RESET))
<BR><BR>[Calls]<UL><LI><a href="#[8]">&gt;&gt;</a>&nbsp;&nbsp;&nbsp;FIQ_Handler
</UL>
<BR>[Called By]<UL><LI><a href="#[8]">&gt;&gt;</a>&nbsp;&nbsp;&nbsp;FIQ_Handler
</UL>
<BR>[Address Reference Count : 1]<UL><LI> startup.o(RESET)
</UL><P>
<H3>
Undefined Global Symbols
</H3>
<P><STRONG><a name="[27]"></a>_call_atexit_fns</STRONG> (ARM, 0 bytes, Stack size 0 bytes, UNDEFINED)
<BR><BR>[Called By]<UL><LI><a href="#[16]">&gt;&gt;</a>&nbsp;&nbsp;&nbsp;exit
</UL>
<HR></body></html>
