<html>
<body>
<pre>
<h1>µVision Build Log</h1>
<h2>Project:</h2>
F:\GitHub\LPC2148\LPC2148_Stick\SampleCodes\Keil_Sample_Code\07d-ADC_LCD\07d-ADC_LCD.uvproj
Project File Date:  07/25/2016

<h2>Output:</h2>
Build target 'Target 1'
assembling Startup.s...
compiling main.c...
main.c(36): error:  #5: cannot open source input file "LPC17xx.h": No such file or directory
compiling adc.c...
compiling delay.c...
compiling gpio.c...
compiling lcd.c...
compiling systemInit.c...
Target not created
Build target 'Target 1'
assembling Startup.s...
compiling main.c...
compiling adc.c...
compiling delay.c...
compiling gpio.c...
compiling lcd.c...
compiling systemInit.c...
linking...
Program Size: Code=8884 RO-data=64 RW-data=8 ZI-data=1272  
FromELF: creating hex file...
"07d-ADC_LCD.axf" - 0 Error(s), 0 Warning(s).
Build target 'Target 1'
assembling Startup.s...
compiling main.c...
compiling adc.c...
compiling delay.c...
compiling gpio.c...
compiling lcd.c...
compiling systemInit.c...
linking...
Program Size: Code=8884 RO-data=64 RW-data=8 ZI-data=1272  
FromELF: creating hex file...
"07d-ADC_LCD.axf" - 0 Error(s), 0 Warning(s).
