<html>
<body>
<pre>
<h1>µVision Build Log</h1>
<h2>Project:</h2>
F:\GitHub\LPC2148\LPC2148_Stick\software\TutorialExamples\SwitchLed1\SwitchLed1.uvproj
Project File Date:  07/20/2016

<h2>Output:</h2>
Build target 'Target 1'
assembling Startup.s...
compiling main.c...
linking...
Program Size: Code=548 RO-data=16 RW-data=0 ZI-data=1256  
"SwitchLed1.axf" - 0 Error(s), 0 Warning(s).
Build target 'Target 1'
assembling Startup.s...
compiling main.c...
linking...
Program Size: Code=548 RO-data=16 RW-data=0 ZI-data=1256  
FromELF: creating hex file...
"SwitchLed1.axf" - 0 Error(s), 0 Warning(s).
Build target 'Target 1'
assembling Startup.s...
compiling main.c...
linking...
Program Size: Code=820 RO-data=16 RW-data=0 ZI-data=1256  
FromELF: creating hex file...
"SwitchLed1.axf" - 0 Error(s), 0 Warning(s).
