<html>
<body>
<pre>
<h1>µVision Build Log</h1>
<h2>Project:</h2>
F:\GitHub\LPC2148\LPC2148_Stick\software\TutorialExamples\LedBlinking2\LedBlinking2.uvproj
Project File Date:  07/20/2016

<h2>Output:</h2>
Build target 'Target 1'
assembling Startup.s...
compiling main.c...
linking...
Program Size: Code=596 RO-data=16 RW-data=0 ZI-data=1256  
FromELF: creating hex file...
"LedBlinking2.axf" - 0 Error(s), 0 Warning(s).
Build target 'Target 1'
assembling Startup.s...
compiling main.c...
linking...
Program Size: Code=868 RO-data=16 RW-data=0 ZI-data=1256  
FromELF: creating hex file...
"LedBlinking2.axf" - 0 Error(s), 0 Warning(s).
Build target 'Target 1'
assembling Startup.s...
compiling main.c...
linking...
Program Size: Code=868 RO-data=16 RW-data=0 ZI-data=1256  
FromELF: creating hex file...
"LedBlinking2.axf" - 0 Error(s), 0 Warning(s).
Build target 'Target 1'
compiling main.c...
main.c(26): warning:  #1-D: last line of file ends without a newline
linking...
Program Size: Code=868 RO-data=16 RW-data=0 ZI-data=1256  
FromELF: creating hex file...
"LedBlinking2.axf" - 0 Error(s), 1 Warning(s).
Build target 'Target 1'
assembling Startup.s...
compiling main.c...
linking...
Program Size: Code=868 RO-data=16 RW-data=0 ZI-data=1256  
FromELF: creating hex file...
"LedBlinking2.axf" - 0 Error(s), 0 Warning(s).
