<html>
<body>
<pre>
<h1>µVision Build Log</h1>
<h2>Project:</h2>
D:\code\LPC2148_Code\Adc_Test\Adc_Test.uvproj
Project File Date:  08/24/2015

<h2>Output:</h2>
Build target 'Target 1'
assembling Startup.s...
compiling adc.c...
adc.c(123): warning:  #61-D: integer operation result is out of range
adc.c(123): warning:  #68-D: integer conversion resulted in a change of sign
adc.c(138): warning:  #61-D: integer operation result is out of range
adc.c(138): warning:  #68-D: integer conversion resulted in a change of sign
compiling delay.c...
compiling gpio.c...
compiling main.c...
uart.h(56): warning:  #47-D: incompatible redefinition of macro "pclk" (declared at line 66 of "adc.h")
main.c(7): warning:  #951-D: return type of function "main" must be "int"
main.c(9): warning:  #177-D: variable "temp_raw" was declared but never referenced
main.c(10): warning:  #550-D: variable "voltage" was set but never used
compiling uart.c...
compiling lcd.c...
lcd.c(679): warning:  #550-D: variable "var_floatNum_f32" was set but never used
linking...
Program Size: Code=6120 RO-data=48 RW-data=0 ZI-data=1256  
FromELF: creating hex file...
"Adc_Test.axf" - 0 Error(s), 9 Warning(s).
